<?xml version="1.0"?>
<link_info>
   <banner>TI ARM Linker PC v5.2.2</banner>
   <copyright>Copyright (c) 1996-2015 Texas Instruments Incorporated</copyright>
   <link_time>0x55a816ad</link_time>
   <link_errors>0x0</link_errors>
   <output_file>AntennaController.out</output_file>
   <entry_point>
      <name>_c_int00</name>
      <address>0x4390d</address>
   </entry_point>
   <input_file_list>
      <input_file id="fl-2">
         <path>.\</path>
         <kind>object</kind>
         <file>enet_fs.obj</file>
         <name>enet_fs.obj</name>
      </input_file>
      <input_file id="fl-3">
         <path>.\</path>
         <kind>object</kind>
         <file>enet_lwip.obj</file>
         <name>enet_lwip.obj</name>
      </input_file>
      <input_file id="fl-4">
         <path>.\</path>
         <kind>object</kind>
         <file>startup_ccs.obj</file>
         <name>startup_ccs.obj</name>
      </input_file>
      <input_file id="fl-5">
         <path>.\utils\</path>
         <kind>object</kind>
         <file>locator.obj</file>
         <name>locator.obj</name>
      </input_file>
      <input_file id="fl-6">
         <path>.\utils\</path>
         <kind>object</kind>
         <file>lwiplib.obj</file>
         <name>lwiplib.obj</name>
      </input_file>
      <input_file id="fl-7">
         <path>.\utils\</path>
         <kind>object</kind>
         <file>uartstdio.obj</file>
         <name>uartstdio.obj</name>
      </input_file>
      <input_file id="fl-8">
         <path>.\utils\</path>
         <kind>object</kind>
         <file>ustdlib.obj</file>
         <name>ustdlib.obj</name>
      </input_file>
      <input_file id="fl-9">
         <path>.\third_party\lwip-1.4.1\apps\httpserver_raw\</path>
         <kind>object</kind>
         <file>httpd.obj</file>
         <name>httpd.obj</name>
      </input_file>
      <input_file id="fl-a">
         <path>.\third_party\fatfs\src\</path>
         <kind>object</kind>
         <file>ff.obj</file>
         <name>ff.obj</name>
      </input_file>
      <input_file id="fl-b">
         <path>.\third_party\fatfs\port\</path>
         <kind>object</kind>
         <file>mmc-ek-tm4c1294xl.obj</file>
         <name>mmc-ek-tm4c1294xl.obj</name>
      </input_file>
      <input_file id="fl-c">
         <path>.\drivers\</path>
         <kind>object</kind>
         <file>pinout.obj</file>
         <name>pinout.obj</name>
      </input_file>
      <input_file id="fl-133">
         <path>D:\Desenvolvimento\TI\ccsv6\tools\compiler\ti-cgt-arm_5.2.2\lib\</path>
         <kind>archive</kind>
         <file>rtsv7M4_T_le_v4SPD16_eabi.lib</file>
         <name>boot.obj</name>
      </input_file>
      <input_file id="fl-134">
         <path>D:\Desenvolvimento\TI\ccsv6\tools\compiler\ti-cgt-arm_5.2.2\lib\</path>
         <kind>archive</kind>
         <file>rtsv7M4_T_le_v4SPD16_eabi.lib</file>
         <name>copy_decompress_none.obj</name>
      </input_file>
      <input_file id="fl-135">
         <path>D:\Desenvolvimento\TI\ccsv6\tools\compiler\ti-cgt-arm_5.2.2\lib\</path>
         <kind>archive</kind>
         <file>rtsv7M4_T_le_v4SPD16_eabi.lib</file>
         <name>copy_decompress_rle.obj</name>
      </input_file>
      <input_file id="fl-136">
         <path>D:\Desenvolvimento\TI\ccsv6\tools\compiler\ti-cgt-arm_5.2.2\lib\</path>
         <kind>archive</kind>
         <file>rtsv7M4_T_le_v4SPD16_eabi.lib</file>
         <name>copy_zero_init.obj</name>
      </input_file>
      <input_file id="fl-137">
         <path>D:\Desenvolvimento\TI\ccsv6\tools\compiler\ti-cgt-arm_5.2.2\lib\</path>
         <kind>archive</kind>
         <file>rtsv7M4_T_le_v4SPD16_eabi.lib</file>
         <name>exit.obj</name>
      </input_file>
      <input_file id="fl-138">
         <path>D:\Desenvolvimento\TI\ccsv6\tools\compiler\ti-cgt-arm_5.2.2\lib\</path>
         <kind>archive</kind>
         <file>rtsv7M4_T_le_v4SPD16_eabi.lib</file>
         <name>memcmp.obj</name>
      </input_file>
      <input_file id="fl-139">
         <path>D:\Desenvolvimento\TI\ccsv6\tools\compiler\ti-cgt-arm_5.2.2\lib\</path>
         <kind>archive</kind>
         <file>rtsv7M4_T_le_v4SPD16_eabi.lib</file>
         <name>memcpy_t2.obj</name>
      </input_file>
      <input_file id="fl-13a">
         <path>D:\Desenvolvimento\TI\ccsv6\tools\compiler\ti-cgt-arm_5.2.2\lib\</path>
         <kind>archive</kind>
         <file>rtsv7M4_T_le_v4SPD16_eabi.lib</file>
         <name>memset_t2.obj</name>
      </input_file>
      <input_file id="fl-13b">
         <path>D:\Desenvolvimento\TI\ccsv6\tools\compiler\ti-cgt-arm_5.2.2\lib\</path>
         <kind>archive</kind>
         <file>rtsv7M4_T_le_v4SPD16_eabi.lib</file>
         <name>pre_init.obj</name>
      </input_file>
      <input_file id="fl-13c">
         <path>D:\Desenvolvimento\TI\ccsv6\tools\compiler\ti-cgt-arm_5.2.2\lib\</path>
         <kind>archive</kind>
         <file>rtsv7M4_T_le_v4SPD16_eabi.lib</file>
         <name>stkdepth_vars.obj</name>
      </input_file>
      <input_file id="fl-13d">
         <path>D:\Desenvolvimento\TI\ccsv6\tools\compiler\ti-cgt-arm_5.2.2\lib\</path>
         <kind>archive</kind>
         <file>rtsv7M4_T_le_v4SPD16_eabi.lib</file>
         <name>strchr.obj</name>
      </input_file>
      <input_file id="fl-13e">
         <path>D:\Desenvolvimento\TI\ccsv6\tools\compiler\ti-cgt-arm_5.2.2\lib\</path>
         <kind>archive</kind>
         <file>rtsv7M4_T_le_v4SPD16_eabi.lib</file>
         <name>strcmp.obj</name>
      </input_file>
      <input_file id="fl-13f">
         <path>D:\Desenvolvimento\TI\ccsv6\tools\compiler\ti-cgt-arm_5.2.2\lib\</path>
         <kind>archive</kind>
         <file>rtsv7M4_T_le_v4SPD16_eabi.lib</file>
         <name>strlen.obj</name>
      </input_file>
      <input_file id="fl-140">
         <path>D:\Desenvolvimento\TI\ccsv6\tools\compiler\ti-cgt-arm_5.2.2\lib\</path>
         <kind>archive</kind>
         <file>rtsv7M4_T_le_v4SPD16_eabi.lib</file>
         <name>strncmp.obj</name>
      </input_file>
      <input_file id="fl-141">
         <path>D:\Desenvolvimento\TI\ccsv6\tools\compiler\ti-cgt-arm_5.2.2\lib\</path>
         <kind>archive</kind>
         <file>rtsv7M4_T_le_v4SPD16_eabi.lib</file>
         <name>strstr.obj</name>
      </input_file>
      <input_file id="fl-142">
         <path>D:\Desenvolvimento\TI\ccsv6\tools\compiler\ti-cgt-arm_5.2.2\lib\</path>
         <kind>archive</kind>
         <file>rtsv7M4_T_le_v4SPD16_eabi.lib</file>
         <name>u_divt2.obj</name>
      </input_file>
      <input_file id="fl-143">
         <path>D:\Desenvolvimento\TI\ccsv6\tools\compiler\ti-cgt-arm_5.2.2\lib\</path>
         <kind>archive</kind>
         <file>rtsv7M4_T_le_v4SPD16_eabi.lib</file>
         <name>_lock.obj</name>
      </input_file>
      <input_file id="fl-144">
         <path>D:\Desenvolvimento\TI\ccsv6\tools\compiler\ti-cgt-arm_5.2.2\lib\</path>
         <kind>archive</kind>
         <file>rtsv7M4_T_le_v4SPD16_eabi.lib</file>
         <name>args_main.obj</name>
      </input_file>
      <input_file id="fl-145">
         <path>D:\Desenvolvimento\TI\ccsv6\tools\compiler\ti-cgt-arm_5.2.2\lib\</path>
         <kind>archive</kind>
         <file>rtsv7M4_T_le_v4SPD16_eabi.lib</file>
         <name>autoinit.obj</name>
      </input_file>
      <input_file id="fl-146">
         <path>D:\Desenvolvimento\TI\ccsv6\tools\compiler\ti-cgt-arm_5.2.2\lib\</path>
         <kind>archive</kind>
         <file>rtsv7M4_T_le_v4SPD16_eabi.lib</file>
         <name>cpy_tbl.obj</name>
      </input_file>
      <input_file id="fl-147">
         <path>D:\Desenvolvimento\tiva-c-master\driverlib\ccs\Debug\</path>
         <kind>archive</kind>
         <file>driverlib.lib</file>
         <name>systick.obj</name>
      </input_file>
      <input_file id="fl-148">
         <path>D:\Desenvolvimento\tiva-c-master\driverlib\ccs\Debug\</path>
         <kind>archive</kind>
         <file>driverlib.lib</file>
         <name>sysctl.obj</name>
      </input_file>
      <input_file id="fl-149">
         <path>D:\Desenvolvimento\tiva-c-master\driverlib\ccs\Debug\</path>
         <kind>archive</kind>
         <file>driverlib.lib</file>
         <name>interrupt.obj</name>
      </input_file>
      <input_file id="fl-14a">
         <path>D:\Desenvolvimento\tiva-c-master\driverlib\ccs\Debug\</path>
         <kind>archive</kind>
         <file>driverlib.lib</file>
         <name>gpio.obj</name>
      </input_file>
      <input_file id="fl-14b">
         <path>D:\Desenvolvimento\tiva-c-master\driverlib\ccs\Debug\</path>
         <kind>archive</kind>
         <file>driverlib.lib</file>
         <name>flash.obj</name>
      </input_file>
      <input_file id="fl-14c">
         <path>D:\Desenvolvimento\tiva-c-master\driverlib\ccs\Debug\</path>
         <kind>archive</kind>
         <file>driverlib.lib</file>
         <name>emac.obj</name>
      </input_file>
      <input_file id="fl-14d">
         <path>D:\Desenvolvimento\tiva-c-master\driverlib\ccs\Debug\</path>
         <kind>archive</kind>
         <file>driverlib.lib</file>
         <name>cpu.obj</name>
      </input_file>
      <input_file id="fl-14e">
         <path>D:\Desenvolvimento\tiva-c-master\driverlib\ccs\Debug\</path>
         <kind>archive</kind>
         <file>driverlib.lib</file>
         <name>sw_crc.obj</name>
      </input_file>
   </input_file_list>
   <object_component_list>
      <object_component id="oc-f">
         <name>.intvecs</name>
         <load_address>0x0</load_address>
         <run_address>0x0</run_address>
         <size>0x200</size>
         <input_file_ref idref="fl-4"/>
      </object_component>
      <object_component id="oc-77f">
         <name>.text:tcp_receive</name>
         <load_address>0x3d348</load_address>
         <run_address>0x3d348</run_address>
         <size>0x7bc</size>
         <input_file_ref idref="fl-6"/>
      </object_component>
      <object_component id="oc-51d">
         <name>.text:tcp_input</name>
         <load_address>0x3db04</load_address>
         <run_address>0x3db04</run_address>
         <size>0x3b0</size>
         <input_file_ref idref="fl-6"/>
      </object_component>
      <object_component id="oc-643">
         <name>.text:tcp_process</name>
         <load_address>0x3deb4</load_address>
         <run_address>0x3deb4</run_address>
         <size>0x3b0</size>
         <input_file_ref idref="fl-6"/>
      </object_component>
      <object_component id="oc-8c7">
         <name>.text:chk_mounted</name>
         <load_address>0x3e264</load_address>
         <run_address>0x3e264</run_address>
         <size>0x304</size>
         <input_file_ref idref="fl-a"/>
      </object_component>
      <object_component id="oc-85a">
         <name>.text:tcp_write</name>
         <load_address>0x3e568</load_address>
         <run_address>0x3e568</run_address>
         <size>0x2ec</size>
         <input_file_ref idref="fl-6"/>
      </object_component>
      <object_component id="oc-2cb">
         <name>.text:tcp_slowtmr</name>
         <load_address>0x3e854</load_address>
         <run_address>0x3e854</run_address>
         <size>0x2c8</size>
         <input_file_ref idref="fl-6"/>
      </object_component>
      <object_component id="oc-52e">
         <name>.text:uvsnprintf</name>
         <load_address>0x3eb1c</load_address>
         <run_address>0x3eb1c</run_address>
         <size>0x24d</size>
         <input_file_ref idref="fl-8"/>
      </object_component>
      <object_component id="oc-36">
         <name>.text:FaultISR</name>
         <load_address>0x3ed6a</load_address>
         <run_address>0x3ed6a</run_address>
         <size>0x2</size>
         <input_file_ref idref="fl-4"/>
      </object_component>
      <object_component id="oc-1b8">
         <name>.text:PinoutSet</name>
         <load_address>0x3ed6c</load_address>
         <run_address>0x3ed6c</run_address>
         <size>0x214</size>
         <input_file_ref idref="fl-c"/>
      </object_component>
      <object_component id="oc-1b2">
         <name>.text:SysCtlClockFreqSet</name>
         <load_address>0x3ef80</load_address>
         <run_address>0x3ef80</run_address>
         <size>0x1fc</size>
         <input_file_ref idref="fl-148"/>
      </object_component>
      <object_component id="oc-30c">
         <name>.text:UARTvprintf</name>
         <load_address>0x3f17c</load_address>
         <run_address>0x3f17c</run_address>
         <size>0x1ea</size>
         <input_file_ref idref="fl-7"/>
      </object_component>
      <object_component id="oc-3c">
         <name>.text:IntDefaultHandler</name>
         <load_address>0x3f366</load_address>
         <run_address>0x3f366</run_address>
         <size>0x2</size>
         <input_file_ref idref="fl-4"/>
      </object_component>
      <object_component id="oc-de">
         <name>.text:main</name>
         <load_address>0x3f368</load_address>
         <run_address>0x3f368</run_address>
         <size>0x1c0</size>
         <input_file_ref idref="fl-3"/>
      </object_component>
      <object_component id="oc-3c3">
         <name>.text:ip_input</name>
         <load_address>0x3f528</load_address>
         <run_address>0x3f528</run_address>
         <size>0x1a8</size>
         <input_file_ref idref="fl-6"/>
      </object_component>
      <object_component id="oc-74a">
         <name>.text:http_send_data</name>
         <load_address>0x3f6d0</load_address>
         <run_address>0x3f6d0</run_address>
         <size>0x1a0</size>
         <input_file_ref idref="fl-9"/>
      </object_component>
      <object_component id="oc-517">
         <name>.text:udp_input</name>
         <load_address>0x3f870</load_address>
         <run_address>0x3f870</run_address>
         <size>0x194</size>
         <input_file_ref idref="fl-6"/>
      </object_component>
      <object_component id="oc-3d8">
         <name>.text:tcp_output</name>
         <load_address>0x3fa04</load_address>
         <run_address>0x3fa04</run_address>
         <size>0x190</size>
         <input_file_ref idref="fl-6"/>
      </object_component>
      <object_component id="oc-523">
         <name>.text:icmp_input</name>
         <load_address>0x3fb94</load_address>
         <run_address>0x3fb94</run_address>
         <size>0x184</size>
         <input_file_ref idref="fl-6"/>
      </object_component>
      <object_component id="oc-862">
         <name>.text:f_read</name>
         <load_address>0x3fd18</load_address>
         <run_address>0x3fd18</run_address>
         <size>0x15e</size>
         <input_file_ref idref="fl-a"/>
      </object_component>
      <object_component id="oc-30">
         <name>.text:NmiSR</name>
         <load_address>0x3fe76</load_address>
         <run_address>0x3fe76</run_address>
         <size>0x2</size>
         <input_file_ref idref="fl-4"/>
      </object_component>
      <object_component id="oc-798">
         <name>.text:tcp_close_shutdown</name>
         <load_address>0x3fe78</load_address>
         <run_address>0x3fe78</run_address>
         <size>0x148</size>
         <input_file_ref idref="fl-6"/>
      </object_component>
      <object_component id="oc-879">
         <name>.text:f_open</name>
         <load_address>0x3ffc0</load_address>
         <run_address>0x3ffc0</run_address>
         <size>0x144</size>
         <input_file_ref idref="fl-a"/>
      </object_component>
      <object_component id="oc-976">
         <name>.text:disk_initialize</name>
         <load_address>0x40104</load_address>
         <run_address>0x40104</run_address>
         <size>0x140</size>
         <input_file_ref idref="fl-b"/>
      </object_component>
      <object_component id="oc-10b">
         <name>.text:tivaif_receive</name>
         <load_address>0x40244</load_address>
         <run_address>0x40244</run_address>
         <size>0x140</size>
         <input_file_ref idref="fl-6"/>
      </object_component>
      <object_component id="oc-224">
         <name>.text:pbuf_alloc</name>
         <load_address>0x40384</load_address>
         <run_address>0x40384</run_address>
         <size>0x136</size>
         <input_file_ref idref="fl-6"/>
      </object_component>
      <object_component id="oc-2f3">
         <name>.text:GPIOPadConfigSet</name>
         <load_address>0x404ba</load_address>
         <run_address>0x404ba</run_address>
         <size>0x130</size>
         <input_file_ref idref="fl-14a"/>
      </object_component>
      <object_component id="oc-3b7">
         <name>.text:etharp_arp_input</name>
         <load_address>0x405ec</load_address>
         <run_address>0x405ec</run_address>
         <size>0x124</size>
         <input_file_ref idref="fl-6"/>
      </object_component>
      <object_component id="oc-985">
         <name>.text:create_name</name>
         <load_address>0x40710</load_address>
         <run_address>0x40710</run_address>
         <size>0x123</size>
         <input_file_ref idref="fl-a"/>
      </object_component>
      <object_component id="oc-596">
         <name>.text:etharp_output</name>
         <load_address>0x40834</load_address>
         <run_address>0x40834</run_address>
         <size>0x118</size>
         <input_file_ref idref="fl-6"/>
      </object_component>
      <object_component id="oc-70b">
         <name>.text:etharp_query</name>
         <load_address>0x4094c</load_address>
         <run_address>0x4094c</run_address>
         <size>0x114</size>
         <input_file_ref idref="fl-6"/>
      </object_component>
      <object_component id="oc-637">
         <name>.text:tcp_listen_input</name>
         <load_address>0x40a60</load_address>
         <run_address>0x40a60</run_address>
         <size>0x114</size>
         <input_file_ref idref="fl-6"/>
      </object_component>
      <object_component id="oc-59c">
         <name>.text:tivaif_transmit</name>
         <load_address>0x40b74</load_address>
         <run_address>0x40b74</run_address>
         <size>0x100</size>
         <input_file_ref idref="fl-6"/>
      </object_component>
      <object_component id="oc-a1c">
         <name>.text:dir_next</name>
         <load_address>0x40c74</load_address>
         <run_address>0x40c74</run_address>
         <size>0xf8</size>
         <input_file_ref idref="fl-a"/>
      </object_component>
      <object_component id="oc-366">
         <name>.text:mem_malloc</name>
         <load_address>0x40d6c</load_address>
         <run_address>0x40d6c</run_address>
         <size>0xf8</size>
         <input_file_ref idref="fl-6"/>
      </object_component>
      <object_component id="oc-114">
         <name>.text:lwIPHostTimerHandler</name>
         <load_address>0x40e64</load_address>
         <run_address>0x40e64</run_address>
         <size>0xf4</size>
         <input_file_ref idref="fl-3"/>
      </object_component>
      <object_component id="oc-9f5">
         <name>.text:power_on</name>
         <load_address>0x40f58</load_address>
         <run_address>0x40f58</run_address>
         <size>0xf0</size>
         <input_file_ref idref="fl-b"/>
      </object_component>
      <object_component id="oc-1ee">
         <name>.text:lwIPInit</name>
         <load_address>0x41048</load_address>
         <run_address>0x41048</run_address>
         <size>0xec</size>
         <input_file_ref idref="fl-6"/>
      </object_component>
      <object_component id="oc-625">
         <name>.text:mem_trim</name>
         <load_address>0x41134</load_address>
         <run_address>0x41134</run_address>
         <size>0xe8</size>
         <input_file_ref idref="fl-6"/>
      </object_component>
      <object_component id="oc-9a8">
         <name>.text:put_fat</name>
         <load_address>0x4121c</load_address>
         <run_address>0x4121c</run_address>
         <size>0xe2</size>
         <input_file_ref idref="fl-a"/>
      </object_component>
      <object_component id="oc-618">
         <name>.text:etharp_find_entry</name>
         <load_address>0x41300</load_address>
         <run_address>0x41300</run_address>
         <size>0xe0</size>
         <input_file_ref idref="fl-6"/>
      </object_component>
      <object_component id="oc-884">
         <name>.text:get_http_headers</name>
         <load_address>0x413e0</load_address>
         <run_address>0x413e0</run_address>
         <size>0xe0</size>
         <input_file_ref idref="fl-9"/>
      </object_component>
      <object_component id="oc-5a3">
         <name>.text:tcp_alloc</name>
         <load_address>0x414c0</load_address>
         <run_address>0x414c0</run_address>
         <size>0xd0</size>
         <input_file_ref idref="fl-6"/>
      </object_component>
      <object_component id="oc-8a3">
         <name>.text:get_fat</name>
         <load_address>0x41590</load_address>
         <run_address>0x41590</run_address>
         <size>0xcc</size>
         <input_file_ref idref="fl-a"/>
      </object_component>
      <object_component id="oc-373">
         <name>.text:udp_sendto_if</name>
         <load_address>0x4165c</load_address>
         <run_address>0x4165c</run_address>
         <size>0xc8</size>
         <input_file_ref idref="fl-6"/>
      </object_component>
      <object_component id="oc-6c8">
         <name>.text:InitDMADescriptors</name>
         <load_address>0x41724</load_address>
         <run_address>0x41724</run_address>
         <size>0xc4</size>
         <input_file_ref idref="fl-6"/>
      </object_component>
      <object_component id="oc-4ee">
         <name>.text:etharp_raw</name>
         <load_address>0x417e8</load_address>
         <run_address>0x417e8</run_address>
         <size>0xc4</size>
         <input_file_ref idref="fl-6"/>
      </object_component>
      <object_component id="oc-53c">
         <name>.text:tcp_output_segment</name>
         <load_address>0x418ac</load_address>
         <run_address>0x418ac</run_address>
         <size>0xc0</size>
         <input_file_ref idref="fl-6"/>
      </object_component>
      <object_component id="oc-8af">
         <name>.text:disk_write</name>
         <load_address>0x4196c</load_address>
         <run_address>0x4196c</run_address>
         <size>0xbc</size>
         <input_file_ref idref="fl-b"/>
      </object_component>
      <object_component id="oc-80f">
         <name>.text:tcp_create_segment</name>
         <load_address>0x41a28</load_address>
         <run_address>0x41a28</run_address>
         <size>0xbc</size>
         <input_file_ref idref="fl-6"/>
      </object_component>
      <object_component id="oc-590">
         <name>.text:tivaif_hwinit</name>
         <load_address>0x41ae4</load_address>
         <run_address>0x41ae4</run_address>
         <size>0xbc</size>
         <input_file_ref idref="fl-6"/>
      </object_component>
      <object_component id="oc-771">
         <name>.text:tcp_enqueue_flags</name>
         <load_address>0x41ba0</load_address>
         <run_address>0x41ba0</run_address>
         <size>0xa8</size>
         <input_file_ref idref="fl-6"/>
      </object_component>
      <object_component id="oc-29c">
         <name>.text:ethernet_input</name>
         <load_address>0x41c48</load_address>
         <run_address>0x41c48</run_address>
         <size>0xa4</size>
         <input_file_ref idref="fl-6"/>
      </object_component>
      <object_component id="oc-4dd">
         <name>.text:ip_output_if</name>
         <load_address>0x41cec</load_address>
         <run_address>0x41cec</run_address>
         <size>0xa4</size>
         <input_file_ref idref="fl-6"/>
      </object_component>
      <object_component id="oc-744">
         <name>.text:http_parse_request</name>
         <load_address>0x41d90</load_address>
         <run_address>0x41d90</run_address>
         <size>0x9e</size>
         <input_file_ref idref="fl-9"/>
      </object_component>
      <object_component id="oc-51">
         <name>.text</name>
         <load_address>0x41e2e</load_address>
         <run_address>0x41e2e</run_address>
         <size>0x9c</size>
         <input_file_ref idref="fl-139"/>
      </object_component>
      <object_component id="oc-4a7">
         <name>.text:tcp_listen_with_backlog</name>
         <load_address>0x41ecc</load_address>
         <run_address>0x41ecc</run_address>
         <size>0x9c</size>
         <input_file_ref idref="fl-6"/>
      </object_component>
      <object_component id="oc-a36">
         <name>.text:create_chain</name>
         <load_address>0x41f68</load_address>
         <run_address>0x41f68</run_address>
         <size>0x98</size>
         <input_file_ref idref="fl-a"/>
      </object_component>
      <object_component id="oc-665">
         <name>.text:pbuf_copy</name>
         <load_address>0x42000</load_address>
         <run_address>0x42000</run_address>
         <size>0x92</size>
         <input_file_ref idref="fl-6"/>
      </object_component>
      <object_component id="oc-8b5">
         <name>.text:disk_read</name>
         <load_address>0x42094</load_address>
         <run_address>0x42094</run_address>
         <size>0x90</size>
         <input_file_ref idref="fl-b"/>
      </object_component>
      <object_component id="oc-777">
         <name>.text:tcp_abandon</name>
         <load_address>0x42124</load_address>
         <run_address>0x42124</run_address>
         <size>0x90</size>
         <input_file_ref idref="fl-6"/>
      </object_component>
      <object_component id="oc-842">
         <name>.text:fs_open</name>
         <load_address>0x421b4</load_address>
         <run_address>0x421b4</run_address>
         <size>0x8c</size>
         <input_file_ref idref="fl-2"/>
      </object_component>
      <object_component id="oc-3ed">
         <name>.text:tcp_zero_window_probe</name>
         <load_address>0x42240</load_address>
         <run_address>0x42240</run_address>
         <size>0x8c</size>
         <input_file_ref idref="fl-6"/>
      </object_component>
      <object_component id="oc-33a">
         <name>.text:LocatorReceive</name>
         <load_address>0x422cc</load_address>
         <run_address>0x422cc</run_address>
         <size>0x88</size>
         <input_file_ref idref="fl-5"/>
      </object_component>
      <object_component id="oc-63d">
         <name>.text:tcp_timewait_input</name>
         <load_address>0x42354</load_address>
         <run_address>0x42354</run_address>
         <size>0x84</size>
         <input_file_ref idref="fl-6"/>
      </object_component>
      <object_component id="oc-32d">
         <name>.text:lwIPPrivateInit</name>
         <load_address>0x423d8</load_address>
         <run_address>0x423d8</run_address>
         <size>0x80</size>
         <input_file_ref idref="fl-6"/>
      </object_component>
      <object_component id="oc-76b">
         <name>.text:tcp_parseopt</name>
         <load_address>0x42458</load_address>
         <run_address>0x42458</run_address>
         <size>0x80</size>
         <input_file_ref idref="fl-6"/>
      </object_component>
      <object_component id="oc-991">
         <name>.text:dir_sdi</name>
         <load_address>0x424d8</load_address>
         <run_address>0x424d8</run_address>
         <size>0x7c</size>
         <input_file_ref idref="fl-a"/>
      </object_component>
      <object_component id="oc-4a1">
         <name>.text:tcp_bind</name>
         <load_address>0x42554</load_address>
         <run_address>0x42554</run_address>
         <size>0x7c</size>
         <input_file_ref idref="fl-6"/>
      </object_component>
      <object_component id="oc-405">
         <name>.text:tcp_rst</name>
         <load_address>0x425d0</load_address>
         <run_address>0x425d0</run_address>
         <size>0x7c</size>
         <input_file_ref idref="fl-6"/>
      </object_component>
      <object_component id="oc-ff">
         <name>.text:tivaif_process_phy_interrupt</name>
         <load_address>0x4264c</load_address>
         <run_address>0x4264c</run_address>
         <size>0x7c</size>
         <input_file_ref idref="fl-6"/>
      </object_component>
      <object_component id="oc-6a">
         <name>.text</name>
         <load_address>0x426c8</load_address>
         <run_address>0x426c8</run_address>
         <size>0x7a</size>
         <input_file_ref idref="fl-13a"/>
      </object_component>
      <object_component id="oc-823">
         <name>.text:tcp_oos_insert_segment</name>
         <load_address>0x42744</load_address>
         <run_address>0x42744</run_address>
         <size>0x78</size>
         <input_file_ref idref="fl-6"/>
      </object_component>
      <object_component id="oc-97c">
         <name>.text:check_fs</name>
         <load_address>0x427bc</load_address>
         <run_address>0x427bc</run_address>
         <size>0x74</size>
         <input_file_ref idref="fl-a"/>
      </object_component>
      <object_component id="oc-4f7">
         <name>.text:etharp_update_arp_entry</name>
         <load_address>0x42830</load_address>
         <run_address>0x42830</run_address>
         <size>0x74</size>
         <input_file_ref idref="fl-6"/>
      </object_component>
      <object_component id="oc-50b">
         <name>.text:raw_input</name>
         <load_address>0x428a4</load_address>
         <run_address>0x428a4</run_address>
         <size>0x74</size>
         <input_file_ref idref="fl-6"/>
      </object_component>
      <object_component id="oc-2c5">
         <name>.text:tcp_fasttmr</name>
         <load_address>0x42918</load_address>
         <run_address>0x42918</run_address>
         <size>0x70</size>
         <input_file_ref idref="fl-6"/>
      </object_component>
      <object_component id="oc-62f">
         <name>.text:icmp_send_response</name>
         <load_address>0x42988</load_address>
         <run_address>0x42988</run_address>
         <size>0x6c</size>
         <input_file_ref idref="fl-6"/>
      </object_component>
      <object_component id="oc-578">
         <name>.text:memp_init</name>
         <load_address>0x429f4</load_address>
         <run_address>0x429f4</run_address>
         <size>0x6c</size>
         <input_file_ref idref="fl-6"/>
      </object_component>
      <object_component id="oc-7c">
         <name>.text</name>
         <load_address>0x42a60</load_address>
         <run_address>0x42a60</run_address>
         <size>0x6c</size>
         <input_file_ref idref="fl-145"/>
      </object_component>
      <object_component id="oc-5d">
         <name>.text</name>
         <load_address>0x42acc</load_address>
         <run_address>0x42acc</run_address>
         <size>0x6a</size>
         <input_file_ref idref="fl-135"/>
      </object_component>
      <object_component id="oc-5e0">
         <name>.text:http_recv</name>
         <load_address>0x42b36</load_address>
         <run_address>0x42b36</run_address>
         <size>0x68</size>
         <input_file_ref idref="fl-9"/>
      </object_component>
      <object_component id="oc-78e">
         <name>.text:lwip_standard_chksum</name>
         <load_address>0x42b9e</load_address>
         <run_address>0x42b9e</run_address>
         <size>0x68</size>
         <input_file_ref idref="fl-6"/>
      </object_component>
      <object_component id="oc-558">
         <name>.text:pbuf_copy_partial</name>
         <load_address>0x42c06</load_address>
         <run_address>0x42c06</run_address>
         <size>0x68</size>
         <input_file_ref idref="fl-6"/>
      </object_component>
      <object_component id="oc-69b">
         <name>.text:sys_timeout</name>
         <load_address>0x42c70</load_address>
         <run_address>0x42c70</run_address>
         <size>0x68</size>
         <input_file_ref idref="fl-6"/>
      </object_component>
      <object_component id="oc-552">
         <name>.text:tcp_output_alloc_header</name>
         <load_address>0x42cd8</load_address>
         <run_address>0x42cd8</run_address>
         <size>0x68</size>
         <input_file_ref idref="fl-6"/>
      </object_component>
      <object_component id="oc-3de">
         <name>.text:tcp_process_refused_data</name>
         <load_address>0x42d40</load_address>
         <run_address>0x42d40</run_address>
         <size>0x68</size>
         <input_file_ref idref="fl-6"/>
      </object_component>
      <object_component id="oc-212">
         <name>.text:udp_bind</name>
         <load_address>0x42da8</load_address>
         <run_address>0x42da8</run_address>
         <size>0x68</size>
         <input_file_ref idref="fl-6"/>
      </object_component>
      <object_component id="oc-942">
         <name>.text:send_cmd</name>
         <load_address>0x42e10</load_address>
         <run_address>0x42e10</run_address>
         <size>0x66</size>
         <input_file_ref idref="fl-b"/>
      </object_component>
      <object_component id="oc-84e">
         <name>.text:http_init_file</name>
         <load_address>0x42e78</load_address>
         <run_address>0x42e78</run_address>
         <size>0x65</size>
         <input_file_ref idref="fl-9"/>
      </object_component>
      <object_component id="oc-8cd">
         <name>.text:follow_path</name>
         <load_address>0x42ede</load_address>
         <run_address>0x42ede</run_address>
         <size>0x64</size>
         <input_file_ref idref="fl-a"/>
      </object_component>
      <object_component id="oc-7e5">
         <name>.text:http_find_file</name>
         <load_address>0x42f44</load_address>
         <run_address>0x42f44</run_address>
         <size>0x64</size>
         <input_file_ref idref="fl-9"/>
      </object_component>
      <object_component id="oc-386">
         <name>.text:mem_free</name>
         <load_address>0x42fa8</load_address>
         <run_address>0x42fa8</run_address>
         <size>0x64</size>
         <input_file_ref idref="fl-6"/>
      </object_component>
      <object_component id="oc-4e6">
         <name>.text:plug_holes</name>
         <load_address>0x4300c</load_address>
         <run_address>0x4300c</run_address>
         <size>0x64</size>
         <input_file_ref idref="fl-6"/>
      </object_component>
      <object_component id="oc-3bd">
         <name>.text:pbuf_header</name>
         <load_address>0x43070</load_address>
         <run_address>0x43070</run_address>
         <size>0x62</size>
         <input_file_ref idref="fl-6"/>
      </object_component>
      <object_component id="oc-8eb">
         <name>.text:remove_chain</name>
         <load_address>0x430d2</load_address>
         <run_address>0x430d2</run_address>
         <size>0x62</size>
         <input_file_ref idref="fl-a"/>
      </object_component>
      <object_component id="oc-6f8">
         <name>.text:IntEnable</name>
         <load_address>0x43134</load_address>
         <run_address>0x43134</run_address>
         <size>0x60</size>
         <input_file_ref idref="fl-149"/>
      </object_component>
      <object_component id="oc-1be">
         <name>.text:UARTStdioConfig</name>
         <load_address>0x43194</load_address>
         <run_address>0x43194</run_address>
         <size>0x60</size>
         <input_file_ref idref="fl-7"/>
      </object_component>
      <object_component id="oc-9fb">
         <name>.text:send_initial_clock_train</name>
         <load_address>0x431f4</load_address>
         <run_address>0x431f4</run_address>
         <size>0x60</size>
         <input_file_ref idref="fl-b"/>
      </object_component>
      <object_component id="oc-48">
         <name>.text:lwIPEthernetIntHandler</name>
         <load_address>0x43254</load_address>
         <run_address>0x43254</run_address>
         <size>0x5c</size>
         <input_file_ref idref="fl-6"/>
      </object_component>
      <object_component id="oc-572">
         <name>.text:mem_init</name>
         <load_address>0x432b0</load_address>
         <run_address>0x432b0</run_address>
         <size>0x5c</size>
         <input_file_ref idref="fl-6"/>
      </object_component>
      <object_component id="oc-6af">
         <name>.text:netif_set_ipaddr</name>
         <load_address>0x4330c</load_address>
         <run_address>0x4330c</run_address>
         <size>0x5c</size>
         <input_file_ref idref="fl-6"/>
      </object_component>
      <object_component id="oc-651">
         <name>.text:tcp_pcb_remove</name>
         <load_address>0x43368</load_address>
         <run_address>0x43368</run_address>
         <size>0x5c</size>
         <input_file_ref idref="fl-6"/>
      </object_component>
      <object_component id="oc-65f">
         <name>.text:inet_chksum_pbuf</name>
         <load_address>0x433c4</load_address>
         <run_address>0x433c4</run_address>
         <size>0x5a</size>
         <input_file_ref idref="fl-6"/>
      </object_component>
      <object_component id="oc-4ff">
         <name>.text:pbuf_realloc</name>
         <load_address>0x4341e</load_address>
         <run_address>0x4341e</run_address>
         <size>0x5a</size>
         <input_file_ref idref="fl-6"/>
      </object_component>
      <object_component id="oc-327">
         <name>.text:EMACPHYConfigSet</name>
         <load_address>0x43478</load_address>
         <run_address>0x43478</run_address>
         <size>0x58</size>
         <input_file_ref idref="fl-14c"/>
      </object_component>
      <object_component id="oc-4b9">
         <name>.text:http_accept</name>
         <load_address>0x434d0</load_address>
         <run_address>0x434d0</run_address>
         <size>0x58</size>
         <input_file_ref idref="fl-9"/>
      </object_component>
      <object_component id="oc-34b">
         <name>.text:memp_malloc</name>
         <load_address>0x43528</load_address>
         <run_address>0x43528</run_address>
         <size>0x58</size>
         <input_file_ref idref="fl-6"/>
      </object_component>
      <object_component id="oc-9af">
         <name>.text:sync_window</name>
         <load_address>0x43580</load_address>
         <run_address>0x43580</run_address>
         <size>0x56</size>
         <input_file_ref idref="fl-a"/>
      </object_component>
      <object_component id="oc-785">
         <name>.text:tcp_rexmit</name>
         <load_address>0x435d6</load_address>
         <run_address>0x435d6</run_address>
         <size>0x56</size>
         <input_file_ref idref="fl-6"/>
      </object_component>
      <object_component id="oc-1f4">
         <name>.text:LocatorInit</name>
         <load_address>0x4362c</load_address>
         <run_address>0x4362c</run_address>
         <size>0x54</size>
         <input_file_ref idref="fl-5"/>
      </object_component>
      <object_component id="oc-5ab">
         <name>.text:tcp_new_port</name>
         <load_address>0x43680</load_address>
         <run_address>0x43680</run_address>
         <size>0x54</size>
         <input_file_ref idref="fl-6"/>
      </object_component>
      <object_component id="oc-896">
         <name>.text:tcp_pbuf_prealloc</name>
         <load_address>0x436d4</load_address>
         <run_address>0x436d4</run_address>
         <size>0x52</size>
         <input_file_ref idref="fl-6"/>
      </object_component>
      <object_component id="oc-105">
         <name>.text:tivaif_process_transmit</name>
         <load_address>0x43726</load_address>
         <run_address>0x43726</run_address>
         <size>0x52</size>
         <input_file_ref idref="fl-6"/>
      </object_component>
      <object_component id="oc-948">
         <name>.text:xmit_datablock</name>
         <load_address>0x43778</load_address>
         <run_address>0x43778</run_address>
         <size>0x52</size>
         <input_file_ref idref="fl-b"/>
      </object_component>
      <object_component id="oc-458">
         <name>.text:SysCtlPeripheralReset</name>
         <load_address>0x437cc</load_address>
         <run_address>0x437cc</run_address>
         <size>0x50</size>
         <input_file_ref idref="fl-148"/>
      </object_component>
      <object_component id="oc-750">
         <name>.text:http_close_conn</name>
         <load_address>0x4381c</load_address>
         <run_address>0x4381c</run_address>
         <size>0x50</size>
         <input_file_ref idref="fl-9"/>
      </object_component>
      <object_component id="oc-a9">
         <name>.text:lwIPServiceTimers</name>
         <load_address>0x4386c</load_address>
         <run_address>0x4386c</run_address>
         <size>0x50</size>
         <input_file_ref idref="fl-6"/>
      </object_component>
      <object_component id="oc-477">
         <name>.text:netif_add</name>
         <load_address>0x438bc</load_address>
         <run_address>0x438bc</run_address>
         <size>0x50</size>
         <input_file_ref idref="fl-6"/>
      </object_component>
      <object_component id="oc-24">
         <name>.text</name>
         <load_address>0x4390c</load_address>
         <run_address>0x4390c</run_address>
         <size>0x50</size>
         <input_file_ref idref="fl-133"/>
      </object_component>
      <object_component id="oc-a07">
         <name>.text:set_max_speed</name>
         <load_address>0x4395c</load_address>
         <run_address>0x4395c</run_address>
         <size>0x50</size>
         <input_file_ref idref="fl-b"/>
      </object_component>
      <object_component id="oc-890">
         <name>.text:tcp_write_checks</name>
         <load_address>0x439ac</load_address>
         <run_address>0x439ac</run_address>
         <size>0x50</size>
         <input_file_ref idref="fl-6"/>
      </object_component>
      <object_component id="oc-230">
         <name>.text:pbuf_free</name>
         <load_address>0x439fc</load_address>
         <run_address>0x439fc</run_address>
         <size>0x4e</size>
         <input_file_ref idref="fl-6"/>
      </object_component>
      <object_component id="oc-36d">
         <name>.text:ip_route</name>
         <load_address>0x43a4c</load_address>
         <run_address>0x43a4c</run_address>
         <size>0x4c</size>
         <input_file_ref idref="fl-6"/>
      </object_component>
      <object_component id="oc-d6">
         <name>.text</name>
         <load_address>0x43a98</load_address>
         <run_address>0x43a98</run_address>
         <size>0x4c</size>
         <input_file_ref idref="fl-146"/>
      </object_component>
      <object_component id="oc-7d9">
         <name>.text:strnstr</name>
         <load_address>0x43ae4</load_address>
         <run_address>0x43ae4</run_address>
         <size>0x4c</size>
         <input_file_ref idref="fl-9"/>
      </object_component>
      <object_component id="oc-a3">
         <name>.text:tivaif_interrupt</name>
         <load_address>0x43b30</load_address>
         <run_address>0x43b30</run_address>
         <size>0x4c</size>
         <input_file_ref idref="fl-6"/>
      </object_component>
      <object_component id="oc-352">
         <name>.text:udp_new_port</name>
         <load_address>0x43b7c</load_address>
         <run_address>0x43b7c</run_address>
         <size>0x4c</size>
         <input_file_ref idref="fl-6"/>
      </object_component>
      <object_component id="oc-848">
         <name>.text:http_get_404_file</name>
         <load_address>0x43bc8</load_address>
         <run_address>0x43bc8</run_address>
         <size>0x4b</size>
         <input_file_ref idref="fl-9"/>
      </object_component>
      <object_component id="oc-445">
         <name>.text:UARTwrite</name>
         <load_address>0x43c14</load_address>
         <run_address>0x43c14</run_address>
         <size>0x48</size>
         <input_file_ref idref="fl-7"/>
      </object_component>
      <object_component id="oc-2e3">
         <name>.text:_SysCtlFrequencyGet</name>
         <load_address>0x43c5c</load_address>
         <run_address>0x43c5c</run_address>
         <size>0x48</size>
         <input_file_ref idref="fl-148"/>
      </object_component>
      <object_component id="oc-98b">
         <name>.text:dir_find</name>
         <load_address>0x43ca4</load_address>
         <run_address>0x43ca4</run_address>
         <size>0x48</size>
         <input_file_ref idref="fl-a"/>
      </object_component>
      <object_component id="oc-705">
         <name>.text:etharp_output_to_arp_index</name>
         <load_address>0x43cec</load_address>
         <run_address>0x43cec</run_address>
         <size>0x48</size>
         <input_file_ref idref="fl-6"/>
      </object_component>
      <object_component id="oc-7f2">
         <name>.text:http_write</name>
         <load_address>0x43d34</load_address>
         <run_address>0x43d34</run_address>
         <size>0x48</size>
         <input_file_ref idref="fl-9"/>
      </object_component>
      <object_component id="oc-55e">
         <name>.text:ip_output</name>
         <load_address>0x43d7c</load_address>
         <run_address>0x43d7c</run_address>
         <size>0x48</size>
         <input_file_ref idref="fl-6"/>
      </object_component>
      <object_component id="oc-966">
         <name>.text:rcvr_datablock</name>
         <load_address>0x43dc4</load_address>
         <run_address>0x43dc4</run_address>
         <size>0x48</size>
         <input_file_ref idref="fl-b"/>
      </object_component>
      <object_component id="oc-72c">
         <name>.text:tcp_kill_prio</name>
         <load_address>0x43e0c</load_address>
         <run_address>0x43e0c</run_address>
         <size>0x48</size>
         <input_file_ref idref="fl-6"/>
      </object_component>
      <object_component id="oc-817">
         <name>.text:tcp_rexmit_fast</name>
         <load_address>0x43e54</load_address>
         <run_address>0x43e54</run_address>
         <size>0x48</size>
         <input_file_ref idref="fl-6"/>
      </object_component>
      <object_component id="oc-7fe">
         <name>.text:fs_read</name>
         <load_address>0x43e9c</load_address>
         <run_address>0x43e9c</run_address>
         <size>0x46</size>
         <input_file_ref idref="fl-2"/>
      </object_component>
      <object_component id="oc-536">
         <name>.text:tcp_send_empty_ack</name>
         <load_address>0x43ee2</load_address>
         <run_address>0x43ee2</run_address>
         <size>0x46</size>
         <input_file_ref idref="fl-6"/>
      </object_component>
      <object_component id="oc-82c">
         <name>.text:tcp_send_fin</name>
         <load_address>0x43f28</load_address>
         <run_address>0x43f28</run_address>
         <size>0x46</size>
         <input_file_ref idref="fl-6"/>
      </object_component>
      <object_component id="oc-88">
         <name>.text</name>
         <load_address>0x43f70</load_address>
         <run_address>0x43f70</run_address>
         <size>0x44</size>
         <input_file_ref idref="fl-137"/>
      </object_component>
      <object_component id="oc-3f3">
         <name>.text:tcp_keepalive</name>
         <load_address>0x43fb4</load_address>
         <run_address>0x43fb4</run_address>
         <size>0x44</size>
         <input_file_ref idref="fl-6"/>
      </object_component>
      <object_component id="oc-713">
         <name>.text:tivaif_check_pbuf</name>
         <load_address>0x43ff8</load_address>
         <run_address>0x43ff8</run_address>
         <size>0x44</size>
         <input_file_ref idref="fl-6"/>
      </object_component>
      <object_component id="oc-44b">
         <name>.text</name>
         <load_address>0x4403c</load_address>
         <run_address>0x4403c</run_address>
         <size>0x42</size>
         <input_file_ref idref="fl-142"/>
      </object_component>
      <object_component id="oc-3ff">
         <name>.text:tcp_pcb_purge</name>
         <load_address>0x4407e</load_address>
         <run_address>0x4407e</run_address>
         <size>0x42</size>
         <input_file_ref idref="fl-6"/>
      </object_component>
      <object_component id="oc-11a">
         <name>.text:etharp_tmr</name>
         <load_address>0x440c0</load_address>
         <run_address>0x440c0</run_address>
         <size>0x40</size>
         <input_file_ref idref="fl-6"/>
      </object_component>
      <object_component id="oc-998">
         <name>.text:dir_alloc</name>
         <load_address>0x44100</load_address>
         <run_address>0x44100</run_address>
         <size>0x3e</size>
         <input_file_ref idref="fl-a"/>
      </object_component>
      <object_component id="oc-6f2">
         <name>.text:EMACIntEnable</name>
         <load_address>0x4413e</load_address>
         <run_address>0x4413e</run_address>
         <size>0x3a</size>
         <input_file_ref idref="fl-14c"/>
      </object_component>
      <object_component id="oc-2ac">
         <name>.text:DisplayIPAddress</name>
         <load_address>0x44178</load_address>
         <run_address>0x44178</run_address>
         <size>0x38</size>
         <input_file_ref idref="fl-3"/>
      </object_component>
      <object_component id="oc-200">
         <name>.text:LocatorAppTitleSet</name>
         <load_address>0x441b0</load_address>
         <run_address>0x441b0</run_address>
         <size>0x38</size>
         <input_file_ref idref="fl-5"/>
      </object_component>
      <object_component id="oc-8d3">
         <name>.text:dir_register</name>
         <load_address>0x441e8</load_address>
         <run_address>0x441e8</run_address>
         <size>0x38</size>
         <input_file_ref idref="fl-a"/>
      </object_component>
      <object_component id="oc-344">
         <name>.text:httpd_init_addr</name>
         <load_address>0x44220</load_address>
         <run_address>0x44220</run_address>
         <size>0x38</size>
         <input_file_ref idref="fl-9"/>
      </object_component>
      <object_component id="oc-38c">
         <name>.text:memp_free</name>
         <load_address>0x44258</load_address>
         <run_address>0x44258</run_address>
         <size>0x38</size>
         <input_file_ref idref="fl-6"/>
      </object_component>
      <object_component id="oc-737">
         <name>.text:tcpip_tcp_timer</name>
         <load_address>0x44290</load_address>
         <run_address>0x44290</run_address>
         <size>0x38</size>
         <input_file_ref idref="fl-6"/>
      </object_component>
      <object_component id="oc-22a">
         <name>.text:udp_sendto</name>
         <load_address>0x442c8</load_address>
         <run_address>0x442c8</run_address>
         <size>0x38</size>
         <input_file_ref idref="fl-6"/>
      </object_component>
      <object_component id="oc-873">
         <name>.text:ustrncmp</name>
         <load_address>0x44300</load_address>
         <run_address>0x44300</run_address>
         <size>0x36</size>
         <input_file_ref idref="fl-8"/>
      </object_component>
      <object_component id="oc-288">
         <name>.text:EMACConfigGet</name>
         <load_address>0x44338</load_address>
         <run_address>0x44338</run_address>
         <size>0x34</size>
         <input_file_ref idref="fl-14c"/>
      </object_component>
      <object_component id="oc-28e">
         <name>.text:EMACConfigSet</name>
         <load_address>0x4436c</load_address>
         <run_address>0x4436c</run_address>
         <size>0x34</size>
         <input_file_ref idref="fl-14c"/>
      </object_component>
      <object_component id="oc-6e0">
         <name>.text:EMACIntClear</name>
         <load_address>0x443a0</load_address>
         <run_address>0x443a0</run_address>
         <size>0x34</size>
         <input_file_ref idref="fl-14c"/>
      </object_component>
      <object_component id="oc-45e">
         <name>.text:SysCtlPeripheralReady</name>
         <load_address>0x443d4</load_address>
         <run_address>0x443d4</run_address>
         <size>0x34</size>
         <input_file_ref idref="fl-148"/>
      </object_component>
      <object_component id="oc-5ec">
         <name>.text:http_poll</name>
         <load_address>0x44408</load_address>
         <run_address>0x44408</run_address>
         <size>0x34</size>
         <input_file_ref idref="fl-9"/>
      </object_component>
      <object_component id="oc-91e">
         <name>.text</name>
         <load_address>0x4443c</load_address>
         <run_address>0x4443c</run_address>
         <size>0x34</size>
         <input_file_ref idref="fl-141"/>
      </object_component>
      <object_component id="oc-726">
         <name>.text:tcp_kill_timewait</name>
         <load_address>0x44470</load_address>
         <run_address>0x44470</run_address>
         <size>0x34</size>
         <input_file_ref idref="fl-6"/>
      </object_component>
      <object_component id="oc-5b1">
         <name>.text:tcp_timer_needed</name>
         <load_address>0x444a4</load_address>
         <run_address>0x444a4</run_address>
         <size>0x34</size>
         <input_file_ref idref="fl-6"/>
      </object_component>
      <object_component id="oc-489">
         <name>.text:tivaif_init</name>
         <load_address>0x444d8</load_address>
         <run_address>0x444d8</run_address>
         <size>0x34</size>
         <input_file_ref idref="fl-6"/>
      </object_component>
      <object_component id="oc-505">
         <name>.text:ip4_addr_isbroadcast</name>
         <load_address>0x4450c</load_address>
         <run_address>0x4450c</run_address>
         <size>0x32</size>
         <input_file_ref idref="fl-6"/>
      </object_component>
      <object_component id="oc-96c">
         <name>.text:send_cmd12</name>
         <load_address>0x4453e</load_address>
         <run_address>0x4453e</run_address>
         <size>0x32</size>
         <input_file_ref idref="fl-b"/>
      </object_component>
      <object_component id="oc-689">
         <name>.text:tcp_recved</name>
         <load_address>0x44570</load_address>
         <run_address>0x44570</run_address>
         <size>0x32</size>
         <input_file_ref idref="fl-6"/>
      </object_component>
      <object_component id="oc-79f">
         <name>.text:tcp_update_rcv_ann_wnd</name>
         <load_address>0x445a2</load_address>
         <run_address>0x445a2</run_address>
         <size>0x30</size>
         <input_file_ref idref="fl-6"/>
      </object_component>
      <object_component id="oc-8f1">
         <name>.text:move_window</name>
         <load_address>0x445d2</load_address>
         <run_address>0x445d2</run_address>
         <size>0x2e</size>
         <input_file_ref idref="fl-a"/>
      </object_component>
      <object_component id="oc-3e7">
         <name>.text:tcp_rexmit_rto</name>
         <load_address>0x44600</load_address>
         <run_address>0x44600</run_address>
         <size>0x2e</size>
         <input_file_ref idref="fl-6"/>
      </object_component>
      <object_component id="oc-6da">
         <name>.text:EMACIntStatus</name>
         <load_address>0x4462e</load_address>
         <run_address>0x4462e</run_address>
         <size>0x2c</size>
         <input_file_ref idref="fl-14c"/>
      </object_component>
      <object_component id="oc-3a7">
         <name>.text:etharp_request</name>
         <load_address>0x4465c</load_address>
         <run_address>0x4465c</run_address>
         <size>0x2c</size>
         <input_file_ref idref="fl-6"/>
      </object_component>
      <object_component id="oc-954">
         <name>.text:rcvr_spi</name>
         <load_address>0x44688</load_address>
         <run_address>0x44688</run_address>
         <size>0x2c</size>
         <input_file_ref idref="fl-b"/>
      </object_component>
      <object_component id="oc-318">
         <name>.text:GPIODirModeSet</name>
         <load_address>0x446b4</load_address>
         <run_address>0x446b4</run_address>
         <size>0x2a</size>
         <input_file_ref idref="fl-14a"/>
      </object_component>
      <object_component id="oc-66c">
         <name>.text:ustrncpy</name>
         <load_address>0x446de</load_address>
         <run_address>0x446de</run_address>
         <size>0x2a</size>
         <input_file_ref idref="fl-8"/>
      </object_component>
      <object_component id="oc-296">
         <name>.text:pbuf_cat</name>
         <load_address>0x44708</load_address>
         <run_address>0x44708</run_address>
         <size>0x28</size>
         <input_file_ref idref="fl-6"/>
      </object_component>
      <object_component id="oc-89d">
         <name>.text:validate</name>
         <load_address>0x44730</load_address>
         <run_address>0x44730</run_address>
         <size>0x28</size>
         <input_file_ref idref="fl-a"/>
      </object_component>
      <object_component id="oc-276">
         <name>.text:EMACPHYRead</name>
         <load_address>0x44758</load_address>
         <run_address>0x44758</run_address>
         <size>0x26</size>
         <input_file_ref idref="fl-14c"/>
      </object_component>
      <object_component id="oc-6ce">
         <name>.text:EMACPHYWrite</name>
         <load_address>0x4477e</load_address>
         <run_address>0x4477e</run_address>
         <size>0x26</size>
         <input_file_ref idref="fl-14c"/>
      </object_component>
      <object_component id="oc-757">
         <name>.text:http_state_free</name>
         <load_address>0x447a4</load_address>
         <run_address>0x447a4</run_address>
         <size>0x26</size>
         <input_file_ref idref="fl-9"/>
      </object_component>
      <object_component id="oc-7df">
         <name>.text</name>
         <load_address>0x447ca</load_address>
         <run_address>0x447ca</run_address>
         <size>0x26</size>
         <input_file_ref idref="fl-140"/>
      </object_component>
      <object_component id="oc-54a">
         <name>.text:tcp_recv_null</name>
         <load_address>0x447f0</load_address>
         <run_address>0x447f0</run_address>
         <size>0x26</size>
         <input_file_ref idref="fl-6"/>
      </object_component>
      <object_component id="oc-21e">
         <name>.text:IntPrioritySet</name>
         <load_address>0x44818</load_address>
         <run_address>0x44818</run_address>
         <size>0x24</size>
         <input_file_ref idref="fl-149"/>
      </object_component>
      <object_component id="oc-2bb">
         <name>.text:etharp_free_entry</name>
         <load_address>0x4483c</load_address>
         <run_address>0x4483c</run_address>
         <size>0x24</size>
         <input_file_ref idref="fl-6"/>
      </object_component>
      <object_component id="oc-282">
         <name>.text:netif_set_link_up</name>
         <load_address>0x44860</load_address>
         <run_address>0x44860</run_address>
         <size>0x24</size>
         <input_file_ref idref="fl-6"/>
      </object_component>
      <object_component id="oc-483">
         <name>.text:netif_set_up</name>
         <load_address>0x44884</load_address>
         <run_address>0x44884</run_address>
         <size>0x24</size>
         <input_file_ref idref="fl-6"/>
      </object_component>
      <object_component id="oc-81d">
         <name>.text:tcp_seg_copy</name>
         <load_address>0x448a8</load_address>
         <run_address>0x448a8</run_address>
         <size>0x24</size>
         <input_file_ref idref="fl-6"/>
      </object_component>
      <object_component id="oc-9de">
         <name>.text:xmit_spi</name>
         <load_address>0x448cc</load_address>
         <run_address>0x448cc</run_address>
         <size>0x24</size>
         <input_file_ref idref="fl-b"/>
      </object_component>
      <object_component id="oc-3b1">
         <name>.text</name>
         <load_address>0x448f0</load_address>
         <run_address>0x448f0</run_address>
         <size>0x22</size>
         <input_file_ref idref="fl-138"/>
      </object_component>
      <object_component id="oc-1fa">
         <name>.text:LocatorMACAddrSet</name>
         <load_address>0x44914</load_address>
         <run_address>0x44914</run_address>
         <size>0x20</size>
         <input_file_ref idref="fl-5"/>
      </object_component>
      <object_component id="oc-61e">
         <name>.text:etharp_send_ip</name>
         <load_address>0x44934</load_address>
         <run_address>0x44934</run_address>
         <size>0x20</size>
         <input_file_ref idref="fl-6"/>
      </object_component>
      <object_component id="oc-96">
         <name>.text:lwIPTimer</name>
         <load_address>0x44954</load_address>
         <run_address>0x44954</run_address>
         <size>0x20</size>
         <input_file_ref idref="fl-6"/>
      </object_component>
      <object_component id="oc-57e">
         <name>.text:sys_timeouts_init</name>
         <load_address>0x44974</load_address>
         <run_address>0x44974</run_address>
         <size>0x20</size>
         <input_file_ref idref="fl-6"/>
      </object_component>
      <object_component id="oc-67b">
         <name>.text:tcp_eff_send_mss</name>
         <load_address>0x44994</load_address>
         <run_address>0x44994</run_address>
         <size>0x20</size>
         <input_file_ref idref="fl-6"/>
      </object_component>
      <object_component id="oc-120">
         <name>.text:tcp_tmr</name>
         <load_address>0x449b4</load_address>
         <run_address>0x449b4</run_address>
         <size>0x20</size>
         <input_file_ref idref="fl-6"/>
      </object_component>
      <object_component id="oc-23f">
         <name>.text:udp_echo_recv</name>
         <load_address>0x449d4</load_address>
         <run_address>0x449d4</run_address>
         <size>0x20</size>
         <input_file_ref idref="fl-3"/>
      </object_component>
      <object_component id="oc-3cd">
         <name>.text:usprintf</name>
         <load_address>0x449f4</load_address>
         <run_address>0x449f4</run_address>
         <size>0x20</size>
         <input_file_ref idref="fl-8"/>
      </object_component>
      <object_component id="oc-9d8">
         <name>.text:wait_ready</name>
         <load_address>0x44a14</load_address>
         <run_address>0x44a14</run_address>
         <size>0x20</size>
         <input_file_ref idref="fl-b"/>
      </object_component>
      <object_component id="oc-6c2">
         <name>.text:EMACAddrGet</name>
         <load_address>0x44a34</load_address>
         <run_address>0x44a34</run_address>
         <size>0x1e</size>
         <input_file_ref idref="fl-14c"/>
      </object_component>
      <object_component id="oc-8df">
         <name>.text:ld_clust</name>
         <load_address>0x44a52</load_address>
         <run_address>0x44a52</run_address>
         <size>0x1e</size>
         <input_file_ref idref="fl-a"/>
      </object_component>
      <object_component id="oc-94e">
         <name>.text:DESELECT</name>
         <load_address>0x44a70</load_address>
         <run_address>0x44a70</run_address>
         <size>0x1c</size>
         <input_file_ref idref="fl-b"/>
      </object_component>
      <object_component id="oc-93c">
         <name>.text:SELECT</name>
         <load_address>0x44a8c</load_address>
         <run_address>0x44a8c</run_address>
         <size>0x1c</size>
         <input_file_ref idref="fl-b"/>
      </object_component>
      <object_component id="oc-2dd">
         <name>.text:_SysCtlMemTimingGet</name>
         <load_address>0x44aa8</load_address>
         <run_address>0x44aa8</run_address>
         <size>0x1c</size>
         <input_file_ref idref="fl-148"/>
      </object_component>
      <object_component id="oc-5c2">
         <name>.text:http_state_alloc</name>
         <load_address>0x44ac4</load_address>
         <run_address>0x44ac4</run_address>
         <size>0x1c</size>
         <input_file_ref idref="fl-9"/>
      </object_component>
      <object_component id="oc-a16">
         <name>.text:mem_cmp</name>
         <load_address>0x44ae0</load_address>
         <run_address>0x44ae0</run_address>
         <size>0x1c</size>
         <input_file_ref idref="fl-a"/>
      </object_component>
      <object_component id="oc-586">
         <name>.text:netif_set_addr</name>
         <load_address>0x44afc</load_address>
         <run_address>0x44afc</run_address>
         <size>0x1c</size>
         <input_file_ref idref="fl-6"/>
      </object_component>
      <object_component id="oc-20c">
         <name>.text:udp_new</name>
         <load_address>0x44b18</load_address>
         <run_address>0x44b18</run_address>
         <size>0x1c</size>
         <input_file_ref idref="fl-6"/>
      </object_component>
      <object_component id="oc-1c4">
         <name>.text:UARTprintf</name>
         <load_address>0x44b34</load_address>
         <run_address>0x44b34</run_address>
         <size>0x1a</size>
         <input_file_ref idref="fl-7"/>
      </object_component>
      <object_component id="oc-471">
         <name>.text:lwip_htonl</name>
         <load_address>0x44b4e</load_address>
         <run_address>0x44b4e</run_address>
         <size>0x1a</size>
         <input_file_ref idref="fl-6"/>
      </object_component>
      <object_component id="oc-1ca">
         <name>.text:GPIOPinTypeGPIOOutput</name>
         <load_address>0x44b68</load_address>
         <run_address>0x44b68</run_address>
         <size>0x18</size>
         <input_file_ref idref="fl-14a"/>
      </object_component>
      <object_component id="oc-6a7">
         <name>.text:arp_timer</name>
         <load_address>0x44b80</load_address>
         <run_address>0x44b80</run_address>
         <size>0x18</size>
         <input_file_ref idref="fl-6"/>
      </object_component>
      <object_component id="oc-8a9">
         <name>.text:clust2sect</name>
         <load_address>0x44b98</load_address>
         <run_address>0x44b98</run_address>
         <size>0x18</size>
         <input_file_ref idref="fl-a"/>
      </object_component>
      <object_component id="oc-360">
         <name>.text:pbuf_pool_is_empty</name>
         <load_address>0x44bb0</load_address>
         <run_address>0x44bb0</run_address>
         <size>0x18</size>
         <input_file_ref idref="fl-6"/>
      </object_component>
      <object_component id="oc-82">
         <name>.text</name>
         <load_address>0x44bc8</load_address>
         <run_address>0x44bc8</run_address>
         <size>0x18</size>
         <input_file_ref idref="fl-144"/>
      </object_component>
      <object_component id="oc-924">
         <name>.text</name>
         <load_address>0x44be0</load_address>
         <run_address>0x44be0</run_address>
         <size>0x18</size>
         <input_file_ref idref="fl-13e"/>
      </object_component>
      <object_component id="oc-732">
         <name>.text:tcp_next_iss</name>
         <load_address>0x44bf8</load_address>
         <run_address>0x44bf8</run_address>
         <size>0x18</size>
         <input_file_ref idref="fl-6"/>
      </object_component>
      <object_component id="oc-542">
         <name>.text:tcp_seg_free</name>
         <load_address>0x44c10</load_address>
         <run_address>0x44c10</run_address>
         <size>0x18</size>
         <input_file_ref idref="fl-6"/>
      </object_component>
      <object_component id="oc-464">
         <name>.text:EMACReset</name>
         <load_address>0x44c28</load_address>
         <run_address>0x44c28</run_address>
         <size>0x16</size>
         <input_file_ref idref="fl-14c"/>
      </object_component>
      <object_component id="oc-6ec">
         <name>.text:EMACRxEnable</name>
         <load_address>0x44c3e</load_address>
         <run_address>0x44c3e</run_address>
         <size>0x16</size>
         <input_file_ref idref="fl-14c"/>
      </object_component>
      <object_component id="oc-6e6">
         <name>.text:EMACTxEnable</name>
         <load_address>0x44c54</load_address>
         <run_address>0x44c54</run_address>
         <size>0x16</size>
         <input_file_ref idref="fl-14c"/>
      </object_component>
      <object_component id="oc-7f8">
         <name>.text:fs_bytes_left</name>
         <load_address>0x44c6a</load_address>
         <run_address>0x44c6a</run_address>
         <size>0x16</size>
         <input_file_ref idref="fl-2"/>
      </object_component>
      <object_component id="oc-5f2">
         <name>.text:http_sent</name>
         <load_address>0x44c80</load_address>
         <run_address>0x44c80</run_address>
         <size>0x16</size>
         <input_file_ref idref="fl-9"/>
      </object_component>
      <object_component id="oc-8bb">
         <name>.text:mem_cpy</name>
         <load_address>0x44c96</load_address>
         <run_address>0x44c96</run_address>
         <size>0x16</size>
         <input_file_ref idref="fl-a"/>
      </object_component>
      <object_component id="oc-60a">
         <name>.text:pbuf_ref</name>
         <load_address>0x44cac</load_address>
         <run_address>0x44cac</run_address>
         <size>0x16</size>
         <input_file_ref idref="fl-6"/>
      </object_component>
      <object_component id="oc-83c">
         <name>.text</name>
         <load_address>0x44cc2</load_address>
         <run_address>0x44cc2</run_address>
         <size>0x16</size>
         <input_file_ref idref="fl-13d"/>
      </object_component>
      <object_component id="oc-1e8">
         <name>.text:FlashUserGet</name>
         <load_address>0x44cd8</load_address>
         <run_address>0x44cd8</run_address>
         <size>0x14</size>
         <input_file_ref idref="fl-14b"/>
      </object_component>
      <object_component id="oc-1dc">
         <name>.text:SysTickEnable</name>
         <load_address>0x44cec</load_address>
         <run_address>0x44cec</run_address>
         <size>0x14</size>
         <input_file_ref idref="fl-147"/>
      </object_component>
      <object_component id="oc-1e2">
         <name>.text:SysTickIntEnable</name>
         <load_address>0x44d00</load_address>
         <run_address>0x44d00</run_address>
         <size>0x14</size>
         <input_file_ref idref="fl-147"/>
      </object_component>
      <object_component id="oc-806">
         <name>.text:fs_close</name>
         <load_address>0x44d14</load_address>
         <run_address>0x44d14</run_address>
         <size>0x14</size>
         <input_file_ref idref="fl-2"/>
      </object_component>
      <object_component id="oc-99e">
         <name>.text:mem_set</name>
         <load_address>0x44d28</load_address>
         <run_address>0x44d28</run_address>
         <size>0x14</size>
         <input_file_ref idref="fl-a"/>
      </object_component>
      <object_component id="oc-24d">
         <name>.text</name>
         <load_address>0x44d3c</load_address>
         <run_address>0x44d3c</run_address>
         <size>0x14</size>
         <input_file_ref idref="fl-143"/>
      </object_component>
      <object_component id="oc-7ec">
         <name>.text</name>
         <load_address>0x44d50</load_address>
         <run_address>0x44d50</run_address>
         <size>0x14</size>
         <input_file_ref idref="fl-13f"/>
      </object_component>
      <object_component id="oc-380">
         <name>.text:sys_arch_unprotect</name>
         <load_address>0x44d64</load_address>
         <run_address>0x44d64</run_address>
         <size>0x14</size>
         <input_file_ref idref="fl-6"/>
      </object_component>
      <object_component id="oc-683">
         <name>.text:tcp_close</name>
         <load_address>0x44d78</load_address>
         <run_address>0x44d78</run_address>
         <size>0x14</size>
         <input_file_ref idref="fl-6"/>
      </object_component>
      <object_component id="oc-2f9">
         <name>.text:GPIOPinTypeEthernetLED</name>
         <load_address>0x44d8c</load_address>
         <run_address>0x44d8c</run_address>
         <size>0x12</size>
         <input_file_ref idref="fl-14a"/>
      </object_component>
      <object_component id="oc-a0f">
         <name>.text:chk_chr</name>
         <load_address>0x44d9e</load_address>
         <run_address>0x44d9e</run_address>
         <size>0x12</size>
         <input_file_ref idref="fl-a"/>
      </object_component>
      <object_component id="oc-27c">
         <name>.text:netif_set_link_down</name>
         <load_address>0x44db0</load_address>
         <run_address>0x44db0</run_address>
         <size>0x12</size>
         <input_file_ref idref="fl-6"/>
      </object_component>
      <object_component id="oc-719">
         <name>.text:pbuf_clen</name>
         <load_address>0x44dc2</load_address>
         <run_address>0x44dc2</run_address>
         <size>0x12</size>
         <input_file_ref idref="fl-6"/>
      </object_component>
      <object_component id="oc-3f9">
         <name>.text:tcp_segs_free</name>
         <load_address>0x44dd4</load_address>
         <run_address>0x44dd4</run_address>
         <size>0x12</size>
         <input_file_ref idref="fl-6"/>
      </object_component>
      <object_component id="oc-6d4">
         <name>.text:EMACFrameFilterSet</name>
         <load_address>0x44de8</load_address>
         <run_address>0x44de8</run_address>
         <size>0x10</size>
         <input_file_ref idref="fl-14c"/>
      </object_component>
      <object_component id="oc-1d6">
         <name>.text:SysTickPeriodSet</name>
         <load_address>0x44df8</load_address>
         <run_address>0x44df8</run_address>
         <size>0x10</size>
         <input_file_ref idref="fl-147"/>
      </object_component>
      <object_component id="oc-933">
         <name>.text:disk_status</name>
         <load_address>0x44e08</load_address>
         <run_address>0x44e08</run_address>
         <size>0x10</size>
         <input_file_ref idref="fl-b"/>
      </object_component>
      <object_component id="oc-764">
         <name>.text:inet_chksum</name>
         <load_address>0x44e18</load_address>
         <run_address>0x44e18</run_address>
         <size>0x10</size>
         <input_file_ref idref="fl-6"/>
      </object_component>
      <object_component id="oc-46b">
         <name>.text:lwip_init</name>
         <load_address>0x44e28</load_address>
         <run_address>0x44e28</run_address>
         <size>0x10</size>
         <input_file_ref idref="fl-6"/>
      </object_component>
      <object_component id="oc-4d1">
         <name>.text:pbuf_chain</name>
         <load_address>0x44e38</load_address>
         <run_address>0x44e38</run_address>
         <size>0x10</size>
         <input_file_ref idref="fl-6"/>
      </object_component>
      <object_component id="oc-8e5">
         <name>.text:st_clust</name>
         <load_address>0x44e48</load_address>
         <run_address>0x44e48</run_address>
         <size>0x10</size>
         <input_file_ref idref="fl-a"/>
      </object_component>
      <object_component id="oc-37a">
         <name>.text:sys_arch_protect</name>
         <load_address>0x44e58</load_address>
         <run_address>0x44e58</run_address>
         <size>0x10</size>
         <input_file_ref idref="fl-6"/>
      </object_component>
      <object_component id="oc-12">
         <name>.text:decompress:none</name>
         <load_address>0x44e68</load_address>
         <run_address>0x44e68</run_address>
         <size>0xe</size>
         <input_file_ref idref="fl-134"/>
      </object_component>
      <object_component id="oc-7ca">
         <name>.text:CPUcpsie</name>
         <load_address>0x44e76</load_address>
         <run_address>0x44e76</run_address>
         <size>0xc</size>
         <input_file_ref idref="fl-14d"/>
      </object_component>
      <object_component id="oc-1ac">
         <name>.text:SysCtlMOSCConfigSet</name>
         <load_address>0x44e84</load_address>
         <run_address>0x44e84</run_address>
         <size>0xc</size>
         <input_file_ref idref="fl-148"/>
      </object_component>
      <object_component id="oc-1e">
         <name>.text:decompress:ZI</name>
         <load_address>0x44e90</load_address>
         <run_address>0x44e90</run_address>
         <size>0xc</size>
         <input_file_ref idref="fl-136"/>
      </object_component>
      <object_component id="oc-206">
         <name>.text:httpd_init</name>
         <load_address>0x44e9c</load_address>
         <run_address>0x44e9c</run_address>
         <size>0xc</size>
         <input_file_ref idref="fl-9"/>
      </object_component>
      <object_component id="oc-2a6">
         <name>.text:lwIPLocalIPAddrGet</name>
         <load_address>0x44ea8</load_address>
         <run_address>0x44ea8</run_address>
         <size>0xc</size>
         <input_file_ref idref="fl-6"/>
      </object_component>
      <object_component id="oc-4d7">
         <name>.text:lwip_htons</name>
         <load_address>0x44eb4</load_address>
         <run_address>0x44eb4</run_address>
         <size>0xc</size>
         <input_file_ref idref="fl-6"/>
      </object_component>
      <object_component id="oc-47d">
         <name>.text:netif_set_default</name>
         <load_address>0x44ec0</load_address>
         <run_address>0x44ec0</run_address>
         <size>0xc</size>
         <input_file_ref idref="fl-6"/>
      </object_component>
      <object_component id="oc-6bb">
         <name>.text:netif_set_gw</name>
         <load_address>0x44ecc</load_address>
         <run_address>0x44ecc</run_address>
         <size>0xc</size>
         <input_file_ref idref="fl-6"/>
      </object_component>
      <object_component id="oc-6b5">
         <name>.text:netif_set_netmask</name>
         <load_address>0x44ed8</load_address>
         <run_address>0x44ed8</run_address>
         <size>0xc</size>
         <input_file_ref idref="fl-6"/>
      </object_component>
      <object_component id="oc-a01">
         <name>.text:power_off</name>
         <load_address>0x44ee4</load_address>
         <run_address>0x44ee4</run_address>
         <size>0xc</size>
         <input_file_ref idref="fl-b"/>
      </object_component>
      <object_component id="oc-9ec">
         <name>.text:rcvr_spi_m</name>
         <load_address>0x44ef0</load_address>
         <run_address>0x44ef0</run_address>
         <size>0xc</size>
         <input_file_ref idref="fl-b"/>
      </object_component>
      <object_component id="oc-6a1">
         <name>.text:sys_now</name>
         <load_address>0x44efc</load_address>
         <run_address>0x44efc</run_address>
         <size>0xc</size>
         <input_file_ref idref="fl-6"/>
      </object_component>
      <object_component id="oc-6fe">
         <name>.text:IntMasterEnable</name>
         <load_address>0x44f08</load_address>
         <run_address>0x44f08</run_address>
         <size>0xa</size>
         <input_file_ref idref="fl-149"/>
      </object_component>
      <object_component id="oc-5d4">
         <name>.text:tcp_poll</name>
         <load_address>0x44f12</load_address>
         <run_address>0x44f12</run_address>
         <size>0xa</size>
         <input_file_ref idref="fl-6"/>
      </object_component>
      <object_component id="oc-71f">
         <name>.text:EMACTxDMAPollDemand</name>
         <load_address>0x44f1c</load_address>
         <run_address>0x44f1c</run_address>
         <size>0x8</size>
         <input_file_ref idref="fl-14c"/>
      </object_component>
      <object_component id="oc-8d9">
         <name>.text:get_fattime</name>
         <load_address>0x44f24</load_address>
         <run_address>0x44f24</run_address>
         <size>0x8</size>
         <input_file_ref idref="fl-b"/>
      </object_component>
      <object_component id="oc-5e6">
         <name>.text:http_err</name>
         <load_address>0x44f2c</load_address>
         <run_address>0x44f2c</run_address>
         <size>0x8</size>
         <input_file_ref idref="fl-9"/>
      </object_component>
      <object_component id="oc-511">
         <name>.text:icmp_dest_unreach</name>
         <load_address>0x44f34</load_address>
         <run_address>0x44f34</run_address>
         <size>0x8</size>
         <input_file_ref idref="fl-6"/>
      </object_component>
      <object_component id="oc-7b2">
         <name>.text:EMACRxDMADescriptorListSet</name>
         <load_address>0x44f3c</load_address>
         <run_address>0x44f3c</run_address>
         <size>0x6</size>
         <input_file_ref idref="fl-14c"/>
      </object_component>
      <object_component id="oc-9d">
         <name>.text:EMACTimestampIntStatus</name>
         <load_address>0x44f42</load_address>
         <run_address>0x44f42</run_address>
         <size>0x6</size>
         <input_file_ref idref="fl-14c"/>
      </object_component>
      <object_component id="oc-7b8">
[...]
      </symbol>
      <symbol id="sm-bd2">
         <name>ethzero</name>
         <value>0x3d2aa</value>
         <object_component_ref idref="oc-23c"/>
      </symbol>
      <symbol id="sm-bd3">
         <name>lwIPTimer</name>
         <value>0x44955</value>
         <object_component_ref idref="oc-96"/>
      </symbol>
      <symbol id="sm-bd4">
         <name>tcp_update_rcv_ann_wnd</name>
         <value>0x445a3</value>
         <object_component_ref idref="oc-79f"/>
      </symbol>
      <symbol id="sm-bd5">
         <name>tcp_new</name>
         <value>0x44f85</value>
         <object_component_ref idref="oc-495"/>
      </symbol>
      <symbol id="sm-bd6">
         <name>ethbroadcast</name>
         <value>0x3d2a4</value>
         <object_component_ref idref="oc-23c"/>
      </symbol>
      <symbol id="sm-bd7">
         <name>lwip_init</name>
         <value>0x44e29</value>
         <object_component_ref idref="oc-46b"/>
      </symbol>
      <symbol id="sm-bd8">
         <name>lwIPEthernetIntHandler</name>
         <value>0x43255</value>
         <object_component_ref idref="oc-48"/>
      </symbol>
      <symbol id="sm-bd9">
         <name>tcp_sent</name>
         <value>0x44fa3</value>
         <object_component_ref idref="oc-5da"/>
      </symbol>
      <symbol id="sm-bda">
         <name>tcp_tmr</name>
         <value>0x449b5</value>
         <object_component_ref idref="oc-120"/>
      </symbol>
      <symbol id="sm-bdb">
         <name>tcp_eff_send_mss</name>
         <value>0x44995</value>
         <object_component_ref idref="oc-67b"/>
      </symbol>
      <symbol id="sm-bdc">
         <name>tcp_process_refused_data</name>
         <value>0x42d41</value>
         <object_component_ref idref="oc-3de"/>
      </symbol>
      <symbol id="sm-bdd">
         <name>tcp_listen_with_backlog</name>
         <value>0x41ecd</value>
         <object_component_ref idref="oc-4a7"/>
      </symbol>
      <symbol id="sm-bde">
         <name>netif_add</name>
         <value>0x438bd</value>
         <object_component_ref idref="oc-477"/>
      </symbol>
      <symbol id="sm-bdf">
         <name>tcp_seg_copy</name>
         <value>0x448a9</value>
         <object_component_ref idref="oc-81d"/>
      </symbol>
      <symbol id="sm-be0">
         <name>netif_set_default</name>
         <value>0x44ec1</value>
         <object_component_ref idref="oc-47d"/>
      </symbol>
      <symbol id="sm-be1">
         <name>tcp_accept</name>
         <value>0x44f9b</value>
         <object_component_ref idref="oc-4b3"/>
      </symbol>
      <symbol id="sm-be2">
         <name>sys_now</name>
         <value>0x44efd</value>
         <object_component_ref idref="oc-6a1"/>
      </symbol>
      <symbol id="sm-be3">
         <name>ip_route</name>
         <value>0x43a4d</value>
         <object_component_ref idref="oc-36d"/>
      </symbol>
      <symbol id="sm-be4">
         <name>tcp_pcb_remove</name>
         <value>0x43369</value>
         <object_component_ref idref="oc-651"/>
      </symbol>
      <symbol id="sm-be5">
         <name>g_RxDescList</name>
         <value>0x200182c0</value>
         <object_component_ref idref="oc-f1"/>
      </symbol>
      <symbol id="sm-be6">
         <name>g_TxDescList</name>
         <value>0x200182b0</value>
         <object_component_ref idref="oc-f1"/>
      </symbol>
      <symbol id="sm-be7">
         <name>sys_timeout</name>
         <value>0x42c71</value>
         <object_component_ref idref="oc-69b"/>
      </symbol>
      <symbol id="sm-be8">
         <name>etharp_tmr</name>
         <value>0x440c1</value>
         <object_component_ref idref="oc-11a"/>
      </symbol>
      <symbol id="sm-be9">
         <name>tcp_abort</name>
         <value>0x44f73</value>
         <object_component_ref idref="oc-649"/>
      </symbol>
      <symbol id="sm-bea">
         <name>mem_trim</name>
         <value>0x41135</value>
         <object_component_ref idref="oc-625"/>
      </symbol>
      <symbol id="sm-beb">
         <name>tcp_setprio</name>
         <value>0x44fa7</value>
         <object_component_ref idref="oc-49b"/>
      </symbol>
      <symbol id="sm-bec">
         <name>lwip_stats</name>
         <value>0x20017770</value>
         <object_component_ref idref="oc-2a2"/>
      </symbol>
      <symbol id="sm-c5a">
         <name>UARTStdioConfig</name>
         <value>0x43195</value>
         <object_component_ref idref="oc-1be"/>
      </symbol>
      <symbol id="sm-c5b">
         <name>UARTwrite</name>
         <value>0x43c15</value>
         <object_component_ref idref="oc-445"/>
      </symbol>
      <symbol id="sm-c5c">
         <name>UARTprintf</name>
         <value>0x44b35</value>
         <object_component_ref idref="oc-1c4"/>
      </symbol>
      <symbol id="sm-c5d">
         <name>UARTvprintf</name>
         <value>0x3f17d</value>
         <object_component_ref idref="oc-30c"/>
      </symbol>
      <symbol id="sm-cb1">
         <name>uvsnprintf</name>
         <value>0x3eb1d</value>
         <object_component_ref idref="oc-52e"/>
      </symbol>
      <symbol id="sm-cb2">
         <name>ustrncpy</name>
         <value>0x446df</value>
         <object_component_ref idref="oc-66c"/>
      </symbol>
      <symbol id="sm-cb3">
         <name>usprintf</name>
         <value>0x449f5</value>
         <object_component_ref idref="oc-3cd"/>
      </symbol>
      <symbol id="sm-cb4">
         <name>ustrncmp</name>
         <value>0x44301</value>
         <object_component_ref idref="oc-873"/>
      </symbol>
      <symbol id="sm-e1a">
         <name>httpd_init</name>
         <value>0x44e9d</value>
         <object_component_ref idref="oc-206"/>
      </symbol>
      <symbol id="sm-e1b">
         <name>g_psDefaultFilenames</name>
         <value>0x3d2e0</value>
         <object_component_ref idref="oc-854"/>
      </symbol>
      <symbol id="sm-f96">
         <name>f_read</name>
         <value>0x3fd19</value>
         <object_component_ref idref="oc-862"/>
      </symbol>
      <symbol id="sm-f97">
         <name>clust2sect</name>
         <value>0x44b99</value>
         <object_component_ref idref="oc-8a9"/>
      </symbol>
      <symbol id="sm-f98">
         <name>put_fat</name>
         <value>0x4121d</value>
         <object_component_ref idref="oc-9a8"/>
      </symbol>
      <symbol id="sm-f99">
         <name>f_open</name>
         <value>0x3ffc1</value>
         <object_component_ref idref="oc-879"/>
      </symbol>
      <symbol id="sm-f9a">
         <name>get_fat</name>
         <value>0x41591</value>
         <object_component_ref idref="oc-8a3"/>
      </symbol>
      <symbol id="sm-10b3">
         <name>get_fattime</name>
         <value>0x44f25</value>
         <object_component_ref idref="oc-8d9"/>
      </symbol>
      <symbol id="sm-10b4">
         <name>disk_status</name>
         <value>0x44e09</value>
         <object_component_ref idref="oc-933"/>
      </symbol>
      <symbol id="sm-10b5">
         <name>disk_read</name>
         <value>0x42095</value>
         <object_component_ref idref="oc-8b5"/>
      </symbol>
      <symbol id="sm-10b6">
         <name>disk_initialize</name>
         <value>0x40105</value>
         <object_component_ref idref="oc-976"/>
      </symbol>
      <symbol id="sm-10b7">
         <name>disk_write</name>
         <value>0x4196d</value>
         <object_component_ref idref="oc-8af"/>
      </symbol>
      <symbol id="sm-10d5">
         <name>PinoutSet</name>
         <value>0x3ed6d</value>
         <object_component_ref idref="oc-1b8"/>
      </symbol>
      <symbol id="sm-10e7">
         <name>_c_int00</name>
         <value>0x4390d</value>
         <object_component_ref idref="oc-24"/>
      </symbol>
      <symbol id="sm-10e8">
         <name>__stack</name>
         <value>0x20017aac</value>
         <object_component_ref idref="oc-29"/>
      </symbol>
      <symbol id="sm-10ff">
         <name>__TI_decompress_none</name>
         <value>0x44e69</value>
         <object_component_ref idref="oc-12"/>
      </symbol>
      <symbol id="sm-1122">
         <name>__TI_decompress_rle24</name>
         <value>0x44f6d</value>
         <object_component_ref idref="oc-18"/>
      </symbol>
      <symbol id="sm-1134">
         <name>__TI_zero_init</name>
         <value>0x44e91</value>
         <object_component_ref idref="oc-1e"/>
      </symbol>
      <symbol id="sm-1153">
         <name>C$$EXIT</name>
         <value>0x43f71</value>
         <object_component_ref idref="oc-88"/>
      </symbol>
      <symbol id="sm-1154">
         <name>abort</name>
         <value>0x43f75</value>
         <object_component_ref idref="oc-88"/>
      </symbol>
      <symbol id="sm-1155">
         <name>exit</name>
         <value>0x43f7d</value>
         <object_component_ref idref="oc-88"/>
      </symbol>
      <symbol id="sm-1156">
         <name>__TI_dtors_ptr</name>
         <value>0x20018300</value>
         <object_component_ref idref="oc-e9"/>
      </symbol>
      <symbol id="sm-1157">
         <name>__TI_cleanup_ptr</name>
         <value>0x200182fc</value>
         <object_component_ref idref="oc-e9"/>
      </symbol>
      <symbol id="sm-1167">
         <name>memcmp</name>
         <value>0x448f1</value>
         <object_component_ref idref="oc-3b1"/>
      </symbol>
      <symbol id="sm-1182">
         <name>memcpy</name>
         <value>0x41e2f</value>
         <object_component_ref idref="oc-51"/>
      </symbol>
      <symbol id="sm-1183">
         <name>__aeabi_memcpy</name>
         <value>0x41e2f</value>
         <object_component_ref idref="oc-51"/>
      </symbol>
      <symbol id="sm-1184">
         <name>__aeabi_memcpy8</name>
         <value>0x41e2f</value>
         <object_component_ref idref="oc-51"/>
      </symbol>
      <symbol id="sm-1185">
         <name>__aeabi_memcpy4</name>
         <value>0x41e2f</value>
         <object_component_ref idref="oc-51"/>
      </symbol>
      <symbol id="sm-1194">
         <name>__aeabi_memset</name>
         <value>0x426cb</value>
         <object_component_ref idref="oc-6a"/>
      </symbol>
      <symbol id="sm-1195">
         <name>memset</name>
         <value>0x426d1</value>
         <object_component_ref idref="oc-6a"/>
      </symbol>
      <symbol id="sm-1196">
         <name>__aeabi_memset8</name>
         <value>0x426cb</value>
         <object_component_ref idref="oc-6a"/>
      </symbol>
      <symbol id="sm-1197">
         <name>__aeabi_memset4</name>
         <value>0x426cb</value>
         <object_component_ref idref="oc-6a"/>
      </symbol>
      <symbol id="sm-1198">
         <name>__aeabi_memclr8</name>
         <value>0x426c9</value>
         <object_component_ref idref="oc-6a"/>
      </symbol>
      <symbol id="sm-1199">
         <name>__aeabi_memclr4</name>
         <value>0x426c9</value>
         <object_component_ref idref="oc-6a"/>
      </symbol>
      <symbol id="sm-119a">
         <name>__aeabi_memclr</name>
         <value>0x426c9</value>
         <object_component_ref idref="oc-6a"/>
      </symbol>
      <symbol id="sm-11a4">
         <name>_system_pre_init</name>
         <value>0x44f97</value>
         <object_component_ref idref="oc-76"/>
      </symbol>
      <symbol id="sm-11ac">
         <name>main_func_sp</name>
         <value>0x2001830c</value>
         <object_component_ref idref="oc-8e"/>
      </symbol>
      <symbol id="sm-11bc">
         <name>strchr</name>
         <value>0x44cc3</value>
         <object_component_ref idref="oc-83c"/>
      </symbol>
      <symbol id="sm-11cb">
         <name>strcmp</name>
         <value>0x44be1</value>
         <object_component_ref idref="oc-924"/>
      </symbol>
      <symbol id="sm-11d9">
         <name>strlen</name>
         <value>0x44d51</value>
         <object_component_ref idref="oc-7ec"/>
      </symbol>
      <symbol id="sm-11e9">
         <name>strncmp</name>
         <value>0x447cb</value>
         <object_component_ref idref="oc-7df"/>
      </symbol>
      <symbol id="sm-11fc">
         <name>strstr</name>
         <value>0x4443d</value>
         <object_component_ref idref="oc-91e"/>
      </symbol>
      <symbol id="sm-120f">
         <name>__aeabi_uidivmod</name>
         <value>0x4403d</value>
         <object_component_ref idref="oc-44b"/>
      </symbol>
      <symbol id="sm-1210">
         <name>__aeabi_uidiv</name>
         <value>0x4403d</value>
         <object_component_ref idref="oc-44b"/>
      </symbol>
      <symbol id="sm-1229">
         <name>_nop</name>
         <value>0x44d4b</value>
         <object_component_ref idref="oc-24d"/>
      </symbol>
      <symbol id="sm-122a">
         <name>_lock</name>
         <value>0x200182f4</value>
         <object_component_ref idref="oc-e6"/>
      </symbol>
      <symbol id="sm-122b">
         <name>_unlock</name>
         <value>0x200182f8</value>
         <object_component_ref idref="oc-e6"/>
      </symbol>
      <symbol id="sm-122c">
         <name>_register_lock</name>
         <value>0x44d43</value>
         <object_component_ref idref="oc-24d"/>
      </symbol>
      <symbol id="sm-122d">
         <name>_register_unlock</name>
         <value>0x44d3d</value>
         <object_component_ref idref="oc-24d"/>
      </symbol>
      <symbol id="sm-1242">
         <name>_args_main</name>
         <value>0x44bc9</value>
         <object_component_ref idref="oc-82"/>
      </symbol>
      <symbol id="sm-1268">
         <name>__TI_auto_init</name>
         <value>0x42a61</value>
         <object_component_ref idref="oc-7c"/>
      </symbol>
      <symbol id="sm-1282">
         <name>copy_in</name>
         <value>0x43a99</value>
         <object_component_ref idref="oc-d6"/>
      </symbol>
      <symbol id="sm-12af">
         <name>SysTickEnable</name>
         <value>0x44ced</value>
         <object_component_ref idref="oc-1dc"/>
      </symbol>
      <symbol id="sm-12b0">
         <name>SysTickIntEnable</name>
         <value>0x44d01</value>
         <object_component_ref idref="oc-1e2"/>
      </symbol>
      <symbol id="sm-12b1">
         <name>SysTickPeriodSet</name>
         <value>0x44df9</value>
         <object_component_ref idref="oc-1d6"/>
      </symbol>
      <symbol id="sm-1341">
         <name>SysCtlDelay</name>
         <value>0x44f61</value>
         <object_component_ref idref="oc-2b8"/>
      </symbol>
      <symbol id="sm-1342">
         <name>SysCtlMOSCConfigSet</name>
         <value>0x44e85</value>
         <object_component_ref idref="oc-1ac"/>
      </symbol>
      <symbol id="sm-1343">
         <name>SysCtlPeripheralReady</name>
         <value>0x443d5</value>
         <object_component_ref idref="oc-45e"/>
      </symbol>
      <symbol id="sm-1344">
         <name>SysCtlClockFreqSet</name>
         <value>0x3ef81</value>
         <object_component_ref idref="oc-1b2"/>
      </symbol>
      <symbol id="sm-1345">
         <name>SysCtlPeripheralReset</name>
         <value>0x437cd</value>
         <object_component_ref idref="oc-458"/>
      </symbol>
      <symbol id="sm-1384">
         <name>IntPrioritySet</name>
         <value>0x44819</value>
         <object_component_ref idref="oc-21e"/>
      </symbol>
      <symbol id="sm-1385">
         <name>IntEnable</name>
         <value>0x43135</value>
         <object_component_ref idref="oc-6f8"/>
      </symbol>
      <symbol id="sm-1386">
         <name>IntMasterEnable</name>
         <value>0x44f09</value>
         <object_component_ref idref="oc-6fe"/>
      </symbol>
      <symbol id="sm-13c3">
         <name>GPIOPinTypeGPIOOutput</name>
         <value>0x44b69</value>
         <object_component_ref idref="oc-1ca"/>
      </symbol>
      <symbol id="sm-13c4">
         <name>GPIOPinRead</name>
         <value>0x44f4f</value>
         <object_component_ref idref="oc-2b2"/>
      </symbol>
      <symbol id="sm-13c5">
         <name>GPIODirModeSet</name>
         <value>0x446b5</value>
         <object_component_ref idref="oc-318"/>
      </symbol>
      <symbol id="sm-13c6">
         <name>GPIOPinWrite</name>
         <value>0x44f55</value>
         <object_component_ref idref="oc-1d0"/>
      </symbol>
      <symbol id="sm-13c7">
         <name>GPIOPadConfigSet</name>
         <value>0x404bb</value>
         <object_component_ref idref="oc-2f3"/>
      </symbol>
      <symbol id="sm-13c8">
         <name>GPIOPinTypeEthernetLED</name>
         <value>0x44d8d</value>
         <object_component_ref idref="oc-2f9"/>
      </symbol>
      <symbol id="sm-13d7">
         <name>FlashUserGet</name>
         <value>0x44cd9</value>
         <object_component_ref idref="oc-1e8"/>
      </symbol>
      <symbol id="sm-1491">
         <name>EMACConfigSet</name>
         <value>0x4436d</value>
         <object_component_ref idref="oc-28e"/>
      </symbol>
      <symbol id="sm-1492">
         <name>EMACTxEnable</name>
         <value>0x44c55</value>
         <object_component_ref idref="oc-6e6"/>
      </symbol>
      <symbol id="sm-1493">
         <name>EMACRxDMADescriptorListSet</name>
         <value>0x44f3d</value>
         <object_component_ref idref="oc-7b2"/>
      </symbol>
      <symbol id="sm-1494">
         <name>EMACPHYConfigSet</name>
         <value>0x43479</value>
         <object_component_ref idref="oc-327"/>
      </symbol>
      <symbol id="sm-1495">
         <name>EMACPHYRead</name>
         <value>0x44759</value>
         <object_component_ref idref="oc-276"/>
      </symbol>
      <symbol id="sm-1496">
         <name>EMACTimestampIntStatus</name>
         <value>0x44f43</value>
         <object_component_ref idref="oc-9d"/>
      </symbol>
      <symbol id="sm-1497">
         <name>EMACRxEnable</name>
         <value>0x44c3f</value>
         <object_component_ref idref="oc-6ec"/>
      </symbol>
      <symbol id="sm-1498">
         <name>EMACIntClear</name>
         <value>0x443a1</value>
         <object_component_ref idref="oc-6e0"/>
      </symbol>
      <symbol id="sm-1499">
         <name>EMACConfigGet</name>
         <value>0x44339</value>
         <object_component_ref idref="oc-288"/>
      </symbol>
      <symbol id="sm-149a">
         <name>EMACIntEnable</name>
         <value>0x4413f</value>
         <object_component_ref idref="oc-6f2"/>
      </symbol>
      <symbol id="sm-149b">
         <name>EMACPHYWrite</name>
         <value>0x4477f</value>
         <object_component_ref idref="oc-6ce"/>
      </symbol>
      <symbol id="sm-149c">
         <name>EMACReset</name>
         <value>0x44c29</value>
         <object_component_ref idref="oc-464"/>
      </symbol>
      <symbol id="sm-149d">
         <name>EMACFrameFilterSet</name>
         <value>0x44de9</value>
         <object_component_ref idref="oc-6d4"/>
      </symbol>
      <symbol id="sm-149e">
         <name>EMACTxDMAPollDemand</name>
         <value>0x44f1d</value>
         <object_component_ref idref="oc-71f"/>
      </symbol>
      <symbol id="sm-149f">
         <name>EMACAddrGet</name>
         <value>0x44a35</value>
         <object_component_ref idref="oc-6c2"/>
      </symbol>
      <symbol id="sm-14a0">
         <name>EMACTxDMADescriptorListSet</name>
         <value>0x44f49</value>
         <object_component_ref idref="oc-7b8"/>
      </symbol>
      <symbol id="sm-14a1">
         <name>EMACIntStatus</name>
         <value>0x4462f</value>
         <object_component_ref idref="oc-6da"/>
      </symbol>
      <symbol id="sm-14ab">
         <name>CPUcpsie</name>
         <value>0x44e77</value>
         <object_component_ref idref="oc-7ca"/>
      </symbol>
      <symbol id="sm-14ad">
         <name>__TI_static_base__</name>
         <value>0x0</value>
      </symbol>
      <symbol id="sm-14b0">
         <name>SHT$$INIT_ARRAY$$Limit</name>
         <value>0x0</value>
      </symbol>
      <symbol id="sm-14b1">
         <name>SHT$$INIT_ARRAY$$Base</name>
         <value>0x0</value>
      </symbol>
   </symbol_table>
   <title>Link successful</title>
</link_info>
