******************************************************************************
                  TI ARM Linker PC v5.2.2                      
******************************************************************************
>> Linked Tue Jul 21 01:10:09 2015

OUTPUT FILE NAME:   <AntennaController.out>
ENTRY POINT SYMBOL: "_c_int00"  address: 000439d5


MEMORY CONFIGURATION

         name            origin    length      used     unused   attr    fill
----------------------  --------  ---------  --------  --------  ----  --------
  FLASH                 00000000   00100000  000450d2  000baf2e  R  X
  SRAM                  20000000   00040000  0001830d  00027cf3  RW X


SEGMENT ALLOCATION MAP

run origin  load origin   length   init length attrs members
----------  ----------- ---------- ----------- ----- -------
00000000    00000000    000450d8   000450d8    r-x
  00000000    00000000    00000200   00000200    r-- .intvecs
  00000200    00000200    0003d20c   0003d20c    r-- .const
  0003d40c    0003d40c    00007c66   00007c66    r-x .text
  00045078    00045078    00000060   00000060    r-- .cinit
20000000    20000000    00018310   00000000    rw-
  20000000    20000000    00017aa9   00000000    rw- .bss
  20017aac    20017aac    00000800   00000000    rw- .stack
  200182ac    200182ac    00000064   00000000    rw- .data


SECTION ALLOCATION MAP

 output                                  attributes/
section   page    origin      length       input sections
--------  ----  ----------  ----------   ----------------
.intvecs   0    00000000    00000200     
                  00000000    00000200     startup_ccs.obj (.intvecs)

.const     0    00000200    0003d20c     
                  00000200    0002c026     enet_fs.obj (.const:.string:data_block_jpg)
                  0002c226    0000b650     enet_fs.obj (.const:.string:data_ek_tm4c1294xl_jpg)
                  00037876    00001bfc     enet_fs.obj (.const:.string:data_ti_jpg)
                  00039472    00000d33     enet_fs.obj (.const:.string:data_tm4c_jpg)
                  0003a1a5    0000073a     enet_fs.obj (.const:.string:data_index_htm)
                  0003a8df    000006da     enet_fs.obj (.const:.string:data_about_htm)
                  0003afb9    000006c3     enet_fs.obj (.const:.string:data_favicon_ico)
                  0003b67c    00000604     enet_fs.obj (.const:.string:data_styles_css)
                  0003bc80    000005c6     enet_fs.obj (.const:.string:data_overview_htm)
                  0003c246    00000479     enet_fs.obj (.const:.string:data_javascript_js)
                  0003c6bf    00000001     --HOLE-- [fill = 0]
                  0003c6c0    00000414     httpd.obj (.const:.string)
                  0003cad4    000001b5     enet_fs.obj (.const:.string:data_block_htm)
                  0003cc89    00000003     --HOLE-- [fill = 0]
                  0003cc8c    00000120     driverlib.lib : sysctl.obj (.const:g_pppui32XTALtoVCO)
                  0003cdac    000000f0     enet_fs.obj (.const)
                  0003ce9c    000000da     enet_fs.obj (.const:.string:data_404_htm)
                  0003cf76    000000cb     enet_lwip.obj (.const:.string)
                  0003d041    00000003     --HOLE-- [fill = 0]
                  0003d044    0000009c     driverlib.lib : interrupt.obj (.const:g_pui32Regs)
                  0003d0e0    0000008a     lwiplib.obj (.const:.string)
                  0003d16a    00000002     --HOLE-- [fill = 0]
                  0003d16c    00000088     httpd.obj (.const:g_psHTTPHeaders)
                  0003d1f4    00000070     driverlib.lib : interrupt.obj (.const)
                  0003d264    0000006c                   : sysctl.obj (.const:g_pui32Xtals)
                  0003d2d0    00000068     httpd.obj (.const:g_psHTTPHeaderStrings)
                  0003d338    00000044     lwiplib.obj (.const)
                  0003d37c    00000030     driverlib.lib : sysctl.obj (.const:g_sXTALtoMEMTIM)
                  0003d3ac    00000028     httpd.obj (.const:g_psDefaultFilenames)
                  0003d3d4    0000001c     uartstdio.obj (.const)
                  0003d3f0    00000012     uartstdio.obj (.const:.string)
                  0003d402    00000002     --HOLE-- [fill = 0]
                  0003d404    00000008     driverlib.lib : sysctl.obj (.const)

.text      0    0003d40c    00007c66     
                  0003d40c    000007bc     lwiplib.obj (.text:tcp_receive)
                  0003dbc8    000003b0     lwiplib.obj (.text:tcp_input)
                  0003df78    000003b0     lwiplib.obj (.text:tcp_process)
                  0003e328    00000304     ff.obj (.text:chk_mounted)
                  0003e62c    000002ec     lwiplib.obj (.text:tcp_write)
                  0003e918    000002c8     lwiplib.obj (.text:tcp_slowtmr)
                  0003ebe0    0000024d     ustdlib.obj (.text:uvsnprintf)
                  0003ee2d    00000001     --HOLE-- [fill = 0]
                  0003ee2e    00000002     startup_ccs.obj (.text:FaultISR)
                  0003ee30    00000214     pinout.obj (.text:PinoutSet)
                  0003f044    000001fc     driverlib.lib : sysctl.obj (.text:SysCtlClockFreqSet)
                  0003f240    000001ea     uartstdio.obj (.text:UARTvprintf)
                  0003f42a    00000002     startup_ccs.obj (.text:IntDefaultHandler)
                  0003f42c    000001c4     enet_lwip.obj (.text:main)
                  0003f5f0    000001a8     lwiplib.obj (.text:ip_input)
                  0003f798    000001a0     httpd.obj (.text:http_send_data)
                  0003f938    00000194     lwiplib.obj (.text:udp_input)
                  0003facc    00000190     lwiplib.obj (.text:tcp_output)
                  0003fc5c    00000184     lwiplib.obj (.text:icmp_input)
                  0003fde0    0000015e     ff.obj (.text:f_read)
                  0003ff3e    00000002     startup_ccs.obj (.text:NmiSR)
                  0003ff40    00000148     lwiplib.obj (.text:tcp_close_shutdown)
                  00040088    00000144     ff.obj (.text:f_open)
                  000401cc    00000140     mmc-ek-tm4c1294xl.obj (.text:disk_initialize)
                  0004030c    00000140     lwiplib.obj (.text:tivaif_receive)
                  0004044c    00000136     lwiplib.obj (.text:pbuf_alloc)
                  00040582    00000130     driverlib.lib : gpio.obj (.text:GPIOPadConfigSet)
                  000406b2    00000002     --HOLE-- [fill = 0]
                  000406b4    00000124     lwiplib.obj (.text:etharp_arp_input)
                  000407d8    00000123     ff.obj (.text:create_name)
                  000408fb    00000001     --HOLE-- [fill = 0]
                  000408fc    00000118     lwiplib.obj (.text:etharp_output)
                  00040a14    00000114     lwiplib.obj (.text:etharp_query)
                  00040b28    00000114     lwiplib.obj (.text:tcp_listen_input)
                  00040c3c    00000100     lwiplib.obj (.text:tivaif_transmit)
                  00040d3c    000000f8     ff.obj (.text:dir_next)
                  00040e34    000000f8     lwiplib.obj (.text:mem_malloc)
                  00040f2c    000000f4     enet_lwip.obj (.text:lwIPHostTimerHandler)
                  00041020    000000f0     mmc-ek-tm4c1294xl.obj (.text:power_on)
                  00041110    000000ec     lwiplib.obj (.text:lwIPInit)
                  000411fc    000000e8     lwiplib.obj (.text:mem_trim)
                  000412e4    000000e2     ff.obj (.text:put_fat)
                  000413c6    00000002     --HOLE-- [fill = 0]
                  000413c8    000000e0     lwiplib.obj (.text:etharp_find_entry)
                  000414a8    000000e0     httpd.obj (.text:get_http_headers)
                  00041588    000000d0     lwiplib.obj (.text:tcp_alloc)
                  00041658    000000cc     ff.obj (.text:get_fat)
                  00041724    000000c8     lwiplib.obj (.text:udp_sendto_if)
                  000417ec    000000c4     lwiplib.obj (.text:InitDMADescriptors)
                  000418b0    000000c4     lwiplib.obj (.text:etharp_raw)
                  00041974    000000c0     lwiplib.obj (.text:tcp_output_segment)
                  00041a34    000000bc     mmc-ek-tm4c1294xl.obj (.text:disk_write)
                  00041af0    000000bc     lwiplib.obj (.text:tcp_create_segment)
                  00041bac    000000bc     lwiplib.obj (.text:tivaif_hwinit)
                  00041c68    000000a8     lwiplib.obj (.text:tcp_enqueue_flags)
                  00041d10    000000a4     lwiplib.obj (.text:ethernet_input)
                  00041db4    000000a4     lwiplib.obj (.text:ip_output_if)
                  00041e58    0000009e     httpd.obj (.text:http_parse_request)
                  00041ef6    0000009c     rtsv7M4_T_le_v4SPD16_eabi.lib : memcpy_t2.obj (.text)
                  00041f92    00000002     --HOLE-- [fill = 0]
                  00041f94    0000009c     lwiplib.obj (.text:tcp_listen_with_backlog)
                  00042030    00000098     ff.obj (.text:create_chain)
                  000420c8    00000092     lwiplib.obj (.text:pbuf_copy)
                  0004215a    00000002     --HOLE-- [fill = 0]
                  0004215c    00000090     mmc-ek-tm4c1294xl.obj (.text:disk_read)
                  000421ec    00000090     lwiplib.obj (.text:tcp_abandon)
                  0004227c    0000008c     enet_fs.obj (.text:fs_open)
                  00042308    0000008c     lwiplib.obj (.text:tcp_zero_window_probe)
                  00042394    00000088     locator.obj (.text:LocatorReceive)
                  0004241c    00000084     lwiplib.obj (.text:tcp_timewait_input)
                  000424a0    00000080     lwiplib.obj (.text:lwIPPrivateInit)
                  00042520    00000080     lwiplib.obj (.text:tcp_parseopt)
                  000425a0    0000007c     ff.obj (.text:dir_sdi)
                  0004261c    0000007c     lwiplib.obj (.text:tcp_bind)
                  00042698    0000007c     lwiplib.obj (.text:tcp_rst)
                  00042714    0000007c     lwiplib.obj (.text:tivaif_process_phy_interrupt)
                  00042790    0000007a     rtsv7M4_T_le_v4SPD16_eabi.lib : memset_t2.obj (.text)
                  0004280a    00000002     --HOLE-- [fill = 0]
                  0004280c    00000078     lwiplib.obj (.text:tcp_oos_insert_segment)
                  00042884    00000074     ff.obj (.text:check_fs)
                  000428f8    00000074     lwiplib.obj (.text:etharp_update_arp_entry)
                  0004296c    00000074     lwiplib.obj (.text:raw_input)
                  000429e0    00000070     lwiplib.obj (.text:tcp_fasttmr)
                  00042a50    0000006c     lwiplib.obj (.text:icmp_send_response)
                  00042abc    0000006c     lwiplib.obj (.text:memp_init)
                  00042b28    0000006c     rtsv7M4_T_le_v4SPD16_eabi.lib : autoinit.obj (.text)
                  00042b94    0000006a                                   : copy_decompress_rle.obj (.text)
                  00042bfe    00000068     httpd.obj (.text:http_recv)
                  00042c66    00000068     lwiplib.obj (.text:lwip_standard_chksum)
                  00042cce    00000068     lwiplib.obj (.text:pbuf_copy_partial)
                  00042d36    00000002     --HOLE-- [fill = 0]
                  00042d38    00000068     lwiplib.obj (.text:sys_timeout)
                  00042da0    00000068     lwiplib.obj (.text:tcp_output_alloc_header)
                  00042e08    00000068     lwiplib.obj (.text:tcp_process_refused_data)
                  00042e70    00000068     lwiplib.obj (.text:udp_bind)
                  00042ed8    00000066     mmc-ek-tm4c1294xl.obj (.text:send_cmd)
                  00042f3e    00000002     --HOLE-- [fill = 0]
                  00042f40    00000065     httpd.obj (.text:http_init_file)
                  00042fa5    00000001     --HOLE-- [fill = 0]
                  00042fa6    00000064     ff.obj (.text:follow_path)
                  0004300a    00000002     --HOLE-- [fill = 0]
                  0004300c    00000064     httpd.obj (.text:http_find_file)
                  00043070    00000064     lwiplib.obj (.text:mem_free)
                  000430d4    00000064     lwiplib.obj (.text:plug_holes)
                  00043138    00000062     lwiplib.obj (.text:pbuf_header)
                  0004319a    00000062     ff.obj (.text:remove_chain)
                  000431fc    00000060     driverlib.lib : interrupt.obj (.text:IntEnable)
                  0004325c    00000060     uartstdio.obj (.text:UARTStdioConfig)
                  000432bc    00000060     mmc-ek-tm4c1294xl.obj (.text:send_initial_clock_train)
                  0004331c    0000005c     lwiplib.obj (.text:lwIPEthernetIntHandler)
                  00043378    0000005c     lwiplib.obj (.text:mem_init)
                  000433d4    0000005c     lwiplib.obj (.text:netif_set_ipaddr)
                  00043430    0000005c     lwiplib.obj (.text:tcp_pcb_remove)
                  0004348c    0000005a     lwiplib.obj (.text:inet_chksum_pbuf)
                  000434e6    0000005a     lwiplib.obj (.text:pbuf_realloc)
                  00043540    00000058     driverlib.lib : emac.obj (.text:EMACPHYConfigSet)
                  00043598    00000058     httpd.obj (.text:http_accept)
                  000435f0    00000058     lwiplib.obj (.text:memp_malloc)
                  00043648    00000056     ff.obj (.text:sync_window)
                  0004369e    00000056     lwiplib.obj (.text:tcp_rexmit)
                  000436f4    00000054     locator.obj (.text:LocatorInit)
                  00043748    00000054     lwiplib.obj (.text:tcp_new_port)
                  0004379c    00000052     lwiplib.obj (.text:tcp_pbuf_prealloc)
                  000437ee    00000052     lwiplib.obj (.text:tivaif_process_transmit)
                  00043840    00000052     mmc-ek-tm4c1294xl.obj (.text:xmit_datablock)
                  00043892    00000002     --HOLE-- [fill = 0]
                  00043894    00000050     driverlib.lib : sysctl.obj (.text:SysCtlPeripheralReset)
                  000438e4    00000050     httpd.obj (.text:http_close_conn)
                  00043934    00000050     lwiplib.obj (.text:lwIPServiceTimers)
                  00043984    00000050     lwiplib.obj (.text:netif_add)
                  000439d4    00000050     rtsv7M4_T_le_v4SPD16_eabi.lib : boot.obj (.text)
                  00043a24    00000050     mmc-ek-tm4c1294xl.obj (.text:set_max_speed)
                  00043a74    00000050     lwiplib.obj (.text:tcp_write_checks)
                  00043ac4    0000004e     lwiplib.obj (.text:pbuf_free)
                  00043b12    00000002     --HOLE-- [fill = 0]
                  00043b14    0000004c     lwiplib.obj (.text:ip_route)
                  00043b60    0000004c     rtsv7M4_T_le_v4SPD16_eabi.lib : cpy_tbl.obj (.text)
                  00043bac    0000004c     httpd.obj (.text:strnstr)
                  00043bf8    0000004c     lwiplib.obj (.text:tivaif_interrupt)
                  00043c44    0000004c     lwiplib.obj (.text:udp_new_port)
                  00043c90    0000004b     httpd.obj (.text:http_get_404_file)
                  00043cdb    00000001     --HOLE-- [fill = 0]
                  00043cdc    00000048     uartstdio.obj (.text:UARTwrite)
                  00043d24    00000048     driverlib.lib : sysctl.obj (.text:_SysCtlFrequencyGet)
                  00043d6c    00000048     ff.obj (.text:dir_find)
                  00043db4    00000048     lwiplib.obj (.text:etharp_output_to_arp_index)
                  00043dfc    00000048     httpd.obj (.text:http_write)
                  00043e44    00000048     lwiplib.obj (.text:ip_output)
                  00043e8c    00000048     mmc-ek-tm4c1294xl.obj (.text:rcvr_datablock)
                  00043ed4    00000048     lwiplib.obj (.text:tcp_kill_prio)
                  00043f1c    00000048     lwiplib.obj (.text:tcp_rexmit_fast)
                  00043f64    00000046     enet_fs.obj (.text:fs_read)
                  00043faa    00000046     lwiplib.obj (.text:tcp_send_empty_ack)
                  00043ff0    00000046     lwiplib.obj (.text:tcp_send_fin)
                  00044036    00000002     --HOLE-- [fill = 0]
                  00044038    00000044     rtsv7M4_T_le_v4SPD16_eabi.lib : exit.obj (.text)
                  0004407c    00000044     lwiplib.obj (.text:tcp_keepalive)
                  000440c0    00000044     lwiplib.obj (.text:tivaif_check_pbuf)
                  00044104    00000042     rtsv7M4_T_le_v4SPD16_eabi.lib : u_divt2.obj (.text)
                  00044146    00000042     lwiplib.obj (.text:tcp_pcb_purge)
                  00044188    00000040     lwiplib.obj (.text:etharp_tmr)
                  000441c8    0000003e     ff.obj (.text:dir_alloc)
                  00044206    0000003a     driverlib.lib : emac.obj (.text:EMACIntEnable)
                  00044240    00000038     enet_lwip.obj (.text:DisplayIPAddress)
                  00044278    00000038     locator.obj (.text:LocatorAppTitleSet)
                  000442b0    00000038     ff.obj (.text:dir_register)
                  000442e8    00000038     httpd.obj (.text:httpd_init_addr)
                  00044320    00000038     lwiplib.obj (.text:memp_free)
                  00044358    00000038     lwiplib.obj (.text:tcpip_tcp_timer)
                  00044390    00000038     lwiplib.obj (.text:udp_sendto)
                  000443c8    00000036     ustdlib.obj (.text:ustrncmp)
                  000443fe    00000002     --HOLE-- [fill = 0]
                  00044400    00000034     driverlib.lib : emac.obj (.text:EMACConfigGet)
                  00044434    00000034                   : emac.obj (.text:EMACConfigSet)
                  00044468    00000034                   : emac.obj (.text:EMACIntClear)
                  0004449c    00000034                   : sysctl.obj (.text:SysCtlPeripheralReady)
                  000444d0    00000034     httpd.obj (.text:http_poll)
                  00044504    00000034     rtsv7M4_T_le_v4SPD16_eabi.lib : strstr.obj (.text)
                  00044538    00000034     lwiplib.obj (.text:tcp_kill_timewait)
                  0004456c    00000034     lwiplib.obj (.text:tcp_timer_needed)
                  000445a0    00000034     lwiplib.obj (.text:tivaif_init)
                  000445d4    00000032     lwiplib.obj (.text:ip4_addr_isbroadcast)
                  00044606    00000032     mmc-ek-tm4c1294xl.obj (.text:send_cmd12)
                  00044638    00000032     lwiplib.obj (.text:tcp_recved)
                  0004466a    00000030     lwiplib.obj (.text:tcp_update_rcv_ann_wnd)
                  0004469a    0000002e     ff.obj (.text:move_window)
                  000446c8    0000002e     lwiplib.obj (.text:tcp_rexmit_rto)
                  000446f6    0000002c     driverlib.lib : emac.obj (.text:EMACIntStatus)
                  00044722    00000002     --HOLE-- [fill = 0]
                  00044724    0000002c     lwiplib.obj (.text:etharp_request)
                  00044750    0000002c     mmc-ek-tm4c1294xl.obj (.text:rcvr_spi)
                  0004477c    0000002a     driverlib.lib : gpio.obj (.text:GPIODirModeSet)
                  000447a6    0000002a     ustdlib.obj (.text:ustrncpy)
                  000447d0    00000028     lwiplib.obj (.text:pbuf_cat)
                  000447f8    00000028     ff.obj (.text:validate)
                  00044820    00000026     driverlib.lib : emac.obj (.text:EMACPHYRead)
                  00044846    00000026                   : emac.obj (.text:EMACPHYWrite)
                  0004486c    00000026     httpd.obj (.text:http_state_free)
                  00044892    00000026     rtsv7M4_T_le_v4SPD16_eabi.lib : strncmp.obj (.text)
                  000448b8    00000026     lwiplib.obj (.text:tcp_recv_null)
                  000448de    00000002     --HOLE-- [fill = 0]
                  000448e0    00000024     driverlib.lib : interrupt.obj (.text:IntPrioritySet)
                  00044904    00000024     lwiplib.obj (.text:etharp_free_entry)
                  00044928    00000024     lwiplib.obj (.text:netif_set_link_up)
                  0004494c    00000024     lwiplib.obj (.text:netif_set_up)
                  00044970    00000024     lwiplib.obj (.text:tcp_seg_copy)
                  00044994    00000024     mmc-ek-tm4c1294xl.obj (.text:xmit_spi)
                  000449b8    00000022     rtsv7M4_T_le_v4SPD16_eabi.lib : memcmp.obj (.text)
                  000449da    00000002     --HOLE-- [fill = 0]
                  000449dc    00000020     locator.obj (.text:LocatorMACAddrSet)
                  000449fc    00000020     lwiplib.obj (.text:etharp_send_ip)
                  00044a1c    00000020     lwiplib.obj (.text:lwIPTimer)
                  00044a3c    00000020     lwiplib.obj (.text:sys_timeouts_init)
                  00044a5c    00000020     lwiplib.obj (.text:tcp_eff_send_mss)
                  00044a7c    00000020     lwiplib.obj (.text:tcp_tmr)
                  00044a9c    00000020     enet_lwip.obj (.text:udp_echo_recv)
                  00044abc    00000020     ustdlib.obj (.text:usprintf)
                  00044adc    00000020     mmc-ek-tm4c1294xl.obj (.text:wait_ready)
                  00044afc    0000001e     driverlib.lib : emac.obj (.text:EMACAddrGet)
                  00044b1a    0000001e     ff.obj (.text:ld_clust)
                  00044b38    0000001c     mmc-ek-tm4c1294xl.obj (.text:DESELECT)
                  00044b54    0000001c     mmc-ek-tm4c1294xl.obj (.text:SELECT)
                  00044b70    0000001c     driverlib.lib : sysctl.obj (.text:_SysCtlMemTimingGet)
                  00044b8c    0000001c     httpd.obj (.text:http_state_alloc)
                  00044ba8    0000001c     ff.obj (.text:mem_cmp)
                  00044bc4    0000001c     lwiplib.obj (.text:netif_set_addr)
                  00044be0    0000001c     lwiplib.obj (.text:udp_new)
                  00044bfc    0000001a     uartstdio.obj (.text:UARTprintf)
                  00044c16    0000001a     lwiplib.obj (.text:lwip_htonl)
                  00044c30    00000018     driverlib.lib : gpio.obj (.text:GPIOPinTypeGPIOOutput)
                  00044c48    00000018     lwiplib.obj (.text:arp_timer)
                  00044c60    00000018     ff.obj (.text:clust2sect)
                  00044c78    00000018     lwiplib.obj (.text:pbuf_pool_is_empty)
                  00044c90    00000018     rtsv7M4_T_le_v4SPD16_eabi.lib : args_main.obj (.text)
                  00044ca8    00000018                                   : strcmp.obj (.text)
                  00044cc0    00000018     lwiplib.obj (.text:tcp_next_iss)
                  00044cd8    00000018     lwiplib.obj (.text:tcp_seg_free)
                  00044cf0    00000016     driverlib.lib : emac.obj (.text:EMACReset)
                  00044d06    00000016                   : emac.obj (.text:EMACRxEnable)
                  00044d1c    00000016                   : emac.obj (.text:EMACTxEnable)
                  00044d32    00000016     enet_fs.obj (.text:fs_bytes_left)
                  00044d48    00000016     httpd.obj (.text:http_sent)
                  00044d5e    00000016     ff.obj (.text:mem_cpy)
                  00044d74    00000016     lwiplib.obj (.text:pbuf_ref)
                  00044d8a    00000016     rtsv7M4_T_le_v4SPD16_eabi.lib : strchr.obj (.text)
                  00044da0    00000014     driverlib.lib : flash.obj (.text:FlashUserGet)
                  00044db4    00000014                   : systick.obj (.text:SysTickEnable)
                  00044dc8    00000014                   : systick.obj (.text:SysTickIntEnable)
                  00044ddc    00000014     enet_fs.obj (.text:fs_close)
                  00044df0    00000014     ff.obj (.text:mem_set)
                  00044e04    00000014     rtsv7M4_T_le_v4SPD16_eabi.lib : _lock.obj (.text)
                  00044e18    00000014                                   : strlen.obj (.text)
                  00044e2c    00000014     lwiplib.obj (.text:sys_arch_unprotect)
                  00044e40    00000014     lwiplib.obj (.text:tcp_close)
                  00044e54    00000012     driverlib.lib : gpio.obj (.text:GPIOPinTypeEthernetLED)
                  00044e66    00000012     ff.obj (.text:chk_chr)
                  00044e78    00000012     lwiplib.obj (.text:netif_set_link_down)
                  00044e8a    00000012     lwiplib.obj (.text:pbuf_clen)
                  00044e9c    00000012     lwiplib.obj (.text:tcp_segs_free)
                  00044eae    00000002     --HOLE-- [fill = 0]
                  00044eb0    00000010     driverlib.lib : emac.obj (.text:EMACFrameFilterSet)
                  00044ec0    00000010                   : systick.obj (.text:SysTickPeriodSet)
                  00044ed0    00000010     mmc-ek-tm4c1294xl.obj (.text:disk_status)
                  00044ee0    00000010     lwiplib.obj (.text:inet_chksum)
                  00044ef0    00000010     lwiplib.obj (.text:lwip_init)
                  00044f00    00000010     lwiplib.obj (.text:pbuf_chain)
                  00044f10    00000010     ff.obj (.text:st_clust)
                  00044f20    00000010     lwiplib.obj (.text:sys_arch_protect)
                  00044f30    0000000e     rtsv7M4_T_le_v4SPD16_eabi.lib : copy_decompress_none.obj (.text:decompress:none)
                  00044f3e    0000000c     driverlib.lib : cpu.obj (.text:CPUcpsie)
                  00044f4a    00000002     --HOLE-- [fill = 0]
                  00044f4c    0000000c                   : sysctl.obj (.text:SysCtlMOSCConfigSet)
                  00044f58    0000000c     rtsv7M4_T_le_v4SPD16_eabi.lib : copy_zero_init.obj (.text:decompress:ZI)
                  00044f64    0000000c     httpd.obj (.text:httpd_init)
                  00044f70    0000000c     lwiplib.obj (.text:lwIPLocalIPAddrGet)
                  00044f7c    0000000c     lwiplib.obj (.text:lwip_htons)
                  00044f88    0000000c     lwiplib.obj (.text:netif_set_default)
                  00044f94    0000000c     lwiplib.obj (.text:netif_set_gw)
                  00044fa0    0000000c     lwiplib.obj (.text:netif_set_netmask)
                  00044fac    0000000c     mmc-ek-tm4c1294xl.obj (.text:power_off)
                  00044fb8    0000000c     mmc-ek-tm4c1294xl.obj (.text:rcvr_spi_m)
                  00044fc4    0000000c     lwiplib.obj (.text:sys_now)
                  00044fd0    0000000a     driverlib.lib : interrupt.obj (.text:IntMasterEnable)
                  00044fda    0000000a     lwiplib.obj (.text:tcp_poll)
                  00044fe4    00000008     driverlib.lib : emac.obj (.text:EMACTxDMAPollDemand)
                  00044fec    00000008     mmc-ek-tm4c1294xl.obj (.text:get_fattime)
                  00044ff4    00000008     httpd.obj (.text:http_err)
                  00044ffc    00000008     lwiplib.obj (.text:icmp_dest_unreach)
                  00045004    00000006     driverlib.lib : emac.obj (.text:EMACRxDMADescriptorListSet)
                  0004500a    00000006                   : emac.obj (.text:EMACTimestampIntStatus)
                  00045010    00000006                   : emac.obj (.text:EMACTxDMADescriptorListSet)
                  00045016    00000006                   : gpio.obj (.text:GPIOPinRead)
                  0004501c    00000006                   : gpio.obj (.text:GPIOPinWrite)
                  00045022    00000006     startup_ccs.obj (.text:ResetISR)
                  00045028    00000006     driverlib.lib : sysctl.obj (.text:SysCtlDelay)
                  0004502e    00000006     enet_lwip.obj (.text:SysTickIntHandler)
                  00045034    00000006     rtsv7M4_T_le_v4SPD16_eabi.lib : copy_decompress_rle.obj (.text:decompress:rle24)
                  0004503a    00000006     lwiplib.obj (.text:tcp_abort)
                  00045040    00000006     lwiplib.obj (.text:tcp_accept_null)
                  00045046    00000006     lwiplib.obj (.text:tcp_err)
                  0004504c    00000006     lwiplib.obj (.text:tcp_new)
                  00045052    00000006     lwiplib.obj (.text:tcp_recv)
                  00045058    00000006     lwiplib.obj (.text:udp_recv)
                  0004505e    00000004     rtsv7M4_T_le_v4SPD16_eabi.lib : pre_init.obj (.text)
                  00045062    00000004     lwiplib.obj (.text:tcp_accept)
                  00045066    00000004     lwiplib.obj (.text:tcp_arg)
                  0004506a    00000004     lwiplib.obj (.text:tcp_sent)
                  0004506e    00000004     lwiplib.obj (.text:tcp_setprio)

.cinit     0    00045078    00000060     
                  00045078    00000037     (.cinit..data.load) [load image, compression = rle]
                  000450af    00000001     --HOLE-- [fill = 0]
                  000450b0    0000000c     (__TI_handler_table)
                  000450bc    00000004     --HOLE-- [fill = 0]
                  000450c0    00000008     (.cinit..bss.load) [load image, compression = zero_init]
                  000450c8    00000010     (__TI_cinit_table)

.init_array 
*          0    00000000    00000000     UNINITIALIZED

.bss       0    20000000    00017aa9     UNINITIALIZED
                  20000000    0001001c     lwiplib.obj (.bss:ram_heap)
                  2001001c    000072d4     lwiplib.obj (.bss:memp_memory)
                  200172f0    00000360     lwiplib.obj (.bss:g_pTxDescriptors)
                  20017650    00000120     lwiplib.obj (.bss:g_pRxDescriptors)
                  20017770    00000120     lwiplib.obj (.bss:lwip_stats)
                  20017890    000000c8     lwiplib.obj (.bss:arp_table)
                  20017958    00000054     locator.obj (.bss:g_pui8LocatorData)
                  200179ac    00000030     lwiplib.obj (.bss:g_sNetIF)
                  200179dc    00000020     (.common:memp_tab)
                  200179fc    00000010     (.common:inseg)
                  20017a0c    00000004     (.common:FatFs)
                  20017a10    00000004     (.common:ackno)
                  20017a14    00000004     (.common:current_header)
                  20017a18    00000004     (.common:current_iphdr_dest)
                  20017a1c    00000004     (.common:current_iphdr_src)
                  20017a20    00000004     (.common:current_netif)
                  20017a24    00000004     (.common:g_pfnTimerHandler)
                  20017a28    00000004     (.common:g_ui32AbnormalInts)
                  20017a2c    00000004     (.common:g_ui32GWAddr)
                  20017a30    00000004     (.common:g_ui32IPAddr)
                  20017a34    00000004     (.common:g_ui32IPAddress)
                  20017a38    00000004     (.common:g_ui32NetMask)
                  20017a3c    00000004     (.common:g_ui32NormalInts)
                  20017a40    00000004     (.common:g_ui32SysClock)
                  20017a44    00000004     (.common:iphdr)
                  20017a48    00000004     (.common:lfree)
                  20017a4c    00000004     (.common:netif_default)
                  20017a50    00000004     (.common:netif_list)
                  20017a54    00000004     (.common:next_timeout)
                  20017a58    00000004     (.common:ram)
                  20017a5c    00000004     (.common:ram_end)
                  20017a60    00000004     (.common:raw_pcbs)
                  20017a64    00000004     (.common:recv_data)
                  20017a68    00000004     (.common:seqno)
                  20017a6c    00000004     (.common:tcp_active_pcbs)
                  20017a70    00000004     (.common:tcp_bound_pcbs)
                  20017a74    00000004     (.common:tcp_input_pcb)
                  20017a78    00000004     (.common:tcp_listen_pcbs)
                  20017a7c    00000004     (.common:tcp_ticks)
                  20017a80    00000004     (.common:tcp_tmp_pcb)
                  20017a84    00000004     (.common:tcp_tw_pcbs)
                  20017a88    00000004     (.common:tcphdr)
                  20017a8c    00000004     (.common:tcpip_tcp_timer_active)
                  20017a90    00000004     (.common:timeouts_last_time)
                  20017a94    00000004     (.common:udp_pcbs)
                  20017a98    00000002     (.common:Fsid)
                  20017a9a    00000002     (.common:ip_id)
                  20017a9c    00000002     (.common:tcplen)
                  20017a9e    00000001     (.common:CardType)
                  20017a9f    00000001     (.common:Timer1)
                  20017aa0    00000001     (.common:Timer2)
                  20017aa1    00000001     (.common:etharp_cached_entry)
                  20017aa2    00000001     (.common:flags)
                  20017aa3    00000001     (.common:netif_num)
                  20017aa4    00000001     (.common:pbuf_free_ooseq_pending)
                  20017aa5    00000001     (.common:recv_flags)
                  20017aa6    00000001     (.common:tcp_active_pcbs_changed)
                  20017aa7    00000001     (.common:tcp_timer)
                  20017aa8    00000001     (.common:tcp_timer_ctr)

.TI.noinit 
*          0    20000000    00000000     UNINITIALIZED

.stack     0    20017aac    00000800     UNINITIALIZED
                  20017aac    00000800     --HOLE--

.data      0    200182ac    00000064     UNINITIALIZED
                  200182ac    00000048     lwiplib.obj (.data)
                  200182f4    00000008     rtsv7M4_T_le_v4SPD16_eabi.lib : _lock.obj (.data)
                  200182fc    00000008                                   : exit.obj (.data)
                  20018304    00000005     uartstdio.obj (.data)
                  20018309    00000002     mmc-ek-tm4c1294xl.obj (.data)
                  2001830b    00000001     --HOLE--
                  2001830c    00000004     rtsv7M4_T_le_v4SPD16_eabi.lib : stkdepth_vars.obj (.data)

.TI.persistent 
*          0    200182ac    00000000     UNINITIALIZED


LINKER GENERATED COPY TABLES

__TI_cinit_table @ 000450c8 records: 2, size/record: 8, table size: 16
	.data: load addr=00045078, load size=00000037 bytes, run addr=200182ac, run size=00000064 bytes, compression=rle
	.bss: load addr=000450c0, load size=00000008 bytes, run addr=20000000, run size=00017aa9 bytes, compression=zero_init


LINKER GENERATED HANDLER TABLE

__TI_handler_table @ 000450b0 records: 3, size/record: 4, table size: 12
	index: 0, handler: __TI_decompress_rle24
	index: 1, handler: __TI_decompress_none
	index: 2, handler: __TI_zero_init


GLOBAL SYMBOLS: SORTED ALPHABETICALLY BY Name 

address   name                        
-------   ----                        
00044039  C$$EXIT                     
00044f3f  CPUcpsie                    
00044241  DisplayIPAddress            
00044afd  EMACAddrGet                 
00044401  EMACConfigGet               
00044435  EMACConfigSet               
00044eb1  EMACFrameFilterSet          
00044469  EMACIntClear                
00044207  EMACIntEnable               
000446f7  EMACIntStatus               
00043541  EMACPHYConfigSet            
00044821  EMACPHYRead                 
00044847  EMACPHYWrite                
00044cf1  EMACReset                   
00045005  EMACRxDMADescriptorListSet  
00044d07  EMACRxEnable                
0004500b  EMACTimestampIntStatus      
00045011  EMACTxDMADescriptorListSet  
00044fe5  EMACTxDMAPollDemand         
00044d1d  EMACTxEnable                
00044da1  FlashUserGet                
0004477d  GPIODirModeSet              
00040583  GPIOPadConfigSet            
00045017  GPIOPinRead                 
00044e55  GPIOPinTypeEthernetLED      
00044c31  GPIOPinTypeGPIOOutput       
0004501d  GPIOPinWrite                
000417ed  InitDMADescriptors          
000431fd  IntEnable                   
00044fd1  IntMasterEnable             
000448e1  IntPrioritySet              
00044279  LocatorAppTitleSet          
000436f5  LocatorInit                 
000449dd  LocatorMACAddrSet           
0003ee31  PinoutSet                   
00045023  ResetISR                    
UNDEFED   SHT$$INIT_ARRAY$$Base       
UNDEFED   SHT$$INIT_ARRAY$$Limit      
0003f045  SysCtlClockFreqSet          
00045029  SysCtlDelay                 
00044f4d  SysCtlMOSCConfigSet         
0004449d  SysCtlPeripheralReady       
00043895  SysCtlPeripheralReset       
00044db5  SysTickEnable               
00044dc9  SysTickIntEnable            
0004502f  SysTickIntHandler           
00044ec1  SysTickPeriodSet            
0004325d  UARTStdioConfig             
00044bfd  UARTprintf                  
0003f241  UARTvprintf                 
00043cdd  UARTwrite                   
200182ac  __STACK_END                 
00000800  __STACK_SIZE                
200182ac  __STACK_TOP                 
000450c8  __TI_CINIT_Base             
000450d8  __TI_CINIT_Limit            
000450b0  __TI_Handler_Table_Base     
000450bc  __TI_Handler_Table_Limit    
00042b29  __TI_auto_init              
200182fc  __TI_cleanup_ptr            
00044f31  __TI_decompress_none        
00045035  __TI_decompress_rle24       
20018300  __TI_dtors_ptr              
00000000  __TI_static_base__          
00044f59  __TI_zero_init              
00042791  __aeabi_memclr              
00042791  __aeabi_memclr4             
00042791  __aeabi_memclr8             
00041ef7  __aeabi_memcpy              
00041ef7  __aeabi_memcpy4             
00041ef7  __aeabi_memcpy8             
00042793  __aeabi_memset              
00042793  __aeabi_memset4             
00042793  __aeabi_memset8             
00044105  __aeabi_uidiv               
00044105  __aeabi_uidivmod            
ffffffff  __binit__                   
ffffffff  __c_args__                  
20017aac  __stack                     
00044c91  _args_main                  
000439d5  _c_int00                    
200182f4  _lock                       
00044e13  _nop                        
00044e0b  _register_lock              
00044e05  _register_unlock            
0004505f  _system_pre_init            
200182f8  _unlock                     
0004403d  abort                       
ffffffff  binit                       
0003cf76  buf1                        
0003d00d  buf10                       
0003d023  buf11                       
0003cf87  buf2                        
0003cf98  buf3                        
0003cfad  buf4                        
0003cfc7  buf5                        
0003cfe1  buf7                        
0003cff7  buf8                        
00044c61  clust2sect                  
00043b61  copy_in                     
20017a14  current_header              
20017a18  current_iphdr_dest          
20017a1c  current_iphdr_src           
20017a20  current_netif               
000401cd  disk_initialize             
0004215d  disk_read                   
00044ed1  disk_status                 
00041a35  disk_write                  
000408fd  etharp_output               
00040a15  etharp_query                
00044725  etharp_request              
00044189  etharp_tmr                  
0003d370  ethbroadcast                
00041d11  ethernet_input              
0003d376  ethzero                     
00044045  exit                        
00040089  f_open                      
0003fde1  f_read                      
0003ce88  file_404_htm                
0003ce74  file_about_htm              
0003ce60  file_block_htm              
0003ce4c  file_block_jpg              
0003ce38  file_ek_tm4c1294xl_jpg      
0003ce24  file_favicon_ico            
0003ce10  file_index_htm              
0003cdfc  file_javascript_js          
0003cde8  file_overview_htm           
0003cdd4  file_styles_css             
0003cdc0  file_ti_jpg                 
0003cdac  file_tm4c_jpg               
00044d33  fs_bytes_left               
00044ddd  fs_close                    
0004227d  fs_open                     
00043f65  fs_read                     
200182c0  g_RxDescList                
200182b0  g_TxDescList                
20017650  g_pRxDescriptors            
200172f0  g_pTxDescriptors            
20017a24  g_pfnTimerHandler           
00000000  g_pfnVectors                
0003d3ac  g_psDefaultFilenames        
20017a28  g_ui32AbnormalInts          
20017a34  g_ui32IPAddress             
200182dc  g_ui32LocalTimer            
20017a3c  g_ui32NormalInts            
20017a40  g_ui32SysClock              
00041659  get_fat                     
00044fed  get_fattime                 
00044f65  httpd_init                  
00044ffd  icmp_dest_unreach           
0003fc5d  icmp_input                  
00044ee1  inet_chksum                 
0004348d  inet_chksum_pbuf            
000445d5  ip4_addr_isbroadcast        
0003d368  ip_addr_any                 
0003d36c  ip_addr_broadcast           
0003f5f1  ip_input                    
00043e45  ip_output                   
00041db5  ip_output_if                
00043b15  ip_route                    
0004331d  lwIPEthernetIntHandler      
00040f2d  lwIPHostTimerHandler        
00041111  lwIPInit                    
00044f71  lwIPLocalIPAddrGet          
00044a1d  lwIPTimer                   
00044c17  lwip_htonl                  
00044f7d  lwip_htons                  
00044ef1  lwip_init                   
00044c17  lwip_ntohl                  
00044f7d  lwip_ntohs                  
20017770  lwip_stats                  
0003f42d  main                        
2001830c  main_func_sp                
00043071  mem_free                    
00043379  mem_init                    
00040e35  mem_malloc                  
000411fd  mem_trim                    
000449b9  memcmp                      
00041ef7  memcpy                      
00044321  memp_free                   
00042abd  memp_init                   
000435f1  memp_malloc                 
00042799  memset                      
00043985  netif_add                   
20017a4c  netif_default               
20017a50  netif_list                  
00044bc5  netif_set_addr              
00044f89  netif_set_default           
00044f95  netif_set_gw                
000433d5  netif_set_ipaddr            
00044e79  netif_set_link_down         
00044929  netif_set_link_up           
00044fa1  netif_set_netmask           
0004494d  netif_set_up                
0004044d  pbuf_alloc                  
000447d1  pbuf_cat                    
00044f01  pbuf_chain                  
00044e8b  pbuf_clen                   
000420c9  pbuf_copy                   
00042ccf  pbuf_copy_partial           
00043ac5  pbuf_free                   
20017aa4  pbuf_free_ooseq_pending     
00043139  pbuf_header                 
000434e7  pbuf_realloc                
00044d75  pbuf_ref                    
000412e5  put_fat                     
20000000  ram_heap                    
0004296d  raw_input                   
00044d8b  strchr                      
00044ca9  strcmp                      
00044e19  strlen                      
00044893  strncmp                     
00044505  strstr                      
00044f21  sys_arch_protect            
00044e2d  sys_arch_unprotect          
00044fc5  sys_now                     
00042d39  sys_timeout                 
00044a3d  sys_timeouts_init           
000421ed  tcp_abandon                 
0004503b  tcp_abort                   
00045063  tcp_accept                  
20017a6c  tcp_active_pcbs             
20017aa6  tcp_active_pcbs_changed     
00041589  tcp_alloc                   
00045067  tcp_arg                     
0003d0e0  tcp_backoff                 
0004261d  tcp_bind                    
20017a70  tcp_bound_pcbs              
00044e41  tcp_close                   
00044a5d  tcp_eff_send_mss            
00041c69  tcp_enqueue_flags           
00045047  tcp_err                     
000429e1  tcp_fasttmr                 
0003dbc9  tcp_input                   
20017a74  tcp_input_pcb               
0004407d  tcp_keepalive               
20017a78  tcp_listen_pcbs             
00041f95  tcp_listen_with_backlog     
0004504d  tcp_new                     
00044cc1  tcp_next_iss                
0003facd  tcp_output                  
0003d358  tcp_pcb_lists               
00044147  tcp_pcb_purge               
00043431  tcp_pcb_remove              
0003d0ed  tcp_persist_backoff         
00044fdb  tcp_poll                    
00042e09  tcp_process_refused_data    
00045053  tcp_recv                    
000448b9  tcp_recv_null               
00044639  tcp_recved                  
0004369f  tcp_rexmit                  
00043f1d  tcp_rexmit_fast             
000446c9  tcp_rexmit_rto              
00042699  tcp_rst                     
00044971  tcp_seg_copy                
00044cd9  tcp_seg_free                
00044e9d  tcp_segs_free               
00043fab  tcp_send_empty_ack          
00043ff1  tcp_send_fin                
0004506b  tcp_sent                    
0004506f  tcp_setprio                 
0003e919  tcp_slowtmr                 
20017a7c  tcp_ticks                   
0004456d  tcp_timer_needed            
20017a80  tcp_tmp_pcb                 
00044a7d  tcp_tmr                     
20017a84  tcp_tw_pcbs                 
0004466b  tcp_update_rcv_ann_wnd      
0003e62d  tcp_write                   
00042309  tcp_zero_window_probe       
000445a1  tivaif_init                 
00043bf9  tivaif_interrupt            
00042715  tivaif_process_phy_interrupt
00042e71  udp_bind                    
00044a9d  udp_echo_recv               
0003f939  udp_input                   
00044be1  udp_new                     
20017a94  udp_pcbs                    
00045059  udp_recv                    
00044391  udp_sendto                  
00041725  udp_sendto_if               
00044abd  usprintf                    
000443c9  ustrncmp                    
000447a7  ustrncpy                    
0003ebe1  uvsnprintf                  


GLOBAL SYMBOLS: SORTED BY Symbol Address 

address   name                        
-------   ----                        
00000000  __TI_static_base__          
00000000  g_pfnVectors                
00000800  __STACK_SIZE                
0003cdac  file_tm4c_jpg               
0003cdc0  file_ti_jpg                 
0003cdd4  file_styles_css             
0003cde8  file_overview_htm           
0003cdfc  file_javascript_js          
0003ce10  file_index_htm              
0003ce24  file_favicon_ico            
0003ce38  file_ek_tm4c1294xl_jpg      
0003ce4c  file_block_jpg              
0003ce60  file_block_htm              
0003ce74  file_about_htm              
0003ce88  file_404_htm                
0003cf76  buf1                        
0003cf87  buf2                        
0003cf98  buf3                        
0003cfad  buf4                        
0003cfc7  buf5                        
0003cfe1  buf7                        
0003cff7  buf8                        
0003d00d  buf10                       
0003d023  buf11                       
0003d0e0  tcp_backoff                 
0003d0ed  tcp_persist_backoff         
0003d358  tcp_pcb_lists               
0003d368  ip_addr_any                 
0003d36c  ip_addr_broadcast           
0003d370  ethbroadcast                
0003d376  ethzero                     
0003d3ac  g_psDefaultFilenames        
0003dbc9  tcp_input                   
0003e62d  tcp_write                   
0003e919  tcp_slowtmr                 
0003ebe1  uvsnprintf                  
0003ee31  PinoutSet                   
0003f045  SysCtlClockFreqSet          
0003f241  UARTvprintf                 
0003f42d  main                        
0003f5f1  ip_input                    
0003f939  udp_input                   
0003facd  tcp_output                  
0003fc5d  icmp_input                  
0003fde1  f_read                      
00040089  f_open                      
000401cd  disk_initialize             
0004044d  pbuf_alloc                  
00040583  GPIOPadConfigSet            
000408fd  etharp_output               
00040a15  etharp_query                
00040e35  mem_malloc                  
00040f2d  lwIPHostTimerHandler        
00041111  lwIPInit                    
000411fd  mem_trim                    
000412e5  put_fat                     
00041589  tcp_alloc                   
00041659  get_fat                     
00041725  udp_sendto_if               
000417ed  InitDMADescriptors          
00041a35  disk_write                  
00041c69  tcp_enqueue_flags           
00041d11  ethernet_input              
00041db5  ip_output_if                
00041ef7  __aeabi_memcpy              
00041ef7  __aeabi_memcpy4             
00041ef7  __aeabi_memcpy8             
00041ef7  memcpy                      
00041f95  tcp_listen_with_backlog     
000420c9  pbuf_copy                   
0004215d  disk_read                   
000421ed  tcp_abandon                 
0004227d  fs_open                     
00042309  tcp_zero_window_probe       
0004261d  tcp_bind                    
00042699  tcp_rst                     
00042715  tivaif_process_phy_interrupt
00042791  __aeabi_memclr              
00042791  __aeabi_memclr4             
00042791  __aeabi_memclr8             
00042793  __aeabi_memset              
00042793  __aeabi_memset4             
00042793  __aeabi_memset8             
00042799  memset                      
0004296d  raw_input                   
000429e1  tcp_fasttmr                 
00042abd  memp_init                   
00042b29  __TI_auto_init              
00042ccf  pbuf_copy_partial           
00042d39  sys_timeout                 
00042e09  tcp_process_refused_data    
00042e71  udp_bind                    
00043071  mem_free                    
00043139  pbuf_header                 
000431fd  IntEnable                   
0004325d  UARTStdioConfig             
0004331d  lwIPEthernetIntHandler      
00043379  mem_init                    
000433d5  netif_set_ipaddr            
00043431  tcp_pcb_remove              
0004348d  inet_chksum_pbuf            
000434e7  pbuf_realloc                
00043541  EMACPHYConfigSet            
000435f1  memp_malloc                 
0004369f  tcp_rexmit                  
000436f5  LocatorInit                 
00043895  SysCtlPeripheralReset       
00043985  netif_add                   
000439d5  _c_int00                    
00043ac5  pbuf_free                   
00043b15  ip_route                    
00043b61  copy_in                     
00043bf9  tivaif_interrupt            
00043cdd  UARTwrite                   
00043e45  ip_output                   
00043f1d  tcp_rexmit_fast             
00043f65  fs_read                     
00043fab  tcp_send_empty_ack          
00043ff1  tcp_send_fin                
00044039  C$$EXIT                     
0004403d  abort                       
00044045  exit                        
0004407d  tcp_keepalive               
00044105  __aeabi_uidiv               
00044105  __aeabi_uidivmod            
00044147  tcp_pcb_purge               
00044189  etharp_tmr                  
00044207  EMACIntEnable               
00044241  DisplayIPAddress            
00044279  LocatorAppTitleSet          
00044321  memp_free                   
00044391  udp_sendto                  
000443c9  ustrncmp                    
00044401  EMACConfigGet               
00044435  EMACConfigSet               
00044469  EMACIntClear                
0004449d  SysCtlPeripheralReady       
00044505  strstr                      
0004456d  tcp_timer_needed            
000445a1  tivaif_init                 
000445d5  ip4_addr_isbroadcast        
00044639  tcp_recved                  
0004466b  tcp_update_rcv_ann_wnd      
000446c9  tcp_rexmit_rto              
000446f7  EMACIntStatus               
00044725  etharp_request              
0004477d  GPIODirModeSet              
000447a7  ustrncpy                    
000447d1  pbuf_cat                    
00044821  EMACPHYRead                 
00044847  EMACPHYWrite                
00044893  strncmp                     
000448b9  tcp_recv_null               
000448e1  IntPrioritySet              
00044929  netif_set_link_up           
0004494d  netif_set_up                
00044971  tcp_seg_copy                
000449b9  memcmp                      
000449dd  LocatorMACAddrSet           
00044a1d  lwIPTimer                   
00044a3d  sys_timeouts_init           
00044a5d  tcp_eff_send_mss            
00044a7d  tcp_tmr                     
00044a9d  udp_echo_recv               
00044abd  usprintf                    
00044afd  EMACAddrGet                 
00044bc5  netif_set_addr              
00044be1  udp_new                     
00044bfd  UARTprintf                  
00044c17  lwip_htonl                  
00044c17  lwip_ntohl                  
00044c31  GPIOPinTypeGPIOOutput       
00044c61  clust2sect                  
00044c91  _args_main                  
00044ca9  strcmp                      
00044cc1  tcp_next_iss                
00044cd9  tcp_seg_free                
00044cf1  EMACReset                   
00044d07  EMACRxEnable                
00044d1d  EMACTxEnable                
00044d33  fs_bytes_left               
00044d75  pbuf_ref                    
00044d8b  strchr                      
00044da1  FlashUserGet                
00044db5  SysTickEnable               
00044dc9  SysTickIntEnable            
00044ddd  fs_close                    
00044e05  _register_unlock            
00044e0b  _register_lock              
00044e13  _nop                        
00044e19  strlen                      
00044e2d  sys_arch_unprotect          
00044e41  tcp_close                   
00044e55  GPIOPinTypeEthernetLED      
00044e79  netif_set_link_down         
00044e8b  pbuf_clen                   
00044e9d  tcp_segs_free               
00044eb1  EMACFrameFilterSet          
00044ec1  SysTickPeriodSet            
00044ed1  disk_status                 
00044ee1  inet_chksum                 
00044ef1  lwip_init                   
00044f01  pbuf_chain                  
00044f21  sys_arch_protect            
00044f31  __TI_decompress_none        
00044f3f  CPUcpsie                    
00044f4d  SysCtlMOSCConfigSet         
00044f59  __TI_zero_init              
00044f65  httpd_init                  
00044f71  lwIPLocalIPAddrGet          
00044f7d  lwip_htons                  
00044f7d  lwip_ntohs                  
00044f89  netif_set_default           
00044f95  netif_set_gw                
00044fa1  netif_set_netmask           
00044fc5  sys_now                     
00044fd1  IntMasterEnable             
00044fdb  tcp_poll                    
00044fe5  EMACTxDMAPollDemand         
00044fed  get_fattime                 
00044ffd  icmp_dest_unreach           
00045005  EMACRxDMADescriptorListSet  
0004500b  EMACTimestampIntStatus      
00045011  EMACTxDMADescriptorListSet  
00045017  GPIOPinRead                 
0004501d  GPIOPinWrite                
00045023  ResetISR                    
00045029  SysCtlDelay                 
0004502f  SysTickIntHandler           
00045035  __TI_decompress_rle24       
0004503b  tcp_abort                   
00045047  tcp_err                     
0004504d  tcp_new                     
00045053  tcp_recv                    
00045059  udp_recv                    
0004505f  _system_pre_init            
00045063  tcp_accept                  
00045067  tcp_arg                     
0004506b  tcp_sent                    
0004506f  tcp_setprio                 
000450b0  __TI_Handler_Table_Base     
000450bc  __TI_Handler_Table_Limit    
000450c8  __TI_CINIT_Base             
000450d8  __TI_CINIT_Limit            
20000000  ram_heap                    
200172f0  g_pTxDescriptors            
20017650  g_pRxDescriptors            
20017770  lwip_stats                  
20017a14  current_header              
20017a18  current_iphdr_dest          
20017a1c  current_iphdr_src           
20017a20  current_netif               
20017a24  g_pfnTimerHandler           
20017a28  g_ui32AbnormalInts          
20017a34  g_ui32IPAddress             
20017a3c  g_ui32NormalInts            
20017a40  g_ui32SysClock              
20017a4c  netif_default               
20017a50  netif_list                  
20017a6c  tcp_active_pcbs             
20017a70  tcp_bound_pcbs              
20017a74  tcp_input_pcb               
20017a78  tcp_listen_pcbs             
20017a7c  tcp_ticks                   
20017a80  tcp_tmp_pcb                 
20017a84  tcp_tw_pcbs                 
20017a94  udp_pcbs                    
20017aa4  pbuf_free_ooseq_pending     
20017aa6  tcp_active_pcbs_changed     
20017aac  __stack                     
200182ac  __STACK_END                 
200182ac  __STACK_TOP                 
200182b0  g_TxDescList                
200182c0  g_RxDescList                
200182dc  g_ui32LocalTimer            
200182f4  _lock                       
200182f8  _unlock                     
200182fc  __TI_cleanup_ptr            
20018300  __TI_dtors_ptr              
2001830c  main_func_sp                
ffffffff  __binit__                   
ffffffff  __c_args__                  
ffffffff  binit                       
UNDEFED   SHT$$INIT_ARRAY$$Base       
UNDEFED   SHT$$INIT_ARRAY$$Limit      

[285 symbols]
