******************************************************************************
                  TI ARM Linker PC v5.2.2                      
******************************************************************************
>> Linked Sun Jul 05 05:35:56 2015

OUTPUT FILE NAME:   <AntennaController.out>
ENTRY POINT SYMBOL: "_c_int00"  address: 00044745


MEMORY CONFIGURATION

         name            origin    length      used     unused   attr    fill
----------------------  --------  ---------  --------  --------  ----  --------
  FLASH                 00000000   00100000  0004631a  000b9ce6  R  X
  SRAM                  20000000   00040000  00018361  00027c9f  RW X


SEGMENT ALLOCATION MAP

run origin  load origin   length   init length attrs members
----------  ----------- ---------- ----------- ----- -------
00000000    00000000    00046320   00046320    r-x
  00000000    00000000    00000200   00000200    r-- .intvecs
  00000200    00000200    0003d140   0003d140    r-- .const
  0003d340    0003d340    00008f72   00008f72    r-x .text
  000462b8    000462b8    00000068   00000068    r-- .cinit
20000000    20000000    00018364   00000000    rw-
  20000000    20000000    00017ae5   00000000    rw- .bss
  20017ae8    20017ae8    00000800   00000000    rw- .stack
  200182e8    200182e8    0000007c   00000000    rw- .data


SECTION ALLOCATION MAP

 output                                  attributes/
section   page    origin      length       input sections
--------  ----  ----------  ----------   ----------------
.intvecs   0    00000000    00000200     
                  00000000    00000200     startup_ccs.obj (.intvecs)

.const     0    00000200    0003d140     
                  00000200    0002c026     enet_fs.obj (.const:.string:data_block_jpg)
                  0002c226    0000b650     enet_fs.obj (.const:.string:data_ek_tm4c1294xl_jpg)
                  00037876    00001bfc     enet_fs.obj (.const:.string:data_ti_jpg)
                  00039472    00000d33     enet_fs.obj (.const:.string:data_tm4c_jpg)
                  0003a1a5    0000073a     enet_fs.obj (.const:.string:data_index_htm)
                  0003a8df    000006da     enet_fs.obj (.const:.string:data_about_htm)
                  0003afb9    000006c3     enet_fs.obj (.const:.string:data_favicon_ico)
                  0003b67c    00000604     enet_fs.obj (.const:.string:data_styles_css)
                  0003bc80    000005c6     enet_fs.obj (.const:.string:data_overview_htm)
                  0003c246    00000479     enet_fs.obj (.const:.string:data_javascript_js)
                  0003c6bf    00000001     --HOLE-- [fill = 0]
                  0003c6c0    00000414     httpd.obj (.const:.string)
                  0003cad4    000001b5     enet_fs.obj (.const:.string:data_block_htm)
                  0003cc89    00000003     --HOLE-- [fill = 0]
                  0003cc8c    00000120     driverlib.lib : sysctl.obj (.const:g_pppui32XTALtoVCO)
                  0003cdac    000000f0     enet_fs.obj (.const)
                  0003ce9c    000000da     enet_fs.obj (.const:.string:data_404_htm)
                  0003cf76    00000002     --HOLE-- [fill = 0]
                  0003cf78    0000009c     driverlib.lib : interrupt.obj (.const:g_pui32Regs)
                  0003d014    0000008a     lwiplib.obj (.const:.string)
                  0003d09e    00000002     --HOLE-- [fill = 0]
                  0003d0a0    00000088     httpd.obj (.const:g_psHTTPHeaders)
                  0003d128    00000070     driverlib.lib : interrupt.obj (.const)
                  0003d198    0000006c                   : sysctl.obj (.const:g_pui32Xtals)
                  0003d204    00000068     httpd.obj (.const:g_psHTTPHeaderStrings)
                  0003d26c    00000044     lwiplib.obj (.const)
                  0003d2b0    00000030     driverlib.lib : sysctl.obj (.const:g_sXTALtoMEMTIM)
                  0003d2e0    00000028     httpd.obj (.const:g_psDefaultFilenames)
                  0003d308    0000001c     uartstdio.obj (.const)
                  0003d324    00000012     uartstdio.obj (.const:.string)
                  0003d336    00000002     --HOLE-- [fill = 0]
                  0003d338    00000008     driverlib.lib : sysctl.obj (.const)

.text      0    0003d340    00008f72     
                  0003d340    000007bc     lwiplib.obj (.text:tcp_receive)
                  0003dafc    000003b0     lwiplib.obj (.text:tcp_input)
                  0003deac    000003b0     lwiplib.obj (.text:tcp_process)
                  0003e25c    00000304     ff.obj (.text:chk_mounted)
                  0003e560    000002ec     lwiplib.obj (.text:tcp_write)
                  0003e84c    000002c8     lwiplib.obj (.text:tcp_slowtmr)
                  0003eb14    0000024d     ustdlib.obj (.text:uvsnprintf)
                  0003ed61    00000001     --HOLE-- [fill = 0]
                  0003ed62    00000002     startup_ccs.obj (.text:FaultISR)
                  0003ed64    00000228     lwiplib.obj (.text:dhcp_parse_reply)
                  0003ef8c    00000214     pinout.obj (.text:PinoutSet)
                  0003f1a0    000001fc     driverlib.lib : sysctl.obj (.text:SysCtlClockFreqSet)
                  0003f39c    000001ea     uartstdio.obj (.text:UARTvprintf)
                  0003f586    00000002     startup_ccs.obj (.text:IntDefaultHandler)
                  0003f588    000001dc     lwiplib.obj (.text:ip_input)
                  0003f764    000001c4     lwiplib.obj (.text:udp_input)
                  0003f928    000001a0     httpd.obj (.text:http_send_data)
                  0003fac8    00000190     lwiplib.obj (.text:tcp_output)
                  0003fc58    00000184     lwiplib.obj (.text:icmp_input)
                  0003fddc    00000160     enet_lwip.obj (.text:main)
                  0003ff3c    0000015e     ff.obj (.text:f_read)
                  0004009a    00000002     startup_ccs.obj (.text:NmiSR)
                  0004009c    00000150     lwiplib.obj (.text:etharp_arp_input)
                  000401ec    00000148     lwiplib.obj (.text:tcp_close_shutdown)
                  00040334    00000144     ff.obj (.text:f_open)
                  00040478    00000140     mmc-ek-tm4c1294xl.obj (.text:disk_initialize)
                  000405b8    00000140     lwiplib.obj (.text:tivaif_receive)
                  000406f8    00000136     lwiplib.obj (.text:pbuf_alloc)
                  0004082e    00000130     driverlib.lib : gpio.obj (.text:GPIOPadConfigSet)
                  0004095e    00000002     --HOLE-- [fill = 0]
                  00040960    00000124     lwiplib.obj (.text:dhcp_create_msg)
                  00040a84    00000123     ff.obj (.text:create_name)
                  00040ba7    00000001     --HOLE-- [fill = 0]
                  00040ba8    0000011c     lwiplib.obj (.text:etharp_output)
                  00040cc4    00000114     lwiplib.obj (.text:etharp_query)
                  00040dd8    00000114     lwiplib.obj (.text:tcp_listen_input)
                  00040eec    00000100     lwiplib.obj (.text:tivaif_transmit)
                  00040fec    000000f8     ff.obj (.text:dir_next)
                  000410e4    000000f8     lwiplib.obj (.text:mem_malloc)
                  000411dc    000000f4     enet_lwip.obj (.text:lwIPHostTimerHandler)
                  000412d0    000000f0     mmc-ek-tm4c1294xl.obj (.text:power_on)
                  000413c0    000000ec     lwiplib.obj (.text:lwIPInit)
                  000414ac    000000e8     lwiplib.obj (.text:mem_trim)
                  00041594    000000e2     ff.obj (.text:put_fat)
                  00041676    00000002     --HOLE-- [fill = 0]
                  00041678    000000e0     lwiplib.obj (.text:etharp_find_entry)
                  00041758    000000e0     httpd.obj (.text:get_http_headers)
                  00041838    000000dc     lwiplib.obj (.text:etharp_raw)
                  00041914    000000d4     lwiplib.obj (.text:autoip_tmr)
                  000419e8    000000d0     lwiplib.obj (.text:tcp_alloc)
                  00041ab8    000000cc     lwiplib.obj (.text:dhcp_recv)
                  00041b84    000000cc     lwiplib.obj (.text:dhcp_select)
                  00041c50    000000cc     ff.obj (.text:get_fat)
                  00041d1c    000000c8     lwiplib.obj (.text:dhcp_bind)
                  00041de4    000000c8     lwiplib.obj (.text:udp_sendto_if)
                  00041eac    000000c4     lwiplib.obj (.text:InitDMADescriptors)
                  00041f70    000000c0     lwiplib.obj (.text:tcp_output_segment)
                  00042030    000000bc     lwiplib.obj (.text:dhcp_discover)
                  000420ec    000000bc     mmc-ek-tm4c1294xl.obj (.text:disk_write)
                  000421a8    000000bc     lwiplib.obj (.text:tcp_create_segment)
                  00042264    000000bc     lwiplib.obj (.text:tivaif_hwinit)
                  00042320    000000b0     lwiplib.obj (.text:lwIPServiceTimers)
                  000423d0    000000a8     lwiplib.obj (.text:dhcp_start)
                  00042478    000000a8     lwiplib.obj (.text:tcp_enqueue_flags)
                  00042520    000000a4     lwiplib.obj (.text:dhcp_release)
                  000425c4    000000a4     lwiplib.obj (.text:ethernet_input)
                  00042668    000000a4     lwiplib.obj (.text:ip_output_if)
                  0004270c    0000009e     httpd.obj (.text:http_parse_request)
                  000427aa    0000009c     rtsv7M4_T_le_v4SPD16_eabi.lib : memcpy_t2.obj (.text)
                  00042846    00000002     --HOLE-- [fill = 0]
                  00042848    0000009c     lwiplib.obj (.text:tcp_listen_with_backlog)
                  000428e4    00000098     ff.obj (.text:create_chain)
                  0004297c    00000098     lwiplib.obj (.text:dhcp_reboot)
                  00042a14    00000092     lwiplib.obj (.text:pbuf_copy)
                  00042aa6    00000002     --HOLE-- [fill = 0]
                  00042aa8    00000090     mmc-ek-tm4c1294xl.obj (.text:disk_read)
                  00042b38    00000090     lwiplib.obj (.text:tcp_abandon)
                  00042bc8    0000008c     enet_fs.obj (.text:fs_open)
                  00042c54    0000008c     lwiplib.obj (.text:tcp_zero_window_probe)
                  00042ce0    00000088     locator.obj (.text:LocatorReceive)
                  00042d68    00000084     lwiplib.obj (.text:lwIPLinkDetect)
                  00042dec    00000084     lwiplib.obj (.text:tcp_timewait_input)
                  00042e70    00000082     lwiplib.obj (.text:autoip_arp_reply)
                  00042ef2    00000002     --HOLE-- [fill = 0]
                  00042ef4    00000080     lwiplib.obj (.text:dhcp_rebind)
                  00042f74    00000080     lwiplib.obj (.text:dhcp_renew)
                  00042ff4    00000080     lwiplib.obj (.text:lwIPPrivateInit)
                  00043074    00000080     lwiplib.obj (.text:tcp_parseopt)
                  000430f4    0000007c     lwiplib.obj (.text:dhcp_handle_ack)
                  00043170    0000007c     lwiplib.obj (.text:dhcp_timeout)
                  000431ec    0000007c     ff.obj (.text:dir_sdi)
                  00043268    0000007c     lwiplib.obj (.text:tcp_bind)
                  000432e4    0000007c     lwiplib.obj (.text:tcp_rst)
                  00043360    0000007c     lwiplib.obj (.text:tivaif_process_phy_interrupt)
                  000433dc    0000007a     rtsv7M4_T_le_v4SPD16_eabi.lib : memset_t2.obj (.text)
                  00043456    00000002     --HOLE-- [fill = 0]
                  00043458    00000078     lwiplib.obj (.text:tcp_oos_insert_segment)
                  000434d0    00000074     ff.obj (.text:check_fs)
                  00043544    00000074     lwiplib.obj (.text:etharp_update_arp_entry)
                  000435b8    00000074     lwiplib.obj (.text:raw_input)
                  0004362c    00000070     lwiplib.obj (.text:tcp_fasttmr)
                  0004369c    0000006c     lwiplib.obj (.text:icmp_send_response)
                  00043708    0000006c     lwiplib.obj (.text:memp_init)
                  00043774    0000006c     rtsv7M4_T_le_v4SPD16_eabi.lib : autoinit.obj (.text)
                  000437e0    0000006a                                   : copy_decompress_rle.obj (.text)
                  0004384a    00000002     --HOLE-- [fill = 0]
                  0004384c    00000068     lwiplib.obj (.text:dhcp_decline)
                  000438b4    00000068     httpd.obj (.text:http_recv)
                  0004391c    00000068     lwiplib.obj (.text:lwip_standard_chksum)
                  00043984    00000068     lwiplib.obj (.text:netif_set_ipaddr)
                  000439ec    00000068     lwiplib.obj (.text:pbuf_copy_partial)
                  00043a54    00000068     lwiplib.obj (.text:sys_timeout)
                  00043abc    00000068     lwiplib.obj (.text:tcp_output_alloc_header)
                  00043b24    00000068     lwiplib.obj (.text:tcp_process_refused_data)
                  00043b8c    00000068     lwiplib.obj (.text:udp_bind)
                  00043bf4    00000066     mmc-ek-tm4c1294xl.obj (.text:send_cmd)
                  00043c5a    00000002     --HOLE-- [fill = 0]
                  00043c5c    00000065     httpd.obj (.text:http_init_file)
                  00043cc1    00000001     --HOLE-- [fill = 0]
                  00043cc2    00000064     ff.obj (.text:follow_path)
                  00043d26    00000002     --HOLE-- [fill = 0]
                  00043d28    00000064     httpd.obj (.text:http_find_file)
                  00043d8c    00000064     lwiplib.obj (.text:mem_free)
                  00043df0    00000064     lwiplib.obj (.text:plug_holes)
                  00043e54    00000062     lwiplib.obj (.text:pbuf_header)
                  00043eb6    00000062     ff.obj (.text:remove_chain)
                  00043f18    00000060     driverlib.lib : interrupt.obj (.text:IntEnable)
                  00043f78    00000060     uartstdio.obj (.text:UARTStdioConfig)
                  00043fd8    00000060     mmc-ek-tm4c1294xl.obj (.text:send_initial_clock_train)
                  00044038    0000005c     lwiplib.obj (.text:lwIPEthernetIntHandler)
                  00044094    0000005c     lwiplib.obj (.text:mem_init)
                  000440f0    0000005c     lwiplib.obj (.text:tcp_pcb_remove)
                  0004414c    0000005a     lwiplib.obj (.text:inet_chksum_pbuf)
                  000441a6    0000005a     lwiplib.obj (.text:pbuf_realloc)
                  00044200    00000058     driverlib.lib : emac.obj (.text:EMACPHYConfigSet)
                  00044258    00000058     lwiplib.obj (.text:autoip_start)
                  000442b0    00000058     httpd.obj (.text:http_accept)
                  00044308    00000058     lwiplib.obj (.text:memp_malloc)
                  00044360    00000056     ff.obj (.text:sync_window)
                  000443b6    00000056     lwiplib.obj (.text:tcp_rexmit)
                  0004440c    00000054     locator.obj (.text:LocatorInit)
                  00044460    00000054     lwiplib.obj (.text:autoip_create_addr)
                  000444b4    00000054     lwiplib.obj (.text:netif_add)
                  00044508    00000054     lwiplib.obj (.text:tcp_new_port)
                  0004455c    00000052     lwiplib.obj (.text:tcp_pbuf_prealloc)
                  000445ae    00000052     lwiplib.obj (.text:tivaif_process_transmit)
                  00044600    00000052     mmc-ek-tm4c1294xl.obj (.text:xmit_datablock)
                  00044652    00000002     --HOLE-- [fill = 0]
                  00044654    00000050     driverlib.lib : sysctl.obj (.text:SysCtlPeripheralReset)
                  000446a4    00000050     httpd.obj (.text:http_close_conn)
                  000446f4    00000050     lwiplib.obj (.text:ip_route)
                  00044744    00000050     rtsv7M4_T_le_v4SPD16_eabi.lib : boot.obj (.text)
                  00044794    00000050     mmc-ek-tm4c1294xl.obj (.text:set_max_speed)
                  000447e4    00000050     lwiplib.obj (.text:sys_timeouts_init)
                  00044834    00000050     lwiplib.obj (.text:tcp_write_checks)
                  00044884    0000004e     lwiplib.obj (.text:autoip_start_probing)
                  000448d2    0000004e     lwiplib.obj (.text:pbuf_free)
                  00044920    0000004c     rtsv7M4_T_le_v4SPD16_eabi.lib : cpy_tbl.obj (.text)
                  0004496c    0000004c     httpd.obj (.text:strnstr)
                  000449b8    0000004c     lwiplib.obj (.text:tivaif_interrupt)
                  00044a04    0000004c     lwiplib.obj (.text:udp_connect)
                  00044a50    0000004c     lwiplib.obj (.text:udp_new_port)
                  00044a9c    0000004b     httpd.obj (.text:http_get_404_file)
                  00044ae7    00000001     --HOLE-- [fill = 0]
                  00044ae8    00000048     uartstdio.obj (.text:UARTwrite)
                  00044b30    00000048     driverlib.lib : sysctl.obj (.text:_SysCtlFrequencyGet)
                  00044b78    00000048     ff.obj (.text:dir_find)
                  00044bc0    00000048     lwiplib.obj (.text:etharp_output_to_arp_index)
                  00044c08    00000048     httpd.obj (.text:http_write)
                  00044c50    00000048     lwiplib.obj (.text:ip_output)
                  00044c98    00000048     mmc-ek-tm4c1294xl.obj (.text:rcvr_datablock)
                  00044ce0    00000048     lwiplib.obj (.text:tcp_kill_prio)
                  00044d28    00000048     lwiplib.obj (.text:tcp_rexmit_fast)
                  00044d70    00000046     enet_fs.obj (.text:fs_read)
                  00044db6    00000046     lwiplib.obj (.text:tcp_send_empty_ack)
                  00044dfc    00000046     lwiplib.obj (.text:tcp_send_fin)
                  00044e42    00000002     --HOLE-- [fill = 0]
                  00044e44    00000044     rtsv7M4_T_le_v4SPD16_eabi.lib : exit.obj (.text)
                  00044e88    00000044     lwiplib.obj (.text:tcp_keepalive)
                  00044ecc    00000044     lwiplib.obj (.text:tivaif_check_pbuf)
                  00044f10    00000042     lwiplib.obj (.text:dhcp_network_changed)
                  00044f52    00000042     lwiplib.obj (.text:dhcp_option_long)
                  00044f94    00000042     rtsv7M4_T_le_v4SPD16_eabi.lib : u_divt2.obj (.text)
                  00044fd6    00000042     lwiplib.obj (.text:tcp_pcb_purge)
                  00045018    00000040     lwiplib.obj (.text:etharp_tmr)
                  00045058    0000003e     ff.obj (.text:dir_alloc)
                  00045096    0000003e     lwiplib.obj (.text:netif_set_link_up)
                  000450d4    0000003c     lwiplib.obj (.text:dhcp_coarse_tmr)
                  00045110    0000003a     driverlib.lib : emac.obj (.text:EMACIntEnable)
                  0004514a    00000002     --HOLE-- [fill = 0]
                  0004514c    00000038     enet_lwip.obj (.text:DisplayIPAddress)
                  00045184    00000038     locator.obj (.text:LocatorAppTitleSet)
                  000451bc    00000038     lwiplib.obj (.text:dhcp_fine_tmr)
                  000451f4    00000038     lwiplib.obj (.text:dhcp_handle_nak)
                  0004522c    00000038     lwiplib.obj (.text:dhcp_stop)
                  00045264    00000038     ff.obj (.text:dir_register)
                  0004529c    00000038     httpd.obj (.text:httpd_init_addr)
                  000452d4    00000038     lwiplib.obj (.text:memp_free)
                  0004530c    00000038     lwiplib.obj (.text:tcpip_tcp_timer)
                  00045344    00000038     lwiplib.obj (.text:udp_sendto)
                  0004537c    00000036     ustdlib.obj (.text:ustrncmp)
                  000453b2    00000002     --HOLE-- [fill = 0]
                  000453b4    00000034     driverlib.lib : emac.obj (.text:EMACConfigGet)
                  000453e8    00000034                   : emac.obj (.text:EMACConfigSet)
                  0004541c    00000034                   : emac.obj (.text:EMACIntClear)
                  00045450    00000034                   : sysctl.obj (.text:SysCtlPeripheralReady)
                  00045484    00000034     lwiplib.obj (.text:autoip_arp_probe)
                  000454b8    00000034     httpd.obj (.text:http_poll)
                  000454ec    00000034     rtsv7M4_T_le_v4SPD16_eabi.lib : strstr.obj (.text)
                  00045520    00000034     lwiplib.obj (.text:tcp_kill_timewait)
                  00045554    00000034     lwiplib.obj (.text:tcp_timer_needed)
                  00045588    00000034     lwiplib.obj (.text:tivaif_init)
                  000455bc    00000032     lwiplib.obj (.text:ip4_addr_isbroadcast)
                  000455ee    00000032     mmc-ek-tm4c1294xl.obj (.text:send_cmd12)
                  00045620    00000032     lwiplib.obj (.text:tcp_recved)
                  00045652    00000030     lwiplib.obj (.text:tcp_update_rcv_ann_wnd)
                  00045682    00000002     --HOLE-- [fill = 0]
                  00045684    00000030     lwiplib.obj (.text:udp_remove)
                  000456b4    0000002e     lwiplib.obj (.text:dhcp_option_trailer)
                  000456e2    0000002e     ff.obj (.text:move_window)
                  00045710    0000002e     lwiplib.obj (.text:tcp_rexmit_rto)
                  0004573e    0000002c     driverlib.lib : emac.obj (.text:EMACIntStatus)
                  0004576a    00000002     --HOLE-- [fill = 0]
                  0004576c    0000002c     lwiplib.obj (.text:autoip_arp_announce)
                  00045798    0000002c     lwiplib.obj (.text:dhcp_handle_offer)
                  000457c4    0000002c     lwiplib.obj (.text:etharp_request)
                  000457f0    0000002c     mmc-ek-tm4c1294xl.obj (.text:rcvr_spi)
                  0004581c    0000002a     driverlib.lib : gpio.obj (.text:GPIODirModeSet)
                  00045846    0000002a     lwiplib.obj (.text:autoip_bind)
                  00045870    0000002a     ustdlib.obj (.text:ustrncpy)
                  0004589a    00000002     --HOLE-- [fill = 0]
                  0004589c    00000028     lwiplib.obj (.text:etharp_cleanup_netif)
                  000458c4    00000028     lwiplib.obj (.text:pbuf_cat)
                  000458ec    00000028     ff.obj (.text:validate)
                  00045914    00000026     driverlib.lib : emac.obj (.text:EMACPHYRead)
                  0004593a    00000026                   : emac.obj (.text:EMACPHYWrite)
                  00045960    00000026     lwiplib.obj (.text:dhcp_check)
                  00045986    00000026     httpd.obj (.text:http_state_free)
                  000459ac    00000026     rtsv7M4_T_le_v4SPD16_eabi.lib : strncmp.obj (.text)
                  000459d2    00000026     lwiplib.obj (.text:tcp_recv_null)
                  000459f8    00000024     driverlib.lib : interrupt.obj (.text:IntPrioritySet)
                  00045a1c    00000024     lwiplib.obj (.text:etharp_free_entry)
                  00045a40    00000024     lwiplib.obj (.text:netif_set_up)
                  00045a64    00000024     lwiplib.obj (.text:tcp_seg_copy)
                  00045a88    00000024     mmc-ek-tm4c1294xl.obj (.text:xmit_spi)
                  00045aac    00000022     lwiplib.obj (.text:dhcp_option_short)
                  00045ace    00000022     rtsv7M4_T_le_v4SPD16_eabi.lib : memcmp.obj (.text)
                  00045af0    00000020     locator.obj (.text:LocatorMACAddrSet)
                  00045b10    00000020     lwiplib.obj (.text:autoip_handle_arp_conflict)
                  00045b30    00000020     lwiplib.obj (.text:dhcp_option)
                  00045b50    00000020     lwiplib.obj (.text:etharp_send_ip)
                  00045b70    00000020     lwiplib.obj (.text:lwIPTimer)
                  00045b90    00000020     lwiplib.obj (.text:tcp_eff_send_mss)
                  00045bb0    00000020     lwiplib.obj (.text:tcp_tmr)
                  00045bd0    00000020     ustdlib.obj (.text:usprintf)
                  00045bf0    00000020     mmc-ek-tm4c1294xl.obj (.text:wait_ready)
                  00045c10    0000001e     driverlib.lib : emac.obj (.text:EMACAddrGet)
                  00045c2e    0000001e     ff.obj (.text:ld_clust)
                  00045c4c    0000001e     lwiplib.obj (.text:netif_set_down)
                  00045c6a    00000002     --HOLE-- [fill = 0]
                  00045c6c    0000001c     mmc-ek-tm4c1294xl.obj (.text:DESELECT)
                  00045c88    0000001c     mmc-ek-tm4c1294xl.obj (.text:SELECT)
                  00045ca4    0000001c     driverlib.lib : sysctl.obj (.text:_SysCtlMemTimingGet)
                  00045cc0    0000001c     httpd.obj (.text:http_state_alloc)
                  00045cdc    0000001c     lwiplib.obj (.text:lwIPLocalIPAddrGet)
                  00045cf8    0000001c     ff.obj (.text:mem_cmp)
                  00045d14    0000001c     lwiplib.obj (.text:netif_set_addr)
                  00045d30    0000001c     lwiplib.obj (.text:udp_new)
                  00045d4c    0000001a     uartstdio.obj (.text:UARTprintf)
                  00045d66    0000001a     lwiplib.obj (.text:autoip_network_changed)
                  00045d80    0000001a     lwiplib.obj (.text:dhcp_arp_reply)
                  00045d9a    0000001a     lwiplib.obj (.text:lwip_htonl)
                  00045db4    00000018     driverlib.lib : gpio.obj (.text:GPIOPinTypeGPIOOutput)
                  00045dcc    00000018     lwiplib.obj (.text:arp_timer)
                  00045de4    00000018     lwiplib.obj (.text:autoip_timer)
                  00045dfc    00000018     ff.obj (.text:clust2sect)
                  00045e14    00000018     lwiplib.obj (.text:dhcp_timer_coarse)
                  00045e2c    00000018     lwiplib.obj (.text:dhcp_timer_fine)
                  00045e44    00000018     lwiplib.obj (.text:pbuf_pool_is_empty)
                  00045e5c    00000018     rtsv7M4_T_le_v4SPD16_eabi.lib : args_main.obj (.text)
                  00045e74    00000018                                   : strcmp.obj (.text)
                  00045e8c    00000018     lwiplib.obj (.text:tcp_next_iss)
                  00045ea4    00000018     lwiplib.obj (.text:tcp_seg_free)
                  00045ebc    00000016     driverlib.lib : emac.obj (.text:EMACReset)
                  00045ed2    00000016                   : emac.obj (.text:EMACRxEnable)
                  00045ee8    00000016                   : emac.obj (.text:EMACTxEnable)
                  00045efe    00000016     lwiplib.obj (.text:dhcp_delete_msg)
                  00045f14    00000016     lwiplib.obj (.text:dhcp_t1_timeout)
                  00045f2a    00000016     lwiplib.obj (.text:dhcp_t2_timeout)
                  00045f40    00000016     enet_fs.obj (.text:fs_bytes_left)
                  00045f56    00000016     httpd.obj (.text:http_sent)
                  00045f6c    00000016     ff.obj (.text:mem_cpy)
                  00045f82    00000016     lwiplib.obj (.text:pbuf_ref)
                  00045f98    00000016     rtsv7M4_T_le_v4SPD16_eabi.lib : strchr.obj (.text)
                  00045fae    00000002     --HOLE-- [fill = 0]
                  00045fb0    00000014     driverlib.lib : flash.obj (.text:FlashUserGet)
                  00045fc4    00000014                   : systick.obj (.text:SysTickEnable)
                  00045fd8    00000014                   : systick.obj (.text:SysTickIntEnable)
                  00045fec    00000014     enet_fs.obj (.text:fs_close)
                  00046000    00000014     ff.obj (.text:mem_set)
                  00046014    00000014     rtsv7M4_T_le_v4SPD16_eabi.lib : _lock.obj (.text)
                  00046028    00000014                                   : strlen.obj (.text)
                  0004603c    00000014     lwiplib.obj (.text:sys_arch_unprotect)
                  00046050    00000014     lwiplib.obj (.text:tcp_close)
                  00046064    00000012     driverlib.lib : gpio.obj (.text:GPIOPinTypeEthernetLED)
                  00046076    00000012     ff.obj (.text:chk_chr)
                  00046088    00000012     lwiplib.obj (.text:dhcp_option_byte)
                  0004609a    00000012     lwiplib.obj (.text:netif_set_link_down)
                  000460ac    00000012     lwiplib.obj (.text:pbuf_clen)
                  000460be    00000012     lwiplib.obj (.text:tcp_segs_free)
                  000460d0    00000010     driverlib.lib : emac.obj (.text:EMACFrameFilterSet)
                  000460e0    00000010                   : systick.obj (.text:SysTickPeriodSet)
                  000460f0    00000010     lwiplib.obj (.text:autoip_stop)
                  00046100    00000010     lwiplib.obj (.text:dhcp_set_state)
                  00046110    00000010     mmc-ek-tm4c1294xl.obj (.text:disk_status)
                  00046120    00000010     lwiplib.obj (.text:inet_chksum)
                  00046130    00000010     lwiplib.obj (.text:lwip_init)
                  00046140    00000010     lwiplib.obj (.text:pbuf_chain)
                  00046150    00000010     ff.obj (.text:st_clust)
                  00046160    00000010     lwiplib.obj (.text:sys_arch_protect)
                  00046170    0000000e     rtsv7M4_T_le_v4SPD16_eabi.lib : copy_decompress_none.obj (.text:decompress:none)
                  0004617e    0000000c     driverlib.lib : cpu.obj (.text:CPUcpsie)
                  0004618a    00000002     --HOLE-- [fill = 0]
                  0004618c    0000000c                   : sysctl.obj (.text:SysCtlMOSCConfigSet)
                  00046198    0000000c     lwiplib.obj (.text:autoip_restart)
                  000461a4    0000000c     rtsv7M4_T_le_v4SPD16_eabi.lib : copy_zero_init.obj (.text:decompress:ZI)
                  000461b0    0000000c     httpd.obj (.text:httpd_init)
                  000461bc    0000000c     lwiplib.obj (.text:lwip_htons)
                  000461c8    0000000c     lwiplib.obj (.text:netif_set_default)
                  000461d4    0000000c     lwiplib.obj (.text:netif_set_gw)
                  000461e0    0000000c     lwiplib.obj (.text:netif_set_netmask)
                  000461ec    0000000c     mmc-ek-tm4c1294xl.obj (.text:power_off)
                  000461f8    0000000c     mmc-ek-tm4c1294xl.obj (.text:rcvr_spi_m)
                  00046204    0000000c     lwiplib.obj (.text:sys_now)
                  00046210    0000000a     driverlib.lib : interrupt.obj (.text:IntMasterEnable)
                  0004621a    0000000a     lwiplib.obj (.text:tcp_poll)
                  00046224    00000008     driverlib.lib : emac.obj (.text:EMACTxDMAPollDemand)
                  0004622c    00000008     mmc-ek-tm4c1294xl.obj (.text:get_fattime)
                  00046234    00000008     httpd.obj (.text:http_err)
                  0004623c    00000008     lwiplib.obj (.text:icmp_dest_unreach)
                  00046244    00000006     driverlib.lib : emac.obj (.text:EMACRxDMADescriptorListSet)
                  0004624a    00000006                   : emac.obj (.text:EMACTimestampIntStatus)
                  00046250    00000006                   : emac.obj (.text:EMACTxDMADescriptorListSet)
                  00046256    00000006                   : gpio.obj (.text:GPIOPinRead)
                  0004625c    00000006                   : gpio.obj (.text:GPIOPinWrite)
                  00046262    00000006     startup_ccs.obj (.text:ResetISR)
                  00046268    00000006     driverlib.lib : sysctl.obj (.text:SysCtlDelay)
                  0004626e    00000006     enet_lwip.obj (.text:SysTickIntHandler)
                  00046274    00000006     rtsv7M4_T_le_v4SPD16_eabi.lib : copy_decompress_rle.obj (.text:decompress:rle24)
                  0004627a    00000006     lwiplib.obj (.text:tcp_abort)
                  00046280    00000006     lwiplib.obj (.text:tcp_accept_null)
                  00046286    00000006     lwiplib.obj (.text:tcp_err)
                  0004628c    00000006     lwiplib.obj (.text:tcp_new)
                  00046292    00000006     lwiplib.obj (.text:tcp_recv)
                  00046298    00000006     lwiplib.obj (.text:udp_recv)
                  0004629e    00000004     rtsv7M4_T_le_v4SPD16_eabi.lib : pre_init.obj (.text)
                  000462a2    00000004     lwiplib.obj (.text:tcp_accept)
                  000462a6    00000004     lwiplib.obj (.text:tcp_arg)
                  000462aa    00000004     lwiplib.obj (.text:tcp_sent)
                  000462ae    00000004     lwiplib.obj (.text:tcp_setprio)

.cinit     0    000462b8    00000068     
                  000462b8    0000003e     (.cinit..data.load) [load image, compression = rle]
                  000462f6    00000002     --HOLE-- [fill = 0]
                  000462f8    0000000c     (__TI_handler_table)
                  00046304    00000004     --HOLE-- [fill = 0]
                  00046308    00000008     (.cinit..bss.load) [load image, compression = zero_init]
                  00046310    00000010     (__TI_cinit_table)

.init_array 
*          0    00000000    00000000     UNINITIALIZED

.bss       0    20000000    00017ae5     UNINITIALIZED
                  20000000    0001001c     lwiplib.obj (.bss:ram_heap)
                  2001001c    000072d4     lwiplib.obj (.bss:memp_memory)
                  200172f0    00000360     lwiplib.obj (.bss:g_pTxDescriptors)
                  20017650    00000120     lwiplib.obj (.bss:g_pRxDescriptors)
                  20017770    00000120     lwiplib.obj (.bss:lwip_stats)
                  20017890    000000c8     lwiplib.obj (.bss:arp_table)
                  20017958    00000054     locator.obj (.bss:g_pui8LocatorData)
                  200179ac    00000038     lwiplib.obj (.bss:g_sNetIF)
                  200179e4    00000028     lwiplib.obj (.bss:dhcp_rx_options_val)
                  20017a0c    00000020     (.common:memp_tab)
                  20017a2c    00000010     (.common:inseg)
                  20017a3c    0000000c     (.common:dhcp_rx_options_given)
                  20017a48    00000004     (.common:FatFs)
                  20017a4c    00000004     (.common:ackno)
                  20017a50    00000004     (.common:current_header)
                  20017a54    00000004     (.common:current_iphdr_dest)
                  20017a58    00000004     (.common:current_iphdr_src)
                  20017a5c    00000004     (.common:current_netif)
                  20017a60    00000004     (.common:g_pfnTimerHandler)
                  20017a64    00000004     (.common:g_ui32AbnormalInts)
                  20017a68    00000004     (.common:g_ui32GWAddr)
                  20017a6c    00000004     (.common:g_ui32IPAddr)
                  20017a70    00000004     (.common:g_ui32IPAddress)
                  20017a74    00000004     (.common:g_ui32NetMask)
                  20017a78    00000004     (.common:g_ui32NormalInts)
                  20017a7c    00000004     (.common:g_ui32SysClock)
                  20017a80    00000004     (.common:iphdr)
                  20017a84    00000004     (.common:lfree)
                  20017a88    00000004     (.common:netif_default)
                  20017a8c    00000004     (.common:netif_list)
                  20017a90    00000004     (.common:next_timeout)
                  20017a94    00000004     (.common:ram)
                  20017a98    00000004     (.common:ram_end)
                  20017a9c    00000004     (.common:raw_pcbs)
                  20017aa0    00000004     (.common:recv_data)
                  20017aa4    00000004     (.common:seqno)
                  20017aa8    00000004     (.common:tcp_active_pcbs)
                  20017aac    00000004     (.common:tcp_bound_pcbs)
                  20017ab0    00000004     (.common:tcp_input_pcb)
                  20017ab4    00000004     (.common:tcp_listen_pcbs)
                  20017ab8    00000004     (.common:tcp_ticks)
                  20017abc    00000004     (.common:tcp_tmp_pcb)
                  20017ac0    00000004     (.common:tcp_tw_pcbs)
                  20017ac4    00000004     (.common:tcphdr)
                  20017ac8    00000004     (.common:tcpip_tcp_timer_active)
                  20017acc    00000004     (.common:timeouts_last_time)
                  20017ad0    00000004     (.common:udp_pcbs)
                  20017ad4    00000002     (.common:Fsid)
                  20017ad6    00000002     (.common:ip_id)
                  20017ad8    00000002     (.common:tcplen)
                  20017ada    00000001     (.common:CardType)
                  20017adb    00000001     (.common:Timer1)
                  20017adc    00000001     (.common:Timer2)
                  20017add    00000001     (.common:etharp_cached_entry)
                  20017ade    00000001     (.common:flags)
                  20017adf    00000001     (.common:netif_num)
                  20017ae0    00000001     (.common:pbuf_free_ooseq_pending)
                  20017ae1    00000001     (.common:recv_flags)
                  20017ae2    00000001     (.common:tcp_active_pcbs_changed)
                  20017ae3    00000001     (.common:tcp_timer)
                  20017ae4    00000001     (.common:tcp_timer_ctr)

.TI.noinit 
*          0    20000000    00000000     UNINITIALIZED

.stack     0    20017ae8    00000800     UNINITIALIZED
                  20017ae8    00000800     --HOLE--

.data      0    200182e8    0000007c     UNINITIALIZED
                  200182e8    00000060     lwiplib.obj (.data)
                  20018348    00000008     rtsv7M4_T_le_v4SPD16_eabi.lib : _lock.obj (.data)
                  20018350    00000008                                   : exit.obj (.data)
                  20018358    00000005     uartstdio.obj (.data)
                  2001835d    00000002     mmc-ek-tm4c1294xl.obj (.data)
                  2001835f    00000001     --HOLE--
                  20018360    00000004     rtsv7M4_T_le_v4SPD16_eabi.lib : stkdepth_vars.obj (.data)

.TI.persistent 
*          0    200182e8    00000000     UNINITIALIZED


LINKER GENERATED COPY TABLES

__TI_cinit_table @ 00046310 records: 2, size/record: 8, table size: 16
	.data: load addr=000462b8, load size=0000003e bytes, run addr=200182e8, run size=0000007c bytes, compression=rle
	.bss: load addr=00046308, load size=00000008 bytes, run addr=20000000, run size=00017ae5 bytes, compression=zero_init


LINKER GENERATED HANDLER TABLE

__TI_handler_table @ 000462f8 records: 3, size/record: 4, table size: 12
	index: 0, handler: __TI_decompress_rle24
	index: 1, handler: __TI_decompress_none
	index: 2, handler: __TI_zero_init


GLOBAL SYMBOLS: SORTED ALPHABETICALLY BY Name 

address   name                        
-------   ----                        
00044e45  C$$EXIT                     
0004617f  CPUcpsie                    
0004514d  DisplayIPAddress            
00045c11  EMACAddrGet                 
000453b5  EMACConfigGet               
000453e9  EMACConfigSet               
000460d1  EMACFrameFilterSet          
0004541d  EMACIntClear                
00045111  EMACIntEnable               
0004573f  EMACIntStatus               
00044201  EMACPHYConfigSet            
00045915  EMACPHYRead                 
0004593b  EMACPHYWrite                
00045ebd  EMACReset                   
00046245  EMACRxDMADescriptorListSet  
00045ed3  EMACRxEnable                
0004624b  EMACTimestampIntStatus      
00046251  EMACTxDMADescriptorListSet  
00046225  EMACTxDMAPollDemand         
00045ee9  EMACTxEnable                
00045fb1  FlashUserGet                
0004581d  GPIODirModeSet              
0004082f  GPIOPadConfigSet            
00046257  GPIOPinRead                 
00046065  GPIOPinTypeEthernetLED      
00045db5  GPIOPinTypeGPIOOutput       
0004625d  GPIOPinWrite                
00041ead  InitDMADescriptors          
00043f19  IntEnable                   
00046211  IntMasterEnable             
000459f9  IntPrioritySet              
00045185  LocatorAppTitleSet          
0004440d  LocatorInit                 
00045af1  LocatorMACAddrSet           
0003ef8d  PinoutSet                   
00046263  ResetISR                    
UNDEFED   SHT$$INIT_ARRAY$$Base       
UNDEFED   SHT$$INIT_ARRAY$$Limit      
0003f1a1  SysCtlClockFreqSet          
00046269  SysCtlDelay                 
0004618d  SysCtlMOSCConfigSet         
00045451  SysCtlPeripheralReady       
00044655  SysCtlPeripheralReset       
00045fc5  SysTickEnable               
00045fd9  SysTickIntEnable            
0004626f  SysTickIntHandler           
000460e1  SysTickPeriodSet            
00043f79  UARTStdioConfig             
00045d4d  UARTprintf                  
0003f39d  UARTvprintf                 
00044ae9  UARTwrite                   
200182e8  __STACK_END                 
00000800  __STACK_SIZE                
200182e8  __STACK_TOP                 
00046310  __TI_CINIT_Base             
00046320  __TI_CINIT_Limit            
000462f8  __TI_Handler_Table_Base     
00046304  __TI_Handler_Table_Limit    
00043775  __TI_auto_init              
20018350  __TI_cleanup_ptr            
00046171  __TI_decompress_none        
00046275  __TI_decompress_rle24       
20018354  __TI_dtors_ptr              
00000000  __TI_static_base__          
000461a5  __TI_zero_init              
000433dd  __aeabi_memclr              
000433dd  __aeabi_memclr4             
000433dd  __aeabi_memclr8             
000427ab  __aeabi_memcpy              
000427ab  __aeabi_memcpy4             
000427ab  __aeabi_memcpy8             
000433df  __aeabi_memset              
000433df  __aeabi_memset4             
000433df  __aeabi_memset8             
00044f95  __aeabi_uidiv               
00044f95  __aeabi_uidivmod            
ffffffff  __binit__                   
ffffffff  __c_args__                  
20017ae8  __stack                     
00045e5d  _args_main                  
00044745  _c_int00                    
20018348  _lock                       
00046023  _nop                        
0004601b  _register_lock              
00046015  _register_unlock            
0004629f  _system_pre_init            
2001834c  _unlock                     
00044e49  abort                       
00042e71  autoip_arp_reply            
00045d67  autoip_network_changed      
00044259  autoip_start                
000460f1  autoip_stop                 
00041915  autoip_tmr                  
ffffffff  binit                       
00045dfd  clust2sect                  
00044921  copy_in                     
20017a50  current_header              
20017a54  current_iphdr_dest          
20017a58  current_iphdr_src           
20017a5c  current_netif               
00045d81  dhcp_arp_reply              
000450d5  dhcp_coarse_tmr             
000451bd  dhcp_fine_tmr               
00044f11  dhcp_network_changed        
00042521  dhcp_release                
00042f75  dhcp_renew                  
20017a3c  dhcp_rx_options_given       
200179e4  dhcp_rx_options_val         
000423d1  dhcp_start                  
0004522d  dhcp_stop                   
00040479  disk_initialize             
00042aa9  disk_read                   
00046111  disk_status                 
000420ed  disk_write                  
0004589d  etharp_cleanup_netif        
00040ba9  etharp_output               
00040cc5  etharp_query                
00041839  etharp_raw                  
000457c5  etharp_request              
00045019  etharp_tmr                  
0003d2a4  ethbroadcast                
000425c5  ethernet_input              
0003d2aa  ethzero                     
00044e51  exit                        
00040335  f_open                      
0003ff3d  f_read                      
0003ce88  file_404_htm                
0003ce74  file_about_htm              
0003ce60  file_block_htm              
0003ce4c  file_block_jpg              
0003ce38  file_ek_tm4c1294xl_jpg      
0003ce24  file_favicon_ico            
0003ce10  file_index_htm              
0003cdfc  file_javascript_js          
0003cde8  file_overview_htm           
0003cdd4  file_styles_css             
0003cdc0  file_ti_jpg                 
0003cdac  file_tm4c_jpg               
00045f41  fs_bytes_left               
00045fed  fs_close                    
00042bc9  fs_open                     
00044d71  fs_read                     
200182fc  g_RxDescList                
200182ec  g_TxDescList                
20017650  g_pRxDescriptors            
200172f0  g_pTxDescriptors            
20017a60  g_pfnTimerHandler           
00000000  g_pfnVectors                
0003d2e0  g_psDefaultFilenames        
20017a64  g_ui32AbnormalInts          
20017a70  g_ui32IPAddress             
20018318  g_ui32LocalTimer            
20017a78  g_ui32NormalInts            
20017a7c  g_ui32SysClock              
00041c51  get_fat                     
0004622d  get_fattime                 
000461b1  httpd_init                  
0004623d  icmp_dest_unreach           
0003fc59  icmp_input                  
00046121  inet_chksum                 
0004414d  inet_chksum_pbuf            
000455bd  ip4_addr_isbroadcast        
0003d29c  ip_addr_any                 
0003d2a0  ip_addr_broadcast           
0003f589  ip_input                    
00044c51  ip_output                   
00042669  ip_output_if                
000446f5  ip_route                    
00044039  lwIPEthernetIntHandler      
000411dd  lwIPHostTimerHandler        
000413c1  lwIPInit                    
00045cdd  lwIPLocalIPAddrGet          
00045b71  lwIPTimer                   
00045d9b  lwip_htonl                  
000461bd  lwip_htons                  
00046131  lwip_init                   
00045d9b  lwip_ntohl                  
000461bd  lwip_ntohs                  
20017770  lwip_stats                  
0003fddd  main                        
20018360  main_func_sp                
00043d8d  mem_free                    
00044095  mem_init                    
000410e5  mem_malloc                  
000414ad  mem_trim                    
00045acf  memcmp                      
000427ab  memcpy                      
000452d5  memp_free                   
00043709  memp_init                   
00044309  memp_malloc                 
000433e5  memset                      
000444b5  netif_add                   
20017a88  netif_default               
20017a8c  netif_list                  
00045d15  netif_set_addr              
000461c9  netif_set_default           
00045c4d  netif_set_down              
000461d5  netif_set_gw                
00043985  netif_set_ipaddr            
0004609b  netif_set_link_down         
00045097  netif_set_link_up           
000461e1  netif_set_netmask           
00045a41  netif_set_up                
000406f9  pbuf_alloc                  
000458c5  pbuf_cat                    
00046141  pbuf_chain                  
000460ad  pbuf_clen                   
00042a15  pbuf_copy                   
000439ed  pbuf_copy_partial           
000448d3  pbuf_free                   
20017ae0  pbuf_free_ooseq_pending     
00043e55  pbuf_header                 
000441a7  pbuf_realloc                
00045f83  pbuf_ref                    
00041595  put_fat                     
20000000  ram_heap                    
000435b9  raw_input                   
00045f99  strchr                      
00045e75  strcmp                      
00046029  strlen                      
000459ad  strncmp                     
000454ed  strstr                      
00046161  sys_arch_protect            
0004603d  sys_arch_unprotect          
00046205  sys_now                     
00043a55  sys_timeout                 
000447e5  sys_timeouts_init           
00042b39  tcp_abandon                 
0004627b  tcp_abort                   
000462a3  tcp_accept                  
20017aa8  tcp_active_pcbs             
20017ae2  tcp_active_pcbs_changed     
000419e9  tcp_alloc                   
000462a7  tcp_arg                     
0003d014  tcp_backoff                 
00043269  tcp_bind                    
20017aac  tcp_bound_pcbs              
00046051  tcp_close                   
00045b91  tcp_eff_send_mss            
00042479  tcp_enqueue_flags           
00046287  tcp_err                     
0004362d  tcp_fasttmr                 
0003dafd  tcp_input                   
20017ab0  tcp_input_pcb               
00044e89  tcp_keepalive               
20017ab4  tcp_listen_pcbs             
00042849  tcp_listen_with_backlog     
0004628d  tcp_new                     
00045e8d  tcp_next_iss                
0003fac9  tcp_output                  
0003d28c  tcp_pcb_lists               
00044fd7  tcp_pcb_purge               
000440f1  tcp_pcb_remove              
0003d021  tcp_persist_backoff         
0004621b  tcp_poll                    
00043b25  tcp_process_refused_data    
00046293  tcp_recv                    
000459d3  tcp_recv_null               
00045621  tcp_recved                  
000443b7  tcp_rexmit                  
00044d29  tcp_rexmit_fast             
00045711  tcp_rexmit_rto              
000432e5  tcp_rst                     
00045a65  tcp_seg_copy                
00045ea5  tcp_seg_free                
000460bf  tcp_segs_free               
00044db7  tcp_send_empty_ack          
00044dfd  tcp_send_fin                
000462ab  tcp_sent                    
000462af  tcp_setprio                 
0003e84d  tcp_slowtmr                 
20017ab8  tcp_ticks                   
00045555  tcp_timer_needed            
20017abc  tcp_tmp_pcb                 
00045bb1  tcp_tmr                     
20017ac0  tcp_tw_pcbs                 
00045653  tcp_update_rcv_ann_wnd      
0003e561  tcp_write                   
00042c55  tcp_zero_window_probe       
00045589  tivaif_init                 
000449b9  tivaif_interrupt            
00043361  tivaif_process_phy_interrupt
00043b8d  udp_bind                    
00044a05  udp_connect                 
0003f765  udp_input                   
00045d31  udp_new                     
20017ad0  udp_pcbs                    
00046299  udp_recv                    
00045685  udp_remove                  
00045345  udp_sendto                  
00041de5  udp_sendto_if               
00045bd1  usprintf                    
0004537d  ustrncmp                    
00045871  ustrncpy                    
0003eb15  uvsnprintf                  


GLOBAL SYMBOLS: SORTED BY Symbol Address 

address   name                        
-------   ----                        
00000000  __TI_static_base__          
00000000  g_pfnVectors                
00000800  __STACK_SIZE                
0003cdac  file_tm4c_jpg               
0003cdc0  file_ti_jpg                 
0003cdd4  file_styles_css             
0003cde8  file_overview_htm           
0003cdfc  file_javascript_js          
0003ce10  file_index_htm              
0003ce24  file_favicon_ico            
0003ce38  file_ek_tm4c1294xl_jpg      
0003ce4c  file_block_jpg              
0003ce60  file_block_htm              
0003ce74  file_about_htm              
0003ce88  file_404_htm                
0003d014  tcp_backoff                 
0003d021  tcp_persist_backoff         
0003d28c  tcp_pcb_lists               
0003d29c  ip_addr_any                 
0003d2a0  ip_addr_broadcast           
0003d2a4  ethbroadcast                
0003d2aa  ethzero                     
0003d2e0  g_psDefaultFilenames        
0003dafd  tcp_input                   
0003e561  tcp_write                   
0003e84d  tcp_slowtmr                 
0003eb15  uvsnprintf                  
0003ef8d  PinoutSet                   
0003f1a1  SysCtlClockFreqSet          
0003f39d  UARTvprintf                 
0003f589  ip_input                    
0003f765  udp_input                   
0003fac9  tcp_output                  
0003fc59  icmp_input                  
0003fddd  main                        
0003ff3d  f_read                      
00040335  f_open                      
00040479  disk_initialize             
000406f9  pbuf_alloc                  
0004082f  GPIOPadConfigSet            
00040ba9  etharp_output               
00040cc5  etharp_query                
000410e5  mem_malloc                  
000411dd  lwIPHostTimerHandler        
000413c1  lwIPInit                    
000414ad  mem_trim                    
00041595  put_fat                     
00041839  etharp_raw                  
00041915  autoip_tmr                  
000419e9  tcp_alloc                   
00041c51  get_fat                     
00041de5  udp_sendto_if               
00041ead  InitDMADescriptors          
000420ed  disk_write                  
000423d1  dhcp_start                  
00042479  tcp_enqueue_flags           
00042521  dhcp_release                
000425c5  ethernet_input              
00042669  ip_output_if                
000427ab  __aeabi_memcpy              
000427ab  __aeabi_memcpy4             
000427ab  __aeabi_memcpy8             
000427ab  memcpy                      
00042849  tcp_listen_with_backlog     
00042a15  pbuf_copy                   
00042aa9  disk_read                   
00042b39  tcp_abandon                 
00042bc9  fs_open                     
00042c55  tcp_zero_window_probe       
00042e71  autoip_arp_reply            
00042f75  dhcp_renew                  
00043269  tcp_bind                    
000432e5  tcp_rst                     
00043361  tivaif_process_phy_interrupt
000433dd  __aeabi_memclr              
000433dd  __aeabi_memclr4             
000433dd  __aeabi_memclr8             
000433df  __aeabi_memset              
000433df  __aeabi_memset4             
000433df  __aeabi_memset8             
000433e5  memset                      
000435b9  raw_input                   
0004362d  tcp_fasttmr                 
00043709  memp_init                   
00043775  __TI_auto_init              
00043985  netif_set_ipaddr            
000439ed  pbuf_copy_partial           
00043a55  sys_timeout                 
00043b25  tcp_process_refused_data    
00043b8d  udp_bind                    
00043d8d  mem_free                    
00043e55  pbuf_header                 
00043f19  IntEnable                   
00043f79  UARTStdioConfig             
00044039  lwIPEthernetIntHandler      
00044095  mem_init                    
000440f1  tcp_pcb_remove              
0004414d  inet_chksum_pbuf            
000441a7  pbuf_realloc                
00044201  EMACPHYConfigSet            
00044259  autoip_start                
00044309  memp_malloc                 
000443b7  tcp_rexmit                  
0004440d  LocatorInit                 
000444b5  netif_add                   
00044655  SysCtlPeripheralReset       
000446f5  ip_route                    
00044745  _c_int00                    
000447e5  sys_timeouts_init           
000448d3  pbuf_free                   
00044921  copy_in                     
000449b9  tivaif_interrupt            
00044a05  udp_connect                 
00044ae9  UARTwrite                   
00044c51  ip_output                   
00044d29  tcp_rexmit_fast             
00044d71  fs_read                     
00044db7  tcp_send_empty_ack          
00044dfd  tcp_send_fin                
00044e45  C$$EXIT                     
00044e49  abort                       
00044e51  exit                        
00044e89  tcp_keepalive               
00044f11  dhcp_network_changed        
00044f95  __aeabi_uidiv               
00044f95  __aeabi_uidivmod            
00044fd7  tcp_pcb_purge               
00045019  etharp_tmr                  
00045097  netif_set_link_up           
000450d5  dhcp_coarse_tmr             
00045111  EMACIntEnable               
0004514d  DisplayIPAddress            
00045185  LocatorAppTitleSet          
000451bd  dhcp_fine_tmr               
0004522d  dhcp_stop                   
000452d5  memp_free                   
00045345  udp_sendto                  
0004537d  ustrncmp                    
000453b5  EMACConfigGet               
000453e9  EMACConfigSet               
0004541d  EMACIntClear                
00045451  SysCtlPeripheralReady       
000454ed  strstr                      
00045555  tcp_timer_needed            
00045589  tivaif_init                 
000455bd  ip4_addr_isbroadcast        
00045621  tcp_recved                  
00045653  tcp_update_rcv_ann_wnd      
00045685  udp_remove                  
00045711  tcp_rexmit_rto              
0004573f  EMACIntStatus               
000457c5  etharp_request              
0004581d  GPIODirModeSet              
00045871  ustrncpy                    
0004589d  etharp_cleanup_netif        
000458c5  pbuf_cat                    
00045915  EMACPHYRead                 
0004593b  EMACPHYWrite                
000459ad  strncmp                     
000459d3  tcp_recv_null               
000459f9  IntPrioritySet              
00045a41  netif_set_up                
00045a65  tcp_seg_copy                
00045acf  memcmp                      
00045af1  LocatorMACAddrSet           
00045b71  lwIPTimer                   
00045b91  tcp_eff_send_mss            
00045bb1  tcp_tmr                     
00045bd1  usprintf                    
00045c11  EMACAddrGet                 
00045c4d  netif_set_down              
00045cdd  lwIPLocalIPAddrGet          
00045d15  netif_set_addr              
00045d31  udp_new                     
00045d4d  UARTprintf                  
00045d67  autoip_network_changed      
00045d81  dhcp_arp_reply              
00045d9b  lwip_htonl                  
00045d9b  lwip_ntohl                  
00045db5  GPIOPinTypeGPIOOutput       
00045dfd  clust2sect                  
00045e5d  _args_main                  
00045e75  strcmp                      
00045e8d  tcp_next_iss                
00045ea5  tcp_seg_free                
00045ebd  EMACReset                   
00045ed3  EMACRxEnable                
00045ee9  EMACTxEnable                
00045f41  fs_bytes_left               
00045f83  pbuf_ref                    
00045f99  strchr                      
00045fb1  FlashUserGet                
00045fc5  SysTickEnable               
00045fd9  SysTickIntEnable            
00045fed  fs_close                    
00046015  _register_unlock            
0004601b  _register_lock              
00046023  _nop                        
00046029  strlen                      
0004603d  sys_arch_unprotect          
00046051  tcp_close                   
00046065  GPIOPinTypeEthernetLED      
0004609b  netif_set_link_down         
000460ad  pbuf_clen                   
000460bf  tcp_segs_free               
000460d1  EMACFrameFilterSet          
000460e1  SysTickPeriodSet            
000460f1  autoip_stop                 
00046111  disk_status                 
00046121  inet_chksum                 
00046131  lwip_init                   
00046141  pbuf_chain                  
00046161  sys_arch_protect            
00046171  __TI_decompress_none        
0004617f  CPUcpsie                    
0004618d  SysCtlMOSCConfigSet         
000461a5  __TI_zero_init              
000461b1  httpd_init                  
000461bd  lwip_htons                  
000461bd  lwip_ntohs                  
000461c9  netif_set_default           
000461d5  netif_set_gw                
000461e1  netif_set_netmask           
00046205  sys_now                     
00046211  IntMasterEnable             
0004621b  tcp_poll                    
00046225  EMACTxDMAPollDemand         
0004622d  get_fattime                 
0004623d  icmp_dest_unreach           
00046245  EMACRxDMADescriptorListSet  
0004624b  EMACTimestampIntStatus      
00046251  EMACTxDMADescriptorListSet  
00046257  GPIOPinRead                 
0004625d  GPIOPinWrite                
00046263  ResetISR                    
00046269  SysCtlDelay                 
0004626f  SysTickIntHandler           
00046275  __TI_decompress_rle24       
0004627b  tcp_abort                   
00046287  tcp_err                     
0004628d  tcp_new                     
00046293  tcp_recv                    
00046299  udp_recv                    
0004629f  _system_pre_init            
000462a3  tcp_accept                  
000462a7  tcp_arg                     
000462ab  tcp_sent                    
000462af  tcp_setprio                 
000462f8  __TI_Handler_Table_Base     
00046304  __TI_Handler_Table_Limit    
00046310  __TI_CINIT_Base             
00046320  __TI_CINIT_Limit            
20000000  ram_heap                    
200172f0  g_pTxDescriptors            
20017650  g_pRxDescriptors            
20017770  lwip_stats                  
200179e4  dhcp_rx_options_val         
20017a3c  dhcp_rx_options_given       
20017a50  current_header              
20017a54  current_iphdr_dest          
20017a58  current_iphdr_src           
20017a5c  current_netif               
20017a60  g_pfnTimerHandler           
20017a64  g_ui32AbnormalInts          
20017a70  g_ui32IPAddress             
20017a78  g_ui32NormalInts            
20017a7c  g_ui32SysClock              
20017a88  netif_default               
20017a8c  netif_list                  
20017aa8  tcp_active_pcbs             
20017aac  tcp_bound_pcbs              
20017ab0  tcp_input_pcb               
20017ab4  tcp_listen_pcbs             
20017ab8  tcp_ticks                   
20017abc  tcp_tmp_pcb                 
20017ac0  tcp_tw_pcbs                 
20017ad0  udp_pcbs                    
20017ae0  pbuf_free_ooseq_pending     
20017ae2  tcp_active_pcbs_changed     
20017ae8  __stack                     
200182e8  __STACK_END                 
200182e8  __STACK_TOP                 
200182ec  g_TxDescList                
200182fc  g_RxDescList                
20018318  g_ui32LocalTimer            
20018348  _lock                       
2001834c  _unlock                     
20018350  __TI_cleanup_ptr            
20018354  __TI_dtors_ptr              
20018360  main_func_sp                
ffffffff  __binit__                   
ffffffff  __c_args__                  
ffffffff  binit                       
UNDEFED   SHT$$INIT_ARRAY$$Base       
UNDEFED   SHT$$INIT_ARRAY$$Limit      

[295 symbols]
